Archive member included to satisfy reference by file (symbol)

/opt/devkitpro/libnx/lib/libnx.a(applet.o)
                              main.o (appletMainLoop)
/opt/devkitpro/libnx/lib/libnx.a(hid.o)
                              main.o (hidKeysDown)
/opt/devkitpro/libnx/lib/libnx.a(apm.o)
                              /opt/devkitpro/libnx/lib/libnx.a(applet.o) (apmExit)
/opt/devkitpro/libnx/lib/libnx.a(sm.o)
                              /opt/devkitpro/libnx/lib/libnx.a(applet.o) (smGetService)
/opt/devkitpro/libnx/lib/libnx.a(fatal.o)
                              /opt/devkitpro/libnx/lib/libnx.a(applet.o) (fatalSimple)
/opt/devkitpro/libnx/lib/libnx.a(env.o)
                              /opt/devkitpro/libnx/lib/libnx.a(applet.o) (envIsNso)
/opt/devkitpro/libnx/lib/libnx.a(console.o)
                              main.o (consoleInit)
/opt/devkitpro/libnx/lib/libnx.a(console_sw.o)
                              /opt/devkitpro/libnx/lib/libnx.a(console.o) (getDefaultConsoleRenderer)
/opt/devkitpro/libnx/lib/libnx.a(svc.o)
                              /opt/devkitpro/libnx/lib/libnx.a(applet.o) (svcExitProcess)
/opt/devkitpro/libnx/lib/libnx.a(switch_crt0.o)
                              (_start)
/opt/devkitpro/libnx/lib/libnx.a(default_font.bin.o)
                              /opt/devkitpro/libnx/lib/libnx.a(console.o) (default_font_bin)
/opt/devkitpro/libnx/lib/libnx.a(detect.o)
                              /opt/devkitpro/libnx/lib/libnx.a(applet.o) (kernelAbove200)
/opt/devkitpro/libnx/lib/libnx.a(tmem.o)
                              /opt/devkitpro/libnx/lib/libnx.a(applet.o) (tmemCreate)
/opt/devkitpro/libnx/lib/libnx.a(wait.o)
                              /opt/devkitpro/libnx/lib/libnx.a(applet.o) (waitObjects)
/opt/devkitpro/libnx/lib/libnx.a(rwlock.o)
                              /opt/devkitpro/libnx/lib/libnx.a(hid.o) (rwlockReadLock)
/opt/devkitpro/libnx/lib/libnx.a(mutex.o)
                              /opt/devkitpro/libnx/lib/libnx.a(detect.o) (mutexLock)
/opt/devkitpro/libnx/lib/libnx.a(shmem.o)
                              /opt/devkitpro/libnx/lib/libnx.a(hid.o) (shmemLoadRemote)
/opt/devkitpro/libnx/lib/libnx.a(virtmem.o)
                              /opt/devkitpro/libnx/lib/libnx.a(tmem.o) (virtmemReserve)
/opt/devkitpro/libnx/lib/libnx.a(event.o)
                              /opt/devkitpro/libnx/lib/libnx.a(applet.o) (eventLoadRemote)
/opt/devkitpro/libnx/lib/libnx.a(default_window.o)
                              /opt/devkitpro/libnx/lib/libnx.a(console_sw.o) (nwindowGetDefault)
/opt/devkitpro/libnx/lib/libnx.a(framebuffer.o)
                              /opt/devkitpro/libnx/lib/libnx.a(console_sw.o) (framebufferMakeLinear)
/opt/devkitpro/libnx/lib/libnx.a(native_window.o)
                              /opt/devkitpro/libnx/lib/libnx.a(framebuffer.o) (nwindowIsValid)
/opt/devkitpro/libnx/lib/libnx.a(dynamic.o)
                              /opt/devkitpro/libnx/lib/libnx.a(switch_crt0.o) (__nx_dynamic)
/opt/devkitpro/libnx/lib/libnx.a(init.o)
                              /opt/devkitpro/libnx/lib/libnx.a(switch_crt0.o) (__libnx_init)
/opt/devkitpro/libnx/lib/libnx.a(newlib.o)
                              /opt/devkitpro/libnx/lib/libnx.a(init.o) (__libnx_init_time)
/opt/devkitpro/libnx/lib/libnx.a(argv.o)
                              /opt/devkitpro/libnx/lib/libnx.a(init.o) (argvSetup)
/opt/devkitpro/libnx/lib/libnx.a(fs_dev.o)
                              /opt/devkitpro/libnx/lib/libnx.a(init.o) (fsdevMountSdmc)
/opt/devkitpro/libnx/lib/libnx.a(decode_utf8.o)
                              /opt/devkitpro/libnx/lib/libnx.a(fs_dev.o) (decode_utf8)
/opt/devkitpro/libnx/lib/libnx.a(cache.o)
                              /opt/devkitpro/libnx/lib/libnx.a(framebuffer.o) (armDCacheFlush)
/opt/devkitpro/libnx/lib/libnx.a(exception.o)
                              /opt/devkitpro/libnx/lib/libnx.a(switch_crt0.o) (__libnx_exception_entry)
/opt/devkitpro/libnx/lib/libnx.a(readtp.o)
                              /opt/devkitpro/libnx/lib/libnx.a(fs_dev.o) (__aarch64_read_tp)
/opt/devkitpro/libnx/lib/libnx.a(time.o)
                              /opt/devkitpro/libnx/lib/libnx.a(init.o) (timeExit)
/opt/devkitpro/libnx/lib/libnx.a(vi.o)
                              /opt/devkitpro/libnx/lib/libnx.a(default_window.o) (viExit)
/opt/devkitpro/libnx/lib/libnx.a(fs.o)
                              /opt/devkitpro/libnx/lib/libnx.a(init.o) (fsInitialize)
/opt/devkitpro/libnx/lib/libnx.a(nv.o)
                              /opt/devkitpro/libnx/lib/libnx.a(framebuffer.o) (nvExit)
/opt/devkitpro/libnx/lib/libnx.a(fence.o)
                              /opt/devkitpro/libnx/lib/libnx.a(framebuffer.o) (nvFenceInit)
/opt/devkitpro/libnx/lib/libnx.a(map.o)
                              /opt/devkitpro/libnx/lib/libnx.a(framebuffer.o) (nvMapInit)
/opt/devkitpro/libnx/lib/libnx.a(nvhost-ctrl.o)
                              /opt/devkitpro/libnx/lib/libnx.a(fence.o) (nvioctlNvhostCtrl_EventSignal)
[...]
Memory Configuration

Name             Origin             Length             Attributes
*default*        0x0000000000000000 0xffffffffffffffff

Linker script and memory map

                0x0000000000000000                PROVIDE (__start__ = 0x0)
                0x0000000000000000                . = __start__

.crt0           0x0000000000000000      0x150
 *(.crt0)
 .crt0          0x0000000000000000      0x14c /opt/devkitpro/libnx/lib/libnx.a(switch_crt0.o)
                0x0000000000000000                _start
                0x0000000000000120                __nx_exit
                0x0000000000000130                __nx_mod0
                0x0000000000000150                . = ALIGN (0x8)
 *fill*         0x000000000000014c        0x4 

.init           0x0000000000000150       0x38
 *(.init)
 .init          0x0000000000000150       0x18 /opt/devkitpro/devkitA64/lib/gcc/aarch64-none-elf/8.2.0/pic/crti.o
                0x0000000000000150                _init
 .init          0x0000000000000168       0x1c /opt/devkitpro/devkitA64/lib/gcc/aarch64-none-elf/8.2.0/pic/crtn.o
                0x0000000000000188                . = ALIGN (0x8)
 *fill*         0x0000000000000184        0x4 

.plt            0x0000000000000188        0x0
 *(.plt)
 .plt           0x0000000000000188        0x0 /opt/devkitpro/devkitA64/lib/gcc/aarch64-none-elf/8.2.0/pic/crti.o
 *(.iplt)
                0x0000000000000188                . = ALIGN (0x8)

.text           0x00000000000001c0    0x22488
 *(.text.unlikely .text.*_unlikely .text.unlikely.*)
 *(.text.exit .text.exit.*)
 .text.exit     0x00000000000001c0       0x38 /opt/devkitpro/devkitA64/lib/gcc/aarch64-none-elf/8.2.0/../../../../aarch64-none-elf/lib/pic/libg.a(lib_a-exit.o)
                0x00000000000001c0                exit
 *(.text.startup .text.startup.*)
 *fill*         0x00000000000001f8        0x8 
 .text.startup.main
                0x0000000000000200       0x58 main.o
                0x0000000000000200                main
 *(.text.hot .text.hot.*)
 *(.text .stub .text.* .gnu.linkonce.t.*)
 .text.deregister_tm_clones
                0x0000000000000258       0x2c /opt/devkitpro/devkitA64/lib/gcc/aarch64-none-elf/8.2.0/pic/crtbegin.o
 *fill*         0x0000000000000284        0x4 
 .text.register_tm_clones
                0x0000000000000288       0x38 /opt/devkitpro/devkitA64/lib/gcc/aarch64-none-elf/8.2.0/pic/crtbegin.o
 .text.__do_global_dtors_aux
                0x00000000000002c0       0x48 /opt/devkitpro/devkitA64/lib/gcc/aarch64-none-elf/8.2.0/pic/crtbegin.o
 .text.frame_dummy
                0x0000000000000308       0x34 /opt/devkitpro/devkitA64/lib/gcc/aarch64-none-elf/8.2.0/pic/crtbegin.o
 *fill*         0x000000000000033c        0x4 
 .text.ipcParse
                0x0000000000000340      0x22c /opt/devkitpro/libnx/lib/libnx.a(applet.o)
 *fill*         0x000000000000056c        0x4 
 .text.ipcCloseObjectById
                0x0000000000000570       0x34 /opt/devkitpro/libnx/lib/libnx.a(applet.o)
 *fill*         0x00000000000005a4        0xc 
 .text._appletGetSession
                0x00000000000005b0      0x1d8 /opt/devkitpro/libnx/lib/libnx.a(applet.o)
 *fill*         0x0000000000000788        0x8 
 .text._appletReceiveMessage
                0x0000000000000790      0x19c /opt/devkitpro/libnx/lib/libnx.a(applet.o)
 *fill*         0x000000000000092c        0x4 
 .text._appletGetPerformanceMode.constprop.35
                0x0000000000000930      0x18c /opt/devkitpro/libnx/lib/libnx.a(applet.o)
 *fill*         0x0000000000000abc        0x4 
 .text._appletSetOperationModeChangedNotification.constprop.37
                0x0000000000000ac0      0x164 /opt/devkitpro/libnx/lib/libnx.a(applet.o)
 *fill*         0x0000000000000c24        0xc 
 .text._appletSetPerformanceModeChangedNotification.constprop.38
                0x0000000000000c30      0x164 /opt/devkitpro/libnx/lib/libnx.a(applet.o)
 *fill*         0x0000000000000d94        0xc 
 .text._appletSetOutOfFocusSuspendingEnabled
                0x0000000000000da0      0x16c /opt/devkitpro/libnx/lib/libnx.a(applet.o)
 *fill*         0x0000000000000f0c        0x4 
 .text._appletGetHandle.constprop.33
                0x0000000000000f10      0x178 /opt/devkitpro/libnx/lib/libnx.a(applet.o)
 *fill*         0x0000000000001088        0x8 
 .text._appletGetEvent.constprop.32
                0x0000000000001090       0x54 /opt/devkitpro/libnx/lib/libnx.a(applet.o)
 *fill*         0x00000000000010e4        0xc 
 .text._appletSetFocusHandlingMode
                0x00000000000010f0      0x17c /opt/devkitpro/libnx/lib/libnx.a(applet.o)
 *fill*         0x000000000000126c        0x4 
 .text._appletGetSessionProxy.constprop.31
                0x0000000000001270      0x1f0 /opt/devkitpro/libnx/lib/libnx.a(applet.o)
 .text.ipcConvertSessionToDomain
                0x0000000000001460       0xc4 /opt/devkitpro/libnx/lib/libnx.a(applet.o)
 *fill*         0x0000000000001524        0xc 
 .text.ipcCloneSession.constprop.42
                0x0000000000001530      0x10c /opt/devkitpro/libnx/lib/libnx.a(applet.o)
 *fill*         0x000000000000163c        0x4 
 .text._appletCmdNoIO
                0x0000000000001640      0x384 /opt/devkitpro/libnx/lib/libnx.a(applet.o)
 *fill*         0x00000000000019c4        0xc 
 .text._appletCmdNoInOut64
                0x00000000000019d0      0x394 /opt/devkitpro/libnx/lib/libnx.a(applet.o)
 *fill*         0x0000000000001d64        0xc 
 .text._appletGetCurrentFocusState.constprop.36
                0x0000000000001d70      0x3ac /opt/devkitpro/libnx/lib/libnx.a(applet.o)
 *fill*         0x000000000000211c        0x4 
 .text._appletGetOperationMode.constprop.34
                0x0000000000002120      0x3ac /opt/devkitpro/libnx/lib/libnx.a(applet.o)
 *fill*         0x00000000000024cc        0x4 
 .text.appletGetAppletType
                0x00000000000024d0       0x10 /opt/devkitpro/libnx/lib/libnx.a(applet.o)
                0x00000000000024d0                appletGetAppletType
 .text.appletSetFocusHandlingMode
                0x00000000000024e0       0xec /opt/devkitpro/libnx/lib/libnx.a(applet.o)
                0x00000000000024e0                appletSetFocusHandlingMode
 *fill*         0x00000000000025cc        0x4 
 .text.appletGetAppletResourceUserId
                0x00000000000025d0       0x28 /opt/devkitpro/libnx/lib/libnx.a(applet.o)
                0x00000000000025d0                appletGetAppletResourceUserId
 *fill*         0x00000000000025f8        0x8 
 .text.appletNotifyRunning
                0x0000000000002600      0x1b0 /opt/devkitpro/libnx/lib/libnx.a(applet.o)
                0x0000000000002600                appletNotifyRunning
 .text.appletSetGamePlayRecordingState
                0x00000000000027b0      0x1a8 /opt/devkitpro/libnx/lib/libnx.a(applet.o)
                0x00000000000027b0                appletSetGamePlayRecordingState
 *fill*         0x0000000000002958        0x8 
 .text.appletExit
                0x0000000000002960      0x69c /opt/devkitpro/libnx/lib/libnx.a(applet.o)
                0x0000000000002960                appletExit
 *fill*         0x0000000000002ffc        0x4 
 .text.appletInitialize
                0x0000000000003000      0x4f0 /opt/devkitpro/libnx/lib/libnx.a(applet.o)
                0x0000000000003000                appletInitialize
 .text._appletExitProcess
                0x00000000000034f0       0x10 /opt/devkitpro/libnx/lib/libnx.a(applet.o)
 .text.appletCreateManagedDisplayLayer
                0x0000000000003500       0x14 /opt/devkitpro/libnx/lib/libnx.a(applet.o)
                0x0000000000003500                appletCreateManagedDisplayLayer
 *fill*         0x0000000000003514        0xc 
 .text.appletMainLoop
                0x0000000000003520      0x17c /opt/devkitpro/libnx/lib/libnx.a(applet.o)
                0x0000000000003520                appletMainLoop
 *fill*         0x000000000000369c        0x4 
 .text.ipcCloseObjectById
                0x00000000000036a0       0x34 /opt/devkitpro/libnx/lib/libnx.a(hid.o)
 *fill*         0x00000000000036d4        0xc 
 .text._hidGetSharedMemoryHandle.constprop.10
                0x00000000000036e0      0x124 /opt/devkitpro/libnx/lib/libnx.a(hid.o)
 *fill*         0x0000000000003804        0xc 
 .text._hidCreateAppletResource.constprop.9
                0x0000000000003810      0x134 /opt/devkitpro/libnx/lib/libnx.a(hid.o)
 *fill*         0x0000000000003944        0xc 
 .text._hidCmdWithNoInput
                0x0000000000003950      0x100 /opt/devkitpro/libnx/lib/libnx.a(hid.o)
 .text._hidCmdWithInputU32
                0x0000000000003a50      0x10c /opt/devkitpro/libnx/lib/libnx.a(hid.o)
 *fill*         0x0000000000003b5c        0x4 
 .text._hidCmdWithInputU64.constprop.11
                0x0000000000003b60      0x108 /opt/devkitpro/libnx/lib/libnx.a(hid.o)
 *fill*         0x0000000000003c68        0x8 
 .text.hidReset
                0x0000000000003c70      0x1d0 /opt/devkitpro/libnx/lib/libnx.a(hid.o)
                0x0000000000003c70                hidReset
 .text.hidGetSharedmemAddr
                0x0000000000003e40        0xc /opt/devkitpro/libnx/lib/libnx.a(hid.o)
                0x0000000000003e40                hidGetSharedmemAddr
 *fill*         0x0000000000003e4c        0x4 
 .text.hidKeysDown
                0x0000000000003e50       0x6c /opt/devkitpro/libnx/lib/libnx.a(hid.o)
                0x0000000000003e50                hidKeysDown
 *fill*         0x0000000000003ebc        0x4 
 .text.hidTouchCount
                0x0000000000003ec0        0xc /opt/devkitpro/libnx/lib/libnx.a(hid.o)
                0x0000000000003ec0                hidTouchCount
 *fill*         0x0000000000003ecc        0x4 
 .text.hidScanInput
                0x0000000000003ed0      0x560 /opt/devkitpro/libnx/lib/libnx.a(hid.o)
                0x0000000000003ed0                hidScanInput
 .text.hidSetSupportedNpadIdType
                0x0000000000004430      0x198 /opt/devkitpro/libnx/lib/libnx.a(hid.o)
                0x0000000000004430                hidSetSupportedNpadIdType
 *fill*         0x00000000000045c8        0x8 
 .text.hidSetSupportedNpadStyleSet
                0x00000000000045d0        0xc /opt/devkitpro/libnx/lib/libnx.a(hid.o)
                0x00000000000045d0                hidSetSupportedNpadStyleSet
 *fill*         0x00000000000045dc        0x4 
 .text.hidSetNpadJoyHoldType
                0x00000000000045e0        0x8 /opt/devkitpro/libnx/lib/libnx.a(hid.o)
                0x00000000000045e0                hidSetNpadJoyHoldType
 *fill*         0x00000000000045e8        0x8 
 .text.hidSetNpadJoyAssignmentModeDual
                0x00000000000045f0        0xc /opt/devkitpro/libnx/lib/libnx.a(hid.o)
                0x00000000000045f0                hidSetNpadJoyAssignmentModeDual
 *fill*         0x00000000000045fc        0x4 
 .text.hidExit  0x0000000000004600      0x12c /opt/devkitpro/libnx/lib/libnx.a(hid.o)
                0x0000000000004600                hidExit
 *fill*         0x000000000000472c        0x4 
 .text.hidInitialize
                0x0000000000004730      0x168 /opt/devkitpro/libnx/lib/libnx.a(hid.o)
                0x0000000000004730                hidInitialize
 *fill*         0x0000000000004898        0x8 
 .text.ipcCloseObjectById
                0x00000000000048a0       0x34 /opt/devkitpro/libnx/lib/libnx.a(apm.o)
 *fill*         0x00000000000048d4        0xc 
 .text._apmGetSession.constprop.4
                0x00000000000048e0      0x124 /opt/devkitpro/libnx/lib/libnx.a(apm.o)
 *fill*         0x0000000000004a04        0xc 
 .text.apmExit  0x0000000000004a10       0xf0 /opt/devkitpro/libnx/lib/libnx.a(apm.o)
                0x0000000000004a10                apmExit
 .text.apmInitialize
                0x0000000000004b00       0x8c /opt/devkitpro/libnx/lib/libnx.a(apm.o)
                0x0000000000004b00                apmInitialize
 *fill*         0x0000000000004b8c        0x4 
 .text.apmSetPerformanceConfiguration
                0x0000000000004b90       0xcc /opt/devkitpro/libnx/lib/libnx.a(apm.o)
                0x0000000000004b90                apmSetPerformanceConfiguration
 *fill*         0x0000000000004c5c        0x4 
 .text.smAddOverrideHandle
                0x0000000000004c60       0x44 /opt/devkitpro/libnx/lib/libnx.a(sm.o)
                0x0000000000004c60                smAddOverrideHandle
 *fill*         0x0000000000004ca4        0xc 
 .text.smGetServiceOverride
                0x0000000000004cb0       0x60 /opt/devkitpro/libnx/lib/libnx.a(sm.o)
                0x0000000000004cb0                smGetServiceOverride
 .text.smHasInitialized
                0x0000000000004d10       0x14 /opt/devkitpro/libnx/lib/libnx.a(sm.o)
                0x0000000000004d10                smHasInitialized
 *fill*         0x0000000000004d24        0xc 
 .text.smExit   0x0000000000004d30       0x5c /opt/devkitpro/libnx/lib/libnx.a(sm.o)
                0x0000000000004d30                smExit
 *fill*         0x0000000000004d8c        0x4 
 .text.smEncodeName
                0x0000000000004d90       0x38 /opt/devkitpro/libnx/lib/libnx.a(sm.o)
                0x0000000000004d90                smEncodeName
 *fill*         0x0000000000004dc8        0x8 
 .text.smGetServiceOriginal
                0x0000000000004dd0      0x12c /opt/devkitpro/libnx/lib/libnx.a(sm.o)
                0x0000000000004dd0                smGetServiceOriginal
 *fill*         0x0000000000004efc        0x4 
 .text.smInitialize
                0x0000000000004f00      0x158 /opt/devkitpro/libnx/lib/libnx.a(sm.o)
                0x0000000000004f00                smInitialize
 *fill*         0x0000000000005058        0x8 
 .text.smGetService
                0x0000000000005060       0x74 /opt/devkitpro/libnx/lib/libnx.a(sm.o)
                0x0000000000005060                smGetService
 *fill*         0x00000000000050d4        0xc 
 .text._fatalImpl
                0x00000000000050e0      0x140 /opt/devkitpro/libnx/lib/libnx.a(fatal.o)
 .text.fatalWithType
                0x0000000000005220       0x14 /opt/devkitpro/libnx/lib/libnx.a(fatal.o)
                0x0000000000005220                fatalWithType
 *fill*         0x0000000000005234        0xc 
 .text.fatalSimple
                0x0000000000005240       0x14 /opt/devkitpro/libnx/lib/libnx.a(fatal.o)
                0x0000000000005240                fatalSimple
 *fill*         0x0000000000005254        0xc 
 .text.envSetup
                0x0000000000005260      0x208 /opt/devkitpro/libnx/lib/libnx.a(env.o)
                0x0000000000005260                envSetup
 *fill*         0x0000000000005468        0x8 
 .text.envGetMainThreadHandle
                0x0000000000005470       0x20 /opt/devkitpro/libnx/lib/libnx.a(env.o)
                0x0000000000005470                envGetMainThreadHandle
 .text.envIsNso
                0x0000000000005490        0xc /opt/devkitpro/libnx/lib/libnx.a(env.o)
                0x0000000000005490                envIsNso
 *fill*         0x000000000000549c        0x4 
 .text.envHasHeapOverride
                0x00000000000054a0       0x14 /opt/devkitpro/libnx/lib/libnx.a(env.o)
                0x00000000000054a0                envHasHeapOverride
 *fill*         0x00000000000054b4        0xc 
 .text.envGetHeapOverrideAddr
                0x00000000000054c0        0xc /opt/devkitpro/libnx/lib/libnx.a(env.o)
                0x00000000000054c0                envGetHeapOverrideAddr
 *fill*         0x00000000000054cc        0x4 
 .text.envGetHeapOverrideSize
                0x00000000000054d0        0xc /opt/devkitpro/libnx/lib/libnx.a(env.o)
                0x00000000000054d0                envGetHeapOverrideSize
 *fill*         0x00000000000054dc        0x4 
 .text.envHasArgv
                0x00000000000054e0       0x14 /opt/devkitpro/libnx/lib/libnx.a(env.o)
                0x00000000000054e0                envHasArgv
 *fill*         0x00000000000054f4        0xc 
 .text.envGetArgv
                0x0000000000005500        0xc /opt/devkitpro/libnx/lib/libnx.a(env.o)
                0x0000000000005500                envGetArgv
 *fill*         0x000000000000550c        0x4 
 .text.envGetExitFuncPtr
                0x0000000000005510        0xc /opt/devkitpro/libnx/lib/libnx.a(env.o)
                0x0000000000005510                envGetExitFuncPtr
 *fill*         0x000000000000551c        0x4 
 .text.envSetExitFuncPtr
                0x0000000000005520        0xc /opt/devkitpro/libnx/lib/libnx.a(env.o)
                0x0000000000005520                envSetExitFuncPtr
 *fill*         0x000000000000552c        0x4 
 .text.consoleDrawChar
                0x0000000000005530       0x44 /opt/devkitpro/libnx/lib/libnx.a(console.o)
 *fill*         0x0000000000005574        0xc 
 .text.consoleClearLine
                0x0000000000005580      0x140 /opt/devkitpro/libnx/lib/libnx.a(console.o)
 .text.consoleNewRow
                0x00000000000056c0       0x4c /opt/devkitpro/libnx/lib/libnx.a(console.o)
 *fill*         0x000000000000570c        0x4 
 .text.consolePrintChar
                0x0000000000005710      0x118 /opt/devkitpro/libnx/lib/libnx.a(console.o)
 *fill*         0x0000000000005828        0x8 
 .text.consoleCls
                0x0000000000005830      0x15c /opt/devkitpro/libnx/lib/libnx.a(console.o)
 *fill*         0x000000000000598c        0x4 
 .text.con_write
                0x0000000000005990      0x7e0 /opt/devkitpro/libnx/lib/libnx.a(console.o)
 .text.consoleInit
                0x0000000000006170      0x11c /opt/devkitpro/libnx/lib/libnx.a(console.o)
                0x0000000000006170                consoleInit
 *fill*         0x000000000000628c        0x4 
 .text.consoleExit
                0x0000000000006290       0x48 /opt/devkitpro/libnx/lib/libnx.a(console.o)
                0x0000000000006290                consoleExit
 *fill*         0x00000000000062d8        0x8 
 .text.consoleUpdate
                0x00000000000062e0       0x28 /opt/devkitpro/libnx/lib/libnx.a(console.o)
                0x00000000000062e0                consoleUpdate
 *fill*         0x0000000000006308        0x8 
 .text.ConsoleSwRenderer_flushAndSwap
                0x0000000000006310       0x70 /opt/devkitpro/libnx/lib/libnx.a(console_sw.o)
 .text.ConsoleSwRenderer_scrollWindow
                0x0000000000006380       0xc4 /opt/devkitpro/libnx/lib/libnx.a(console_sw.o)
 *fill*         0x0000000000006444        0xc 
 .text.ConsoleSwRenderer_drawChar
                0x0000000000006450      0x188 /opt/devkitpro/libnx/lib/libnx.a(console_sw.o)
 *fill*         0x00000000000065d8        0x8 
 .text.ConsoleSwRenderer_deinit
                0x00000000000065e0       0x3c /opt/devkitpro/libnx/lib/libnx.a(console_sw.o)
 *fill*         0x000000000000661c        0x4 
 .text.ConsoleSwRenderer_init
                0x0000000000006620       0xf4 /opt/devkitpro/libnx/lib/libnx.a(console_sw.o)
 *fill*         0x0000000000006714        0xc 
 .text.getDefaultConsoleRenderer
                0x0000000000006720        0xc /opt/devkitpro/libnx/lib/libnx.a(console_sw.o)
                0x0000000000006720                getDefaultConsoleRenderer
 .text.svcSetHeapSize
                0x000000000000672c       0x14 /opt/devkitpro/libnx/lib/libnx.a(svc.o)
                0x000000000000672c                svcSetHeapSize
 .text.svcSetMemoryAttribute
                0x0000000000006740        0x8 /opt/devkitpro/libnx/lib/libnx.a(svc.o)
                0x0000000000006740                svcSetMemoryAttribute
 .text.svcUnmapMemory
                0x0000000000006748        0x8 /opt/devkitpro/libnx/lib/libnx.a(svc.o)
                0x0000000000006748                svcUnmapMemory
 .text.svcQueryMemory
                0x0000000000006750       0x14 /opt/devkitpro/libnx/lib/libnx.a(svc.o)
                0x0000000000006750                svcQueryMemory
 .text.svcExitProcess
                0x0000000000006764        0x8 /opt/devkitpro/libnx/lib/libnx.a(svc.o)
                0x0000000000006764                svcExitProcess
 .text.svcSleepThread
                0x000000000000676c        0x8 /opt/devkitpro/libnx/lib/libnx.a(svc.o)
                0x000000000000676c                svcSleepThread
 .text.svcMapSharedMemory
                0x0000000000006774        0x8 /opt/devkitpro/libnx/lib/libnx.a(svc.o)
                0x0000000000006774                svcMapSharedMemory
 .text.svcUnmapSharedMemory
                0x000000000000677c        0x8 /opt/devkitpro/libnx/lib/libnx.a(svc.o)
                0x000000000000677c                svcUnmapSharedMemory
 .text.svcCreateTransferMemory
                0x0000000000006784       0x14 /opt/devkitpro/libnx/lib/libnx.a(svc.o)
                0x0000000000006784                svcCreateTransferMemory
 .text.svcCloseHandle
                0x0000000000006798        0x8 /opt/devkitpro/libnx/lib/libnx.a(svc.o)
                0x0000000000006798                svcCloseHandle
 .text.svcResetSignal
                0x00000000000067a0        0x8 /opt/devkitpro/libnx/lib/libnx.a(svc.o)
                0x00000000000067a0                svcResetSignal
 .text.svcWaitSynchronization
                0x00000000000067a8       0x14 /opt/devkitpro/libnx/lib/libnx.a(svc.o)
                0x00000000000067a8                svcWaitSynchronization
 .text.svcArbitrateLock
                0x00000000000067bc        0x8 /opt/devkitpro/libnx/lib/libnx.a(svc.o)
                0x00000000000067bc                svcArbitrateLock
 .text.svcArbitrateUnlock
                0x00000000000067c4        0x8 /opt/devkitpro/libnx/lib/libnx.a(svc.o)
                0x00000000000067c4                svcArbitrateUnlock
 .text.svcConnectToNamedPort
                0x00000000000067cc       0x14 /opt/devkitpro/libnx/lib/libnx.a(svc.o)
                0x00000000000067cc                svcConnectToNamedPort
 .text.svcSendSyncRequest
                0x00000000000067e0        0x8 /opt/devkitpro/libnx/lib/libnx.a(svc.o)
                0x00000000000067e0                svcSendSyncRequest
 .text.svcBreak
                0x00000000000067e8        0x8 /opt/devkitpro/libnx/lib/libnx.a(svc.o)
                0x00000000000067e8                svcBreak
 .text.svcReturnFromException
                0x00000000000067f0        0x8 /opt/devkitpro/libnx/lib/libnx.a(svc.o)
                0x00000000000067f0                svcReturnFromException
 .text.svcGetInfo
                0x00000000000067f8       0x14 /opt/devkitpro/libnx/lib/libnx.a(svc.o)
                0x00000000000067f8                svcGetInfo
 .text.svcUnmapTransferMemory
                0x000000000000680c        0x8 /opt/devkitpro/libnx/lib/libnx.a(svc.o)
                0x000000000000680c                svcUnmapTransferMemory
 *fill*         0x0000000000006814        0xc 
 .text._CacheValues
                0x0000000000006820      0x180 /opt/devkitpro/libnx/lib/libnx.a(detect.o)
 .text.kernelAbove200
                0x00000000000069a0       0x1c /opt/devkitpro/libnx/lib/libnx.a(detect.o)
                0x00000000000069a0                kernelAbove200
 *fill*         0x00000000000069bc        0x4 
 .text.kernelAbove300
                0x00000000000069c0       0x1c /opt/devkitpro/libnx/lib/libnx.a(detect.o)
                0x00000000000069c0                kernelAbove300
 *fill*         0x00000000000069dc        0x4 
 .text.detectDebugger
                0x00000000000069e0       0x30 /opt/devkitpro/libnx/lib/libnx.a(detect.o)
                0x00000000000069e0                detectDebugger
 .text.tmemCreate
                0x0000000000006a10       0xa8 /opt/devkitpro/libnx/lib/libnx.a(tmem.o)
                0x0000000000006a10                tmemCreate
 *fill*         0x0000000000006ab8        0x8 
 .text.tmemUnmap
                0x0000000000006ac0       0x58 /opt/devkitpro/libnx/lib/libnx.a(tmem.o)
                0x0000000000006ac0                tmemUnmap
 *fill*         0x0000000000006b18        0x8 
 .text.tmemClose
                0x0000000000006b20       0x68 /opt/devkitpro/libnx/lib/libnx.a(tmem.o)
                0x0000000000006b20                tmemClose
 *fill*         0x0000000000006b88        0x8 
 .text._waitLoop
                0x0000000000006b90      0x104 /opt/devkitpro/libnx/lib/libnx.a(wait.o)
 *fill*         0x0000000000006c94        0xc 
 .text._waitObjectsImpl
                0x0000000000006ca0      0x334 /opt/devkitpro/libnx/lib/libnx.a(wait.o)
 *fill*         0x0000000000006fd4        0xc 
 .text.waitObjects
                0x0000000000006fe0        0xc /opt/devkitpro/libnx/lib/libnx.a(wait.o)
                0x0000000000006fe0                waitObjects
 *fill*         0x0000000000006fec        0x4 
 .text.rwlockReadLock
                0x0000000000006ff0       0x4c /opt/devkitpro/libnx/lib/libnx.a(rwlock.o)
                0x0000000000006ff0                rwlockReadLock
 *fill*         0x000000000000703c        0x4 
 .text.rwlockReadUnlock
                0x0000000000007040       0x4c /opt/devkitpro/libnx/lib/libnx.a(rwlock.o)
                0x0000000000007040                rwlockReadUnlock
 *fill*         0x000000000000708c        0x4 
 .text.rwlockWriteLock
                0x0000000000007090        0x8 /opt/devkitpro/libnx/lib/libnx.a(rwlock.o)
                0x0000000000007090                rwlockWriteLock
 *fill*         0x0000000000007098        0x8 
 .text.rwlockWriteUnlock
                0x00000000000070a0        0x8 /opt/devkitpro/libnx/lib/libnx.a(rwlock.o)
                0x00000000000070a0                rwlockWriteUnlock
 *fill*         0x00000000000070a8        0x8 
 .text.mutexLock
                0x00000000000070b0       0x8c /opt/devkitpro/libnx/lib/libnx.a(mutex.o)
                0x00000000000070b0                mutexLock
 *fill*         0x000000000000713c        0x4 
 .text.mutexUnlock
                0x0000000000007140       0x30 /opt/devkitpro/libnx/lib/libnx.a(mutex.o)
                0x0000000000007140                mutexUnlock
 .text.rmutexLock
                0x0000000000007170       0x4c /opt/devkitpro/libnx/lib/libnx.a(mutex.o)
                0x0000000000007170                rmutexLock
 *fill*         0x00000000000071bc        0x4 
 .text.rmutexUnlock
                0x00000000000071c0       0x1c /opt/devkitpro/libnx/lib/libnx.a(mutex.o)
                0x00000000000071c0                rmutexUnlock
 *fill*         0x00000000000071dc        0x4 
 .text.shmemLoadRemote
                0x00000000000071e0       0x14 /opt/devkitpro/libnx/lib/libnx.a(shmem.o)
                0x00000000000071e0                shmemLoadRemote
 *fill*         0x00000000000071f4        0xc 
 .text.shmemMap
                0x0000000000007200       0x84 /opt/devkitpro/libnx/lib/libnx.a(shmem.o)
                0x0000000000007200                shmemMap
 *fill*         0x0000000000007284        0xc 
 .text.shmemUnmap
                0x0000000000007290       0x58 /opt/devkitpro/libnx/lib/libnx.a(shmem.o)
                0x0000000000007290                shmemUnmap
 *fill*         0x00000000000072e8        0x8 
 .text.shmemClose
                0x00000000000072f0       0x44 /opt/devkitpro/libnx/lib/libnx.a(shmem.o)
                0x00000000000072f0                shmemClose
 *fill*         0x0000000000007334        0xc 
 .text._GetRegionFromInfo.isra.1
                0x0000000000007340       0x7c /opt/devkitpro/libnx/lib/libnx.a(virtmem.o)
 *fill*         0x00000000000073bc        0x4 
 .text.virtmemSetup
                0x00000000000073c0      0x114 /opt/devkitpro/libnx/lib/libnx.a(virtmem.o)
                0x00000000000073c0                virtmemSetup
 *fill*         0x00000000000074d4        0xc 
 .text.virtmemReserve
                0x00000000000074e0      0x13c /opt/devkitpro/libnx/lib/libnx.a(virtmem.o)
                0x00000000000074e0                virtmemReserve
 *fill*         0x000000000000761c        0x4 
 .text.virtmemFree
                0x0000000000007620        0x4 /opt/devkitpro/libnx/lib/libnx.a(virtmem.o)
                0x0000000000007620                virtmemFree
 *fill*         0x0000000000007624        0xc 
 .text.eventLoadRemote
                0x0000000000007630        0xc /opt/devkitpro/libnx/lib/libnx.a(event.o)
                0x0000000000007630                eventLoadRemote
 *fill*         0x000000000000763c        0x4 
 .text.eventWait
                0x0000000000007640       0x38 /opt/devkitpro/libnx/lib/libnx.a(event.o)
                0x0000000000007640                eventWait
 *fill*         0x0000000000007678        0x8 
 .text.eventClose
                0x0000000000007680       0x50 /opt/devkitpro/libnx/lib/libnx.a(event.o)
                0x0000000000007680                eventClose
 .text.nwindowGetDefault
                0x00000000000076d0        0xc /opt/devkitpro/libnx/lib/libnx.a(default_window.o)
                0x00000000000076d0                nwindowGetDefault
 *fill*         0x00000000000076dc        0x4 
 .text.__nx_win_init
                0x00000000000076e0       0xc8 /opt/devkitpro/libnx/lib/libnx.a(default_window.o)
                0x00000000000076e0                __nx_win_init
 *fill*         0x00000000000077a8        0x8 
 .text.__nx_win_exit
                0x00000000000077b0       0x34 /opt/devkitpro/libnx/lib/libnx.a(default_window.o)
                0x00000000000077b0                __nx_win_exit
 *fill*         0x00000000000077e4        0xc 
 .text.framebufferMakeLinear
                0x00000000000077f0       0x80 /opt/devkitpro/libnx/lib/libnx.a(framebuffer.o)
                0x00000000000077f0                framebufferMakeLinear
 .text.framebufferClose
                0x0000000000007870       0x78 /opt/devkitpro/libnx/lib/libnx.a(framebuffer.o)
                0x0000000000007870                framebufferClose
 *fill*         0x00000000000078e8        0x8 
 .text.framebufferCreate
                0x00000000000078f0      0x298 /opt/devkitpro/libnx/lib/libnx.a(framebuffer.o)
                0x00000000000078f0                framebufferCreate
 *fill*         0x0000000000007b88        0x8 
 .text.framebufferBegin
                0x0000000000007b90       0x80 /opt/devkitpro/libnx/lib/libnx.a(framebuffer.o)
                0x0000000000007b90                framebufferBegin
 .text.framebufferEnd
                0x0000000000007c10      0x17c /opt/devkitpro/libnx/lib/libnx.a(framebuffer.o)
                0x0000000000007c10                framebufferEnd
 *fill*         0x0000000000007d8c        0x4 
 .text._nwindowConnect
                0x0000000000007d90       0x54 /opt/devkitpro/libnx/lib/libnx.a(native_window.o)
 *fill*         0x0000000000007de4        0xc 
 .text._nwindowDisconnect
                0x0000000000007df0       0x40 /opt/devkitpro/libnx/lib/libnx.a(native_window.o)
 .text.nwindowIsValid
                0x0000000000007e30       0x24 /opt/devkitpro/libnx/lib/libnx.a(native_window.o)
                0x0000000000007e30                nwindowIsValid
 *fill*         0x0000000000007e54        0xc 
 .text.nwindowClose
                0x0000000000007e60       0x6c /opt/devkitpro/libnx/lib/libnx.a(native_window.o)
                0x0000000000007e60                nwindowClose
 *fill*         0x0000000000007ecc        0x4 
 .text.nwindowCreate
                0x0000000000007ed0       0xc4 /opt/devkitpro/libnx/lib/libnx.a(native_window.o)
                0x0000000000007ed0                nwindowCreate
 *fill*         0x0000000000007f94        0xc 
 .text.nwindowCreateFromLayer
                0x0000000000007fa0        0xc /opt/devkitpro/libnx/lib/libnx.a(native_window.o)
                0x0000000000007fa0                nwindowCreateFromLayer
 *fill*         0x0000000000007fac        0x4 
 .text.nwindowSetDimensions
                0x0000000000007fb0       0x88 /opt/devkitpro/libnx/lib/libnx.a(native_window.o)
                0x0000000000007fb0                nwindowSetDimensions
 *fill*         0x0000000000008038        0x8 
 .text.nwindowConfigureBuffer
                0x0000000000008040      0x154 /opt/devkitpro/libnx/lib/libnx.a(native_window.o)
                0x0000000000008040                nwindowConfigureBuffer
 *fill*         0x0000000000008194        0xc 
 .text.nwindowDequeueBuffer
                0x00000000000081a0      0x1e4 /opt/devkitpro/libnx/lib/libnx.a(native_window.o)
                0x00000000000081a0                nwindowDequeueBuffer
 *fill*         0x0000000000008384        0xc 
 .text.nwindowQueueBuffer
                0x0000000000008390      0x144 /opt/devkitpro/libnx/lib/libnx.a(native_window.o)
                0x0000000000008390                nwindowQueueBuffer
 *fill*         0x00000000000084d4        0xc 
 .text.nwindowReleaseBuffers
                0x00000000000084e0       0xac /opt/devkitpro/libnx/lib/libnx.a(native_window.o)
                0x00000000000084e0                nwindowReleaseBuffers
 *fill*         0x000000000000858c        0x4 
 .text.__nx_dynamic
                0x0000000000008590       0xa0 /opt/devkitpro/libnx/lib/libnx.a(dynamic.o)
                0x0000000000008590                __nx_dynamic
 .text.__libnx_initheap
                0x0000000000008630       0xd8 /opt/devkitpro/libnx/lib/libnx.a(init.o)
                0x0000000000008630                __libnx_initheap
 *fill*         0x0000000000008708        0x8 
 .text.__appInit
                0x0000000000008710       0xa0 /opt/devkitpro/libnx/lib/libnx.a(init.o)
                0x0000000000008710                __appInit
 .text.__appExit
                0x00000000000087b0       0x44 /opt/devkitpro/libnx/lib/libnx.a(init.o)
                0x00000000000087b0                __appExit
 *fill*         0x00000000000087f4        0xc 
 .text.__libnx_init
                0x0000000000008800       0x28 /opt/devkitpro/libnx/lib/libnx.a(init.o)
                0x0000000000008800                __libnx_init
 *fill*         0x0000000000008828        0x8 
 .text.__libnx_exit
                0x0000000000008830       0x20 /opt/devkitpro/libnx/lib/libnx.a(init.o)
                0x0000000000008830                __libnx_exit
 .text.mutexInit
                0x0000000000008850        0x8 /opt/devkitpro/libnx/lib/libnx.a(newlib.o)
 *fill*         0x0000000000008858        0x8 
 .text.rmutexInit
                0x0000000000008860        0xc /opt/devkitpro/libnx/lib/libnx.a(newlib.o)
 *fill*         0x000000000000886c        0x4 
 .text.__libnx_gtod
                0x0000000000008870       0x8c /opt/devkitpro/libnx/lib/libnx.a(newlib.o)
                0x0000000000008870                __libnx_gtod
 *fill*         0x00000000000088fc        0x4 
 .text.__libnx_clock_settime
                0x0000000000008900       0x20 /opt/devkitpro/libnx/lib/libnx.a(newlib.o)
                0x0000000000008900                __libnx_clock_settime
 .text.__libnx_nanosleep
                0x0000000000008920       0x28 /opt/devkitpro/libnx/lib/libnx.a(newlib.o)
                0x0000000000008920                __libnx_nanosleep
 *fill*         0x0000000000008948        0x8 
 .text.__libnx_get_reent
                0x0000000000008950       0x34 /opt/devkitpro/libnx/lib/libnx.a(newlib.o)
 *fill*         0x0000000000008984        0xc 
 .text.__libnx_clock_gettime
                0x0000000000008990       0xf8 /opt/devkitpro/libnx/lib/libnx.a(newlib.o)
                0x0000000000008990                __libnx_clock_gettime
 *fill*         0x0000000000008a88        0x8 
 .text.__libnx_clock_getres
                0x0000000000008a90       0x58 /opt/devkitpro/libnx/lib/libnx.a(newlib.o)
                0x0000000000008a90                __libnx_clock_getres
 *fill*         0x0000000000008ae8        0x8 
 .text.__libnx_init_time
                0x0000000000008af0      0x27c /opt/devkitpro/libnx/lib/libnx.a(newlib.o)
                0x0000000000008af0                __libnx_init_time
 *fill*         0x0000000000008d6c        0x4 
 .text.newlibSetup
                0x0000000000008d70      0x118 /opt/devkitpro/libnx/lib/libnx.a(newlib.o)
                0x0000000000008d70                newlibSetup
 *fill*         0x0000000000008e88        0x8 
 .text.argvSetup
                0x0000000000008e90      0x368 /opt/devkitpro/libnx/lib/libnx.a(argv.o)
                0x0000000000008e90                argvSetup
 *fill*         0x00000000000091f8        0x8 
 .text.fsdev_link
                0x0000000000009200       0x10 /opt/devkitpro/libnx/lib/libnx.a(fs_dev.o)
 .text.fsdev_dirreset
                0x0000000000009210       0x10 /opt/devkitpro/libnx/lib/libnx.a(fs_dev.o)
 .text.fsdev_chmod
                0x0000000000009220       0x10 /opt/devkitpro/libnx/lib/libnx.a(fs_dev.o)
 .text.error_cmp
                0x0000000000009230       0x1c /opt/devkitpro/libnx/lib/libnx.a(fs_dev.o)
 *fill*         0x000000000000924c        0x4 
 .text.fsdev_translate_error
                0x0000000000009250       0x58 /opt/devkitpro/libnx/lib/libnx.a(fs_dev.o)
 *fill*         0x00000000000092a8        0x8 
 .text.fsdev_fsync
                0x00000000000092b0       0x40 /opt/devkitpro/libnx/lib/libnx.a(fs_dev.o)
 .text.fsdev_ftruncate
                0x00000000000092f0       0x60 /opt/devkitpro/libnx/lib/libnx.a(fs_dev.o)
 .text.fsdev_dirclose
                0x0000000000009350       0x20 /opt/devkitpro/libnx/lib/libnx.a(fs_dev.o)
 .text.fsdev_dirnext
                0x0000000000009370      0x16c /opt/devkitpro/libnx/lib/libnx.a(fs_dev.o)
 *fill*         0x00000000000094dc        0x4 
 .text.fsdev_close
                0x00000000000094e0       0x1c /opt/devkitpro/libnx/lib/libnx.a(fs_dev.o)
 *fill*         0x00000000000094fc        0x4 
 .text.fsdev_fstat
                0x0000000000009500       0xa4 /opt/devkitpro/libnx/lib/libnx.a(fs_dev.o)
 *fill*         0x00000000000095a4        0xc 
 .text.fsdev_seek
                0x00000000000095b0       0xb0 /opt/devkitpro/libnx/lib/libnx.a(fs_dev.o)
 .text.fsdev_read
                0x0000000000009660      0x198 /opt/devkitpro/libnx/lib/libnx.a(fs_dev.o)
 *fill*         0x00000000000097f8        0x8 
 .text.fsdev_write
                0x0000000000009800      0x1a0 /opt/devkitpro/libnx/lib/libnx.a(fs_dev.o)
 .text.fsdevFindDevice
                0x00000000000099a0      0x120 /opt/devkitpro/libnx/lib/libnx.a(fs_dev.o)
 .text._fsdevMountDevice
                0x0000000000009ac0      0x168 /opt/devkitpro/libnx/lib/libnx.a(fs_dev.o)
 *fill*         0x0000000000009c28        0x8 
 .text.fsdev_getfspath
                0x0000000000009c30      0x1fc /opt/devkitpro/libnx/lib/libnx.a(fs_dev.o)
 *fill*         0x0000000000009e2c        0x4 
 .text.fsdev_rmdir
                0x0000000000009e30       0x70 /opt/devkitpro/libnx/lib/libnx.a(fs_dev.o)
 .text.fsdev_statvfs
                0x0000000000009ea0       0xd4 /opt/devkitpro/libnx/lib/libnx.a(fs_dev.o)
 *fill*         0x0000000000009f74        0xc 
 .text.fsdev_diropen
                0x0000000000009f80       0xec /opt/devkitpro/libnx/lib/libnx.a(fs_dev.o)
 *fill*         0x000000000000a06c        0x4 
 .text.fsdev_mkdir
                0x000000000000a070       0x70 /opt/devkitpro/libnx/lib/libnx.a(fs_dev.o)
 .text.fsdev_rename
                0x000000000000a0e0      0x114 /opt/devkitpro/libnx/lib/libnx.a(fs_dev.o)
 *fill*         0x000000000000a1f4        0xc 
 .text.fsdev_chdir
                0x000000000000a200       0xe8 /opt/devkitpro/libnx/lib/libnx.a(fs_dev.o)
 *fill*         0x000000000000a2e8        0x8 
 .text.fsdev_unlink
                0x000000000000a2f0       0x70 /opt/devkitpro/libnx/lib/libnx.a(fs_dev.o)
 .text.fsdev_stat
                0x000000000000a360      0x1bc /opt/devkitpro/libnx/lib/libnx.a(fs_dev.o)
 *fill*         0x000000000000a51c        0x4 
 .text.fsdev_open
                0x000000000000a520      0x19c /opt/devkitpro/libnx/lib/libnx.a(fs_dev.o)
 *fill*         0x000000000000a6bc        0x4 
 .text._fsdevUnmountDeviceStruct.part.4
                0x000000000000a6c0       0xb8 /opt/devkitpro/libnx/lib/libnx.a(fs_dev.o)
 *fill*         0x000000000000a778        0x8 
 .text.fsdev_fchmod
                0x000000000000a780       0x10 /opt/devkitpro/libnx/lib/libnx.a(fs_dev.o)
 .text.fsdevMountSdmc
                0x000000000000a790      0x158 /opt/devkitpro/libnx/lib/libnx.a(fs_dev.o)
                0x000000000000a790                fsdevMountSdmc
 *fill*         0x000000000000a8e8        0x8 
 .text.fsdevUnmountAll
                0x000000000000a8f0       0x64 /opt/devkitpro/libnx/lib/libnx.a(fs_dev.o)
                0x000000000000a8f0                fsdevUnmountAll
 *fill*         0x000000000000a954        0xc 
 .text.decode_utf8
                0x000000000000a960      0x12c /opt/devkitpro/libnx/lib/libnx.a(decode_utf8.o)
                0x000000000000a960                decode_utf8
 .text.armDCacheFlush
                0x000000000000aa8c       0x3c /opt/devkitpro/libnx/lib/libnx.a(cache.o)
                0x000000000000aa8c                armDCacheFlush
 .text.__libnx_exception_entry
                0x000000000000aac8      0x1c0 /opt/devkitpro/libnx/lib/libnx.a(exception.o)
                0x000000000000aac8                __libnx_exception_entry
 .text.__libnx_exception_returnentry
                0x000000000000ac88       0x18 /opt/devkitpro/libnx/lib/libnx.a(exception.o)
                0x000000000000ac88                __libnx_exception_returnentry
 .text.__aarch64_read_tp
                0x000000000000aca0        0xc /opt/devkitpro/libnx/lib/libnx.a(readtp.o)
                0x000000000000aca0                __aarch64_read_tp
 *fill*         0x000000000000acac        0x4 
 .text.ipcCloseObjectById
                0x000000000000acb0       0x34 /opt/devkitpro/libnx/lib/libnx.a(time.o)
 *fill*         0x000000000000ace4        0xc 
 .text._timeGetSession
                0x000000000000acf0      0x12c /opt/devkitpro/libnx/lib/libnx.a(time.o)
 *fill*         0x000000000000ae1c        0x4 
 .text.timeExit
                0x000000000000ae20      0x1ec /opt/devkitpro/libnx/lib/libnx.a(time.o)
                0x000000000000ae20                timeExit
 *fill*         0x000000000000b00c        0x4 
 .text.timeInitialize
                0x000000000000b010       0xd8 /opt/devkitpro/libnx/lib/libnx.a(time.o)
                0x000000000000b010                timeInitialize
 *fill*         0x000000000000b0e8        0x8 
 .text.timeGetCurrentTime
                0x000000000000b0f0      0x124 /opt/devkitpro/libnx/lib/libnx.a(time.o)
                0x000000000000b0f0                timeGetCurrentTime
 *fill*         0x000000000000b214        0xc 
 .text.timeToCalendarTimeWithMyRule
                0x000000000000b220      0x118 /opt/devkitpro/libnx/lib/libnx.a(time.o)
                0x000000000000b220                timeToCalendarTimeWithMyRule
 *fill*         0x000000000000b338        0x8 
 .text.ipcCloseObjectById
                0x000000000000b340       0x34 /opt/devkitpro/libnx/lib/libnx.a(vi.o)
 *fill*         0x000000000000b374        0xc 
 .text._viGetSession.constprop.7
                0x000000000000b380      0x134 /opt/devkitpro/libnx/lib/libnx.a(vi.o)
 *fill*         0x000000000000b4b4        0xc 
 .text.viExit   0x000000000000b4c0      0x1e4 /opt/devkitpro/libnx/lib/libnx.a(vi.o)
                0x000000000000b4c0                viExit
 *fill*         0x000000000000b6a4        0xc 
 .text.viInitialize
                0x000000000000b6b0      0x2d4 /opt/devkitpro/libnx/lib/libnx.a(vi.o)
                0x000000000000b6b0                viInitialize
 *fill*         0x000000000000b984        0xc 
 .text.viGetSession_IHOSBinderDriverRelay
                0x000000000000b990        0xc /opt/devkitpro/libnx/lib/libnx.a(vi.o)
                0x000000000000b990                viGetSession_IHOSBinderDriverRelay
 *fill*         0x000000000000b99c        0x4 
 .text.viOpenDisplay
                0x000000000000b9a0      0x140 /opt/devkitpro/libnx/lib/libnx.a(vi.o)
                0x000000000000b9a0                viOpenDisplay
 .text.viCloseDisplay
                0x000000000000bae0      0x104 /opt/devkitpro/libnx/lib/libnx.a(vi.o)
                0x000000000000bae0                viCloseDisplay
 *fill*         0x000000000000bbe4        0xc 
 .text.viCloseLayer
                0x000000000000bbf0      0x104 /opt/devkitpro/libnx/lib/libnx.a(vi.o)
                0x000000000000bbf0                viCloseLayer
 *fill*         0x000000000000bcf4        0xc 
 .text.viCreateLayer
                0x000000000000bd00      0x334 /opt/devkitpro/libnx/lib/libnx.a(vi.o)
                0x000000000000bd00                viCreateLayer
 *fill*         0x000000000000c034        0xc 
 .text.viSetLayerScalingMode
                0x000000000000c040       0xe8 /opt/devkitpro/libnx/lib/libnx.a(vi.o)
                0x000000000000c040                viSetLayerScalingMode
 *fill*         0x000000000000c128        0x8 
 .text.ipcPrepareHeader
                0x000000000000c130      0x220 /opt/devkitpro/libnx/lib/libnx.a(fs.o)
 .text.ipcParse
                0x000000000000c350      0x22c /opt/devkitpro/libnx/lib/libnx.a(fs.o)
 *fill*         0x000000000000c57c        0x4 
 .text.serviceIpcParse
                0x000000000000c580       0xb0 /opt/devkitpro/libnx/lib/libnx.a(fs.o)
 .text.ipcCloseObjectById
                0x000000000000c630       0x34 /opt/devkitpro/libnx/lib/libnx.a(fs.o)
 *fill*         0x000000000000c664        0xc 
 .text.fsInitialize
                0x000000000000c670      0x200 /opt/devkitpro/libnx/lib/libnx.a(fs.o)
                0x000000000000c670                fsInitialize
 .text.fsExit   0x000000000000c870       0x9c /opt/devkitpro/libnx/lib/libnx.a(fs.o)
                0x000000000000c870                fsExit
 *fill*         0x000000000000c90c        0x4 
 .text.fsMountSdcard
                0x000000000000c910      0x13c /opt/devkitpro/libnx/lib/libnx.a(fs.o)
                0x000000000000c910                fsMountSdcard
 *fill*         0x000000000000ca4c        0x4 
 .text.fsFsCreateFile
                0x000000000000ca50      0x120 /opt/devkitpro/libnx/lib/libnx.a(fs.o)
                0x000000000000ca50                fsFsCreateFile
 .text.fsFsDeleteFile
                0x000000000000cb70      0x118 /opt/devkitpro/libnx/lib/libnx.a(fs.o)
                0x000000000000cb70                fsFsDeleteFile
 *fill*         0x000000000000cc88        0x8 
 .text.fsFsCreateDirectory
                0x000000000000cc90      0x118 /opt/devkitpro/libnx/lib/libnx.a(fs.o)
                0x000000000000cc90                fsFsCreateDirectory
 *fill*         0x000000000000cda8        0x8 
 .text.fsFsDeleteDirectory
                0x000000000000cdb0      0x118 /opt/devkitpro/libnx/lib/libnx.a(fs.o)
                0x000000000000cdb0                fsFsDeleteDirectory
 *fill*         0x000000000000cec8        0x8 
 .text.fsFsRenameFile
                0x000000000000ced0      0x190 /opt/devkitpro/libnx/lib/libnx.a(fs.o)
                0x000000000000ced0                fsFsRenameFile
 .text.fsFsRenameDirectory
                0x000000000000d060      0x190 /opt/devkitpro/libnx/lib/libnx.a(fs.o)
                0x000000000000d060                fsFsRenameDirectory
 .text.fsFsGetEntryType
                0x000000000000d1f0      0x12c /opt/devkitpro/libnx/lib/libnx.a(fs.o)
                0x000000000000d1f0                fsFsGetEntryType
 *fill*         0x000000000000d31c        0x4 
 .text.fsFsOpenFile
                0x000000000000d320      0x150 /opt/devkitpro/libnx/lib/libnx.a(fs.o)
                0x000000000000d320                fsFsOpenFile
 .text.fsFsOpenDirectory
                0x000000000000d470      0x150 /opt/devkitpro/libnx/lib/libnx.a(fs.o)
                0x000000000000d470                fsFsOpenDirectory
 .text.fsFsGetFreeSpace
                0x000000000000d5c0      0x12c /opt/devkitpro/libnx/lib/libnx.a(fs.o)
                0x000000000000d5c0                fsFsGetFreeSpace
 *fill*         0x000000000000d6ec        0x4 
 .text.fsFsGetTotalSpace
                0x000000000000d6f0      0x12c /opt/devkitpro/libnx/lib/libnx.a(fs.o)
                0x000000000000d6f0                fsFsGetTotalSpace
 *fill*         0x000000000000d81c        0x4 
 .text.fsFsGetFileTimeStampRaw
                0x000000000000d820      0x190 /opt/devkitpro/libnx/lib/libnx.a(fs.o)
                0x000000000000d820                fsFsGetFileTimeStampRaw
 .text.fsFsClose
                0x000000000000d9b0       0x6c /opt/devkitpro/libnx/lib/libnx.a(fs.o)
                0x000000000000d9b0                fsFsClose
 *fill*         0x000000000000da1c        0x4 
 .text.fsFileRead
                0x000000000000da20      0x170 /opt/devkitpro/libnx/lib/libnx.a(fs.o)
                0x000000000000da20                fsFileRead
 .text.fsFileWrite
                0x000000000000db90      0x10c /opt/devkitpro/libnx/lib/libnx.a(fs.o)
                0x000000000000db90                fsFileWrite
 *fill*         0x000000000000dc9c        0x4 
 .text.fsFileFlush
                0x000000000000dca0       0xe8 /opt/devkitpro/libnx/lib/libnx.a(fs.o)
                0x000000000000dca0                fsFileFlush
 *fill*         0x000000000000dd88        0x8 
 .text.fsFileSetSize
                0x000000000000dd90       0xf0 /opt/devkitpro/libnx/lib/libnx.a(fs.o)
                0x000000000000dd90                fsFileSetSize
 .text.fsFileGetSize
                0x000000000000de80      0x100 /opt/devkitpro/libnx/lib/libnx.a(fs.o)
                0x000000000000de80                fsFileGetSize
 .text.fsFileClose
                0x000000000000df80       0x6c /opt/devkitpro/libnx/lib/libnx.a(fs.o)
                0x000000000000df80                fsFileClose
 *fill*         0x000000000000dfec        0x4 
 .text.fsDirClose
                0x000000000000dff0       0x6c /opt/devkitpro/libnx/lib/libnx.a(fs.o)
                0x000000000000dff0                fsDirClose
 *fill*         0x000000000000e05c        0x4 
 .text.fsDirRead
                0x000000000000e060      0x16c /opt/devkitpro/libnx/lib/libnx.a(fs.o)
                0x000000000000e060                fsDirRead
 *fill*         0x000000000000e1cc        0x4 
 .text.ipcCloseObjectById
                0x000000000000e1d0       0x34 /opt/devkitpro/libnx/lib/libnx.a(nv.o)
 *fill*         0x000000000000e204        0xc 
 .text.ipcQueryPointerBufferSize.constprop.10
                0x000000000000e210       0xc8 /opt/devkitpro/libnx/lib/libnx.a(nv.o)
 *fill*         0x000000000000e2d8        0x8 
 .text.ipcCloneSession.constprop.9
                0x000000000000e2e0      0x10c /opt/devkitpro/libnx/lib/libnx.a(nv.o)
 *fill*         0x000000000000e3ec        0x4 
 .text._nvSetClientPID
                0x000000000000e3f0       0xd8 /opt/devkitpro/libnx/lib/libnx.a(nv.o)
 *fill*         0x000000000000e4c8        0x8 
 .text._nvInitialize.constprop.8
                0x000000000000e4d0       0xf0 /opt/devkitpro/libnx/lib/libnx.a(nv.o)
 .text.nvExit   0x000000000000e5c0      0x100 /opt/devkitpro/libnx/lib/libnx.a(nv.o)
                0x000000000000e5c0                nvExit
 .text.nvInitialize
                0x000000000000e6c0      0x184 /opt/devkitpro/libnx/lib/libnx.a(nv.o)
                0x000000000000e6c0                nvInitialize
 *fill*         0x000000000000e844        0xc 
 .text.nvConvertError
                0x000000000000e850      0x12c /opt/devkitpro/libnx/lib/libnx.a(nv.o)
                0x000000000000e850                nvConvertError
 *fill*         0x000000000000e97c        0x4 
 .text.nvOpen   0x000000000000e980      0x12c /opt/devkitpro/libnx/lib/libnx.a(nv.o)
                0x000000000000e980                nvOpen
 *fill*         0x000000000000eaac        0x4 
 .text.nvIoctl  0x000000000000eab0      0x270 /opt/devkitpro/libnx/lib/libnx.a(nv.o)
                0x000000000000eab0                nvIoctl
 .text.nvClose  0x000000000000ed20       0xdc /opt/devkitpro/libnx/lib/libnx.a(nv.o)
                0x000000000000ed20                nvClose
 *fill*         0x000000000000edfc        0x4 
 .text.nvQueryEvent
                0x000000000000ee00      0x15c /opt/devkitpro/libnx/lib/libnx.a(nv.o)
                0x000000000000ee00                nvQueryEvent
 *fill*         0x000000000000ef5c        0x4 
 .text._nvFenceEventWaitCommon
                0x000000000000ef60       0x60 /opt/devkitpro/libnx/lib/libnx.a(fence.o)
 .text.nvFenceInit
                0x000000000000efc0       0x5c /opt/devkitpro/libnx/lib/libnx.a(fence.o)
                0x000000000000efc0                nvFenceInit
 *fill*         0x000000000000f01c        0x4 
 .text.nvFenceExit
                0x000000000000f020       0x98 /opt/devkitpro/libnx/lib/libnx.a(fence.o)
                0x000000000000f020                nvFenceExit
 *fill*         0x000000000000f0b8        0x8 
 .text.nvFenceWait
                0x000000000000f0c0      0x1e0 /opt/devkitpro/libnx/lib/libnx.a(fence.o)
                0x000000000000f0c0                nvFenceWait
 .text.nvMultiFenceWait
                0x000000000000f2a0       0x7c /opt/devkitpro/libnx/lib/libnx.a(fence.o)
                0x000000000000f2a0                nvMultiFenceWait
 *fill*         0x000000000000f31c        0x4 
 .text.nvMapInit
                0x000000000000f320       0x6c /opt/devkitpro/libnx/lib/libnx.a(map.o)
                0x000000000000f320                nvMapInit
 *fill*         0x000000000000f38c        0x4 
 .text.nvMapExit
                0x000000000000f390       0x68 /opt/devkitpro/libnx/lib/libnx.a(map.o)
                0x000000000000f390                nvMapExit
 *fill*         0x000000000000f3f8        0x8 
 .text.nvMapClose
                0x000000000000f400       0x84 /opt/devkitpro/libnx/lib/libnx.a(map.o)
                0x000000000000f400                nvMapClose
 *fill*         0x000000000000f484        0xc 
 .text.nvMapCreate
                0x000000000000f490      0x150 /opt/devkitpro/libnx/lib/libnx.a(map.o)
                0x000000000000f490                nvMapCreate
 .text.nvioctlNvhostCtrl_EventSignal
                0x000000000000f5e0       0x24 /opt/devkitpro/libnx/lib/libnx.a(nvhost-ctrl.o)
                0x000000000000f5e0                nvioctlNvhostCtrl_EventSignal
 *fill*         0x000000000000f604        0xc 
 .text.nvioctlNvhostCtrl_EventWait
                0x000000000000f610       0x3c /opt/devkitpro/libnx/lib/libnx.a(nvhost-ctrl.o)
                0x000000000000f610                nvioctlNvhostCtrl_EventWait
 *fill*         0x000000000000f64c        0x4 
 .text.nvioctlNvhostCtrl_EventWaitAsync
                0x000000000000f650       0x28 /opt/devkitpro/libnx/lib/libnx.a(nvhost-ctrl.o)
                0x000000000000f650                nvioctlNvhostCtrl_EventWaitAsync
 *fill*         0x000000000000f678        0x8 
 .text.nvioctlNvhostCtrl_EventRegister
                0x000000000000f680       0x24 /opt/devkitpro/libnx/lib/libnx.a(nvhost-ctrl.o)
                0x000000000000f680                nvioctlNvhostCtrl_EventRegister
 *fill*         0x000000000000f6a4        0xc 
 .text.nvioctlNvhostCtrl_EventUnregister
                0x000000000000f6b0       0x24 /opt/devkitpro/libnx/lib/libnx.a(nvhost-ctrl.o)
                0x000000000000f6b0                nvioctlNvhostCtrl_EventUnregister
 *fill*         0x000000000000f6d4        0xc 
 .text.nvioctlNvmap_Create
                0x000000000000f6e0       0x3c /opt/devkitpro/libnx/lib/libnx.a(nvmap.o)
                0x000000000000f6e0                nvioctlNvmap_Create
 *fill*         0x000000000000f71c        0x4 
 .text.nvioctlNvmap_Alloc
                0x000000000000f720       0x30 /opt/devkitpro/libnx/lib/libnx.a(nvmap.o)
                0x000000000000f720                nvioctlNvmap_Alloc
 .text.nvioctlNvmap_Free
                0x000000000000f750       0x30 /opt/devkitpro/libnx/lib/libnx.a(nvmap.o)
                0x000000000000f750                nvioctlNvmap_Free
 .text.nvioctlNvmap_GetId
                0x000000000000f780       0x3c /opt/devkitpro/libnx/lib/libnx.a(nvmap.o)
                0x000000000000f780                nvioctlNvmap_GetId
 *fill*         0x000000000000f7bc        0x4 
 .text.bqRequestBuffer
                0x000000000000f7c0       0xe8 /opt/devkitpro/libnx/lib/libnx.a(buffer_producer.o)
                0x000000000000f7c0                bqRequestBuffer
 *fill*         0x000000000000f8a8        0x8 
 .text.bqDequeueBuffer
                0x000000000000f8b0      0x154 /opt/devkitpro/libnx/lib/libnx.a(buffer_producer.o)
                0x000000000000f8b0                bqDequeueBuffer
 *fill*         0x000000000000fa04        0xc 
 .text.bqDetachBuffer
                0x000000000000fa10       0x9c /opt/devkitpro/libnx/lib/libnx.a(buffer_producer.o)
                0x000000000000fa10                bqDetachBuffer
 *fill*         0x000000000000faac        0x4 
 .text.bqQueueBuffer
                0x000000000000fab0       0xe0 /opt/devkitpro/libnx/lib/libnx.a(buffer_producer.o)
                0x000000000000fab0                bqQueueBuffer
 .text.bqCancelBuffer
                0x000000000000fb90       0x90 /opt/devkitpro/libnx/lib/libnx.a(buffer_producer.o)
                0x000000000000fb90                bqCancelBuffer
 .text.bqConnect
                0x000000000000fc20       0xe4 /opt/devkitpro/libnx/lib/libnx.a(buffer_producer.o)
                0x000000000000fc20                bqConnect
 *fill*         0x000000000000fd04        0xc 
 .text.bqDisconnect
                0x000000000000fd10       0x9c /opt/devkitpro/libnx/lib/libnx.a(buffer_producer.o)
                0x000000000000fd10                bqDisconnect
 *fill*         0x000000000000fdac        0x4 
 .text.bqSetPreallocatedBuffer
                0x000000000000fdb0      0x178 /opt/devkitpro/libnx/lib/libnx.a(buffer_producer.o)
                0x000000000000fdb0                bqSetPreallocatedBuffer
 *fill*         0x000000000000ff28        0x8 
 .text._binderTransactParcelAuto
                0x000000000000ff30      0x248 /opt/devkitpro/libnx/lib/libnx.a(binder.o)
 *fill*         0x0000000000010178        0x8 
 .text.ipcQueryPointerBufferSize
                0x0000000000010180       0xc8 /opt/devkitpro/libnx/lib/libnx.a(binder.o)
 *fill*         0x0000000000010248        0x8 
 .text._binderTransactParcel
                0x0000000000010250      0x138 /opt/devkitpro/libnx/lib/libnx.a(binder.o)
 *fill*         0x0000000000010388        0x8 
 .text.binderCreate
                0x0000000000010390       0x14 /opt/devkitpro/libnx/lib/libnx.a(binder.o)
                0x0000000000010390                binderCreate
 *fill*         0x00000000000103a4        0xc 
 .text.binderTransactParcel
                0x00000000000103b0       0x10 /opt/devkitpro/libnx/lib/libnx.a(binder.o)
                0x00000000000103b0                binderTransactParcel
 .text.binderConvertErrorCode
                0x00000000000103c0      0x124 /opt/devkitpro/libnx/lib/libnx.a(binder.o)
                0x00000000000103c0                binderConvertErrorCode
 *fill*         0x00000000000104e4        0xc 
 .text.binderAdjustRefcount
                0x00000000000104f0       0xe8 /opt/devkitpro/libnx/lib/libnx.a(binder.o)
                0x00000000000104f0                binderAdjustRefcount
 *fill*         0x00000000000105d8        0x8 
 .text.binderClose
                0x00000000000105e0       0x74 /opt/devkitpro/libnx/lib/libnx.a(binder.o)
                0x00000000000105e0                binderClose
 *fill*         0x0000000000010654        0xc 
 .text.binderInitSession
                0x0000000000010660       0xc4 /opt/devkitpro/libnx/lib/libnx.a(binder.o)
                0x0000000000010660                binderInitSession
 *fill*         0x0000000000010724        0xc 
 .text.binderGetNativeHandle
                0x0000000000010730      0x144 /opt/devkitpro/libnx/lib/libnx.a(binder.o)
                0x0000000000010730                binderGetNativeHandle
 *fill*         0x0000000000010874        0xc 
 .text.parcelCreate
                0x0000000000010880       0x28 /opt/devkitpro/libnx/lib/libnx.a(parcel.o)
                0x0000000000010880                parcelCreate
 *fill*         0x00000000000108a8        0x8 
 .text.parcelTransact
                0x00000000000108b0      0x19c /opt/devkitpro/libnx/lib/libnx.a(parcel.o)
                0x00000000000108b0                parcelTransact
 *fill*         0x0000000000010a4c        0x4 
 .text.parcelWriteData
                0x0000000000010a50       0x88 /opt/devkitpro/libnx/lib/libnx.a(parcel.o)
                0x0000000000010a50                parcelWriteData
 *fill*         0x0000000000010ad8        0x8 
 .text.parcelReadData
                0x0000000000010ae0       0x98 /opt/devkitpro/libnx/lib/libnx.a(parcel.o)
                0x0000000000010ae0                parcelReadData
 *fill*         0x0000000000010b78        0x8 
 .text.parcelWriteInt32
                0x0000000000010b80       0x20 /opt/devkitpro/libnx/lib/libnx.a(parcel.o)
                0x0000000000010b80                parcelWriteInt32
 .text.parcelWriteUInt32
                0x0000000000010ba0       0x20 /opt/devkitpro/libnx/lib/libnx.a(parcel.o)
                0x0000000000010ba0                parcelWriteUInt32
 .text.parcelWriteString16
                0x0000000000010bc0       0x80 /opt/devkitpro/libnx/lib/libnx.a(parcel.o)
                0x0000000000010bc0                parcelWriteString16
 .text.parcelWriteInterfaceToken
                0x0000000000010c40       0x30 /opt/devkitpro/libnx/lib/libnx.a(parcel.o)
                0x0000000000010c40                parcelWriteInterfaceToken
 .text.parcelReadInt32
                0x0000000000010c70       0x24 /opt/devkitpro/libnx/lib/libnx.a(parcel.o)
                0x0000000000010c70                parcelReadInt32
 *fill*         0x0000000000010c94        0xc 
 .text.parcelReadFlattenedObject
                0x0000000000010ca0       0x68 /opt/devkitpro/libnx/lib/libnx.a(parcel.o)
                0x0000000000010ca0                parcelReadFlattenedObject
 *fill*         0x0000000000010d08        0x8 
 .text.parcelWriteFlattenedObject
                0x0000000000010d10       0x44 /opt/devkitpro/libnx/lib/libnx.a(parcel.o)
                0x0000000000010d10                parcelWriteFlattenedObject
 *fill*         0x0000000000010d54        0xc 
 .text.nxlinkSetup
                0x0000000000010d60       0xc4 /opt/devkitpro/libnx/lib/libnx.a(nxlink.o)
                0x0000000000010d60                nxlinkSetup
 *fill*         0x0000000000010e24        0x4 
 .text.aligned_alloc
                0x0000000000010e28       0x38 /opt/devkitpro/devkitA64/lib/gcc/aarch64-none-elf/8.2.0/../../../../aarch64-none-elf/lib/pic/libg.a(lib_a-aligned_alloc.o)
                0x0000000000010e28                aligned_alloc
 .text.bsearch  0x0000000000010e60       0xb8 /opt/devkitpro/devkitA64/lib/gcc/aarch64-none-elf/8.2.0/../../../../aarch64-none-elf/lib/pic/libg.a(lib_a-bsearch.o)
                0x0000000000010e60                bsearch
 .text.calloc   0x0000000000010f18       0x30 /opt/devkitpro/devkitA64/lib/gcc/aarch64-none-elf/8.2.0/../../../../aarch64-none-elf/lib/pic/libg.a(lib_a-calloc.o)
                0x0000000000010f18                calloc
 .text._calloc_r
                0x0000000000010f48       0x94 /opt/devkitpro/devkitA64/lib/gcc/aarch64-none-elf/8.2.0/../../../../aarch64-none-elf/lib/pic/libg.a(lib_a-callocr.o)
                0x0000000000010f48                _calloc_r
 *fill*         0x0000000000010fdc        0x4 
 .text.__errno  0x0000000000010fe0       0x14 /opt/devkitpro/devkitA64/lib/gcc/aarch64-none-elf/8.2.0/../../../../aarch64-none-elf/lib/pic/libg.a(lib_a-errno.o)
                0x0000000000010fe0                __errno
 *fill*         0x0000000000010ff4        0x4 
 .text.__libc_fini_array
                0x0000000000010ff8       0x44 /opt/devkitpro/devkitA64/lib/gcc/aarch64-none-elf/8.2.0/../../../../aarch64-none-elf/lib/pic/libg.a(lib_a-fini.o)
                0x0000000000010ff8                __libc_fini_array
 *fill*         0x000000000001103c        0x4 
 .text.__libc_init_array
                0x0000000000011040       0x8c /opt/devkitpro/devkitA64/lib/gcc/aarch64-none-elf/8.2.0/../../../../aarch64-none-elf/lib/pic/libg.a(lib_a-init.o)
                0x0000000000011040                __libc_init_array
 *fill*         0x00000000000110cc        0x4 
 .text.__locale_mb_cur_max
                0x00000000000110d0       0x2c /opt/devkitpro/devkitA64/lib/gcc/aarch64-none-elf/8.2.0/../../../../aarch64-none-elf/lib/pic/libg.a(lib_a-locale.o)
                0x00000000000110d0                __locale_mb_cur_max
 *fill*         0x00000000000110fc        0x4 
 .text.__locale_ctype_ptr_l
                0x0000000000011100        0x8 /opt/devkitpro/devkitA64/lib/gcc/aarch64-none-elf/8.2.0/../../../../aarch64-none-elf/lib/pic/libg.a(lib_a-locale.o)
                0x0000000000011100                __locale_ctype_ptr_l
 .text.__locale_ctype_ptr
                0x0000000000011108       0x2c /opt/devkitpro/devkitA64/lib/gcc/aarch64-none-elf/8.2.0/../../../../aarch64-none-elf/lib/pic/libg.a(lib_a-locale.o)
                0x0000000000011108                __locale_ctype_ptr
 *fill*         0x0000000000011134        0x4 
 .text.memalign
                0x0000000000011138       0x30 /opt/devkitpro/devkitA64/lib/gcc/aarch64-none-elf/8.2.0/../../../../aarch64-none-elf/lib/pic/libg.a(lib_a-malign.o)
                0x0000000000011138                memalign
 .text._memalign_r
                0x0000000000011168      0x198 /opt/devkitpro/devkitA64/lib/gcc/aarch64-none-elf/8.2.0/../../../../aarch64-none-elf/lib/pic/libg.a(lib_a-malignr.o)
                0x0000000000011168                _memalign_r
 .text.malloc   0x0000000000011300       0x1c /opt/devkitpro/devkitA64/lib/gcc/aarch64-none-elf/8.2.0/../../../../aarch64-none-elf/lib/pic/libg.a(lib_a-malloc.o)
                0x0000000000011300                malloc
 *fill*         0x000000000001131c        0x4 
 .text.free     0x0000000000011320       0x1c /opt/devkitpro/devkitA64/lib/gcc/aarch64-none-elf/8.2.0/../../../../aarch64-none-elf/lib/pic/libg.a(lib_a-malloc.o)
                0x0000000000011320                free
 *fill*         0x000000000001133c        0x4 
 .text._malloc_r
                0x0000000000011340      0x844 /opt/devkitpro/devkitA64/lib/gcc/aarch64-none-elf/8.2.0/../../../../aarch64-none-elf/lib/pic/libg.a(lib_a-mallocr.o)
                0x0000000000011340                _malloc_r
 *fill*         0x0000000000011b84        0x4 
 .text.__utf8_mbtowc
                0x0000000000011b88      0x2c8 /opt/devkitpro/devkitA64/lib/gcc/aarch64-none-elf/8.2.0/../../../../aarch64-none-elf/lib/pic/libg.a(lib_a-mbtowc_r.o)
                0x0000000000011b88                __utf8_mbtowc
 .text          0x0000000000011e50       0xd8 /opt/devkitpro/devkitA64/lib/gcc/aarch64-none-elf/8.2.0/../../../../aarch64-none-elf/lib/pic/libg.a(lib_a-memchr.o)
                0x0000000000011e50                memchr
 *fill*         0x0000000000011f28       0x18 
 .text          0x0000000000011f40      0x16c /opt/devkitpro/devkitA64/lib/gcc/aarch64-none-elf/8.2.0/../../../../aarch64-none-elf/lib/pic/libg.a(lib_a-memcpy.o)
                0x0000000000011f40                memcpy
 *fill*         0x00000000000120ac       0x14 
 .text          0x00000000000120c0      0x1d8 /opt/devkitpro/devkitA64/lib/gcc/aarch64-none-elf/8.2.0/../../../../aarch64-none-elf/lib/pic/libg.a(lib_a-memset.o)
                0x00000000000120c0                memset
 .text.__malloc_lock
                0x0000000000012298        0xc /opt/devkitpro/devkitA64/lib/gcc/aarch64-none-elf/8.2.0/../../../../aarch64-none-elf/lib/pic/libg.a(lib_a-mlock.o)
                0x0000000000012298                __malloc_lock
 *fill*         0x00000000000122a4        0x4 
 .text.__malloc_unlock
                0x00000000000122a8        0xc /opt/devkitpro/devkitA64/lib/gcc/aarch64-none-elf/8.2.0/../../../../aarch64-none-elf/lib/pic/libg.a(lib_a-mlock.o)
                0x00000000000122a8                __malloc_unlock
 *fill*         0x00000000000122b4        0x4 
 .text._puts_r  0x00000000000122b8       0xd4 /opt/devkitpro/devkitA64/lib/gcc/aarch64-none-elf/8.2.0/../../../../aarch64-none-elf/lib/pic/libg.a(lib_a-puts.o)
                0x00000000000122b8                _puts_r
 *fill*         0x000000000001238c        0x4 
 .text.puts     0x0000000000012390       0x1c /opt/devkitpro/devkitA64/lib/gcc/aarch64-none-elf/8.2.0/../../../../aarch64-none-elf/lib/pic/libg.a(lib_a-puts.o)
                0x0000000000012390                puts
 *fill*         0x00000000000123ac        0x4 
 .text.setenv   0x00000000000123b0       0x3c /opt/devkitpro/devkitA64/lib/gcc/aarch64-none-elf/8.2.0/../../../../aarch64-none-elf/lib/pic/libg.a(lib_a-setenv.o)
                0x00000000000123b0                setenv
 *fill*         0x00000000000123ec        0x4 
 .text._setenv_r
                0x00000000000123f0      0x264 /opt/devkitpro/devkitA64/lib/gcc/aarch64-none-elf/8.2.0/../../../../aarch64-none-elf/lib/pic/libg.a(lib_a-setenv_r.o)
                0x00000000000123f0                _setenv_r
 *fill*         0x0000000000012654        0x4 
 .text.setvbuf  0x0000000000012658      0x25c /opt/devkitpro/devkitA64/lib/gcc/aarch64-none-elf/8.2.0/../../../../aarch64-none-elf/lib/pic/libg.a(lib_a-setvbuf.o)
                0x0000000000012658                setvbuf
 *fill*         0x00000000000128b4        0x4 
 .text.sscanf   0x00000000000128b8       0xbc /opt/devkitpro/devkitA64/lib/gcc/aarch64-none-elf/8.2.0/../../../../aarch64-none-elf/lib/pic/libg.a(lib_a-sscanf.o)
                0x00000000000128b8                sscanf
 *fill*         0x0000000000012974        0x4 
 .text.__sread  0x0000000000012978       0x50 /opt/devkitpro/devkitA64/lib/gcc/aarch64-none-elf/8.2.0/../../../../aarch64-none-elf/lib/pic/libg.a(lib_a-stdio.o)
                0x0000000000012978                __sread
 .text.__seofread
                0x00000000000129c8        0x8 /opt/devkitpro/devkitA64/lib/gcc/aarch64-none-elf/8.2.0/../../../../aarch64-none-elf/lib/pic/libg.a(lib_a-stdio.o)
                0x00000000000129c8                __seofread
 .text.__swrite
                0x00000000000129d0       0x6c /opt/devkitpro/devkitA64/lib/gcc/aarch64-none-elf/8.2.0/../../../../aarch64-none-elf/lib/pic/libg.a(lib_a-stdio.o)
                0x00000000000129d0                __swrite
 *fill*         0x0000000000012a3c        0x4 
 .text.__sseek  0x0000000000012a40       0x50 /opt/devkitpro/devkitA64/lib/gcc/aarch64-none-elf/8.2.0/../../../../aarch64-none-elf/lib/pic/libg.a(lib_a-stdio.o)
                0x0000000000012a40                __sseek
 .text.__sclose
                0x0000000000012a90        0x8 /opt/devkitpro/devkitA64/lib/gcc/aarch64-none-elf/8.2.0/../../../../aarch64-none-elf/lib/pic/libg.a(lib_a-stdio.o)
                0x0000000000012a90                __sclose
 .text          0x0000000000012a98       0xdc /opt/devkitpro/devkitA64/lib/gcc/aarch64-none-elf/8.2.0/../../../../aarch64-none-elf/lib/pic/libg.a(lib_a-strchr.o)
                0x0000000000012a98                strchr
 *fill*         0x0000000000012b74        0xc 
 .text          0x0000000000012b80       0xa4 /opt/devkitpro/devkitA64/lib/gcc/aarch64-none-elf/8.2.0/../../../../aarch64-none-elf/lib/pic/libg.a(lib_a-strcmp.o)
                0x0000000000012b80                strcmp
 *fill*         0x0000000000012c24       0x1c 
 .text          0x0000000000012c40      0x140 /opt/devkitpro/devkitA64/lib/gcc/aarch64-none-elf/8.2.0/../../../../aarch64-none-elf/lib/pic/libg.a(lib_a-strlen.o)
                0x0000000000012c40                strlen
 .text.strncat  0x0000000000012d80       0x84 /opt/devkitpro/devkitA64/lib/gcc/aarch64-none-elf/8.2.0/../../../../aarch64-none-elf/lib/pic/libg.a(lib_a-strncat.o)
                0x0000000000012d80                strncat
 *fill*         0x0000000000012e04       0x3c 
 .text          0x0000000000012e40      0x124 /opt/devkitpro/devkitA64/lib/gcc/aarch64-none-elf/8.2.0/../../../../aarch64-none-elf/lib/pic/libg.a(lib_a-strncmp.o)
                0x0000000000012e5c                strncmp
 *fill*         0x0000000000012f64        0x4 
 .text.strncpy  0x0000000000012f68       0xa8 /opt/devkitpro/devkitA64/lib/gcc/aarch64-none-elf/8.2.0/../../../../aarch64-none-elf/lib/pic/libg.a(lib_a-strncpy.o)
                0x0000000000012f68                strncpy
 *fill*         0x0000000000013010       0x30 
 .text          0x0000000000013040       0xe0 /opt/devkitpro/devkitA64/lib/gcc/aarch64-none-elf/8.2.0/../../../../aarch64-none-elf/lib/pic/libg.a(lib_a-strnlen.o)
                0x0000000000013064                strnlen
 .text._strtol_l.isra.0
                0x0000000000013120      0x1d0 /opt/devkitpro/devkitA64/lib/gcc/aarch64-none-elf/8.2.0/../../../../aarch64-none-elf/lib/pic/libg.a(lib_a-strtol.o)
 .text._strtol_r
                0x00000000000132f0       0x48 /opt/devkitpro/devkitA64/lib/gcc/aarch64-none-elf/8.2.0/../../../../aarch64-none-elf/lib/pic/libg.a(lib_a-strtol.o)
                0x00000000000132f0                _strtol_r
 .text._strtoul_l.isra.0
                0x0000000000013338      0x1e0 /opt/devkitpro/devkitA64/lib/gcc/aarch64-none-elf/8.2.0/../../../../aarch64-none-elf/lib/pic/libg.a(lib_a-strtoul.o)
 .text._strtoul_r
                0x0000000000013518       0x48 /opt/devkitpro/devkitA64/lib/gcc/aarch64-none-elf/8.2.0/../../../../aarch64-none-elf/lib/pic/libg.a(lib_a-strtoul.o)
                0x0000000000013518                _strtoul_r
 .text.strtoul  0x0000000000013560       0x5c /opt/devkitpro/devkitA64/lib/gcc/aarch64-none-elf/8.2.0/../../../../aarch64-none-elf/lib/pic/libg.a(lib_a-strtoul.o)
                0x0000000000013560                strtoul
 .text.get_arg  0x00000000000135bc       0x5c /opt/devkitpro/devkitA64/lib/gcc/aarch64-none-elf/8.2.0/../../../../aarch64-none-elf/lib/pic/libg.a(lib_a-svfscanf.o)
 .text.__ssvfscanf_r
                0x0000000000013618     0x2f48 /opt/devkitpro/devkitA64/lib/gcc/aarch64-none-elf/8.2.0/../../../../aarch64-none-elf/lib/pic/libg.a(lib_a-svfscanf.o)
                0x0000000000013618                __ssvfscanf_r
 .text._wcrtomb_r
                0x0000000000016560       0xd0 /opt/devkitpro/devkitA64/lib/gcc/aarch64-none-elf/8.2.0/../../../../aarch64-none-elf/lib/pic/libg.a(lib_a-wcrtomb.o)
                0x0000000000016560                _wcrtomb_r
 .text._wcsrtombs_r
                0x0000000000016630       0x10 /opt/devkitpro/devkitA64/lib/gcc/aarch64-none-elf/8.2.0/../../../../aarch64-none-elf/lib/pic/libg.a(lib_a-wcsrtombs.o)
                0x0000000000016630                _wcsrtombs_r
 .text.__utf8_wctomb
                0x0000000000016640       0xe4 /opt/devkitpro/devkitA64/lib/gcc/aarch64-none-elf/8.2.0/../../../../aarch64-none-elf/lib/pic/libg.a(lib_a-wctomb_r.o)
                0x0000000000016640                __utf8_wctomb
 *fill*         0x0000000000016724        0x4 
 .text.__swsetup_r
                0x0000000000016728      0x140 /opt/devkitpro/devkitA64/lib/gcc/aarch64-none-elf/8.2.0/../../../../aarch64-none-elf/lib/pic/libg.a(lib_a-wsetup.o)
                0x0000000000016728                __swsetup_r
 .text.__call_exitprocs
                0x0000000000016868      0x17c /opt/devkitpro/devkitA64/lib/gcc/aarch64-none-elf/8.2.0/../../../../aarch64-none-elf/lib/pic/libg.a(lib_a-__call_atexit.o)
                0x0000000000016868                __call_exitprocs
 *fill*         0x00000000000169e4        0x4 
 .text.quorem   0x00000000000169e8      0x1a8 /opt/devkitpro/devkitA64/lib/gcc/aarch64-none-elf/8.2.0/../../../../aarch64-none-elf/lib/pic/libg.a(lib_a-dtoa.o)
 .text._dtoa_r  0x0000000000016b90     0x10dc /opt/devkitpro/devkitA64/lib/gcc/aarch64-none-elf/8.2.0/../../../../aarch64-none-elf/lib/pic/libg.a(lib_a-dtoa.o)
                0x0000000000016b90                _dtoa_r
 *fill*         0x0000000000017c6c        0x4 
 .text.__env_lock
                0x0000000000017c70        0xc /opt/devkitpro/devkitA64/lib/gcc/aarch64-none-elf/8.2.0/../../../../aarch64-none-elf/lib/pic/libg.a(lib_a-envlock.o)
                0x0000000000017c70                __env_lock
 *fill*         0x0000000000017c7c        0x4 
 .text.__env_unlock
                0x0000000000017c80        0xc /opt/devkitpro/devkitA64/lib/gcc/aarch64-none-elf/8.2.0/../../../../aarch64-none-elf/lib/pic/libg.a(lib_a-envlock.o)
                0x0000000000017c80                __env_unlock
 *fill*         0x0000000000017c8c        0x4 
 .text.__sflush_r
                0x0000000000017c90      0x214 /opt/devkitpro/devkitA64/lib/gcc/aarch64-none-elf/8.2.0/../../../../aarch64-none-elf/lib/pic/libg.a(lib_a-fflush.o)
                0x0000000000017c90                __sflush_r
 *fill*         0x0000000000017ea4        0x4 
 .text._fflush_r
                0x0000000000017ea8       0xb8 /opt/devkitpro/devkitA64/lib/gcc/aarch64-none-elf/8.2.0/../../../../aarch64-none-elf/lib/pic/libg.a(lib_a-fflush.o)
                0x0000000000017ea8                _fflush_r
 .text.std      0x0000000000017f60       0x78 /opt/devkitpro/devkitA64/lib/gcc/aarch64-none-elf/8.2.0/../../../../aarch64-none-elf/lib/pic/libg.a(lib_a-findfp.o)
 .text._cleanup_r
                0x0000000000017fd8        0xc /opt/devkitpro/devkitA64/lib/gcc/aarch64-none-elf/8.2.0/../../../../aarch64-none-elf/lib/pic/libg.a(lib_a-findfp.o)
                0x0000000000017fd8                _cleanup_r
 *fill*         0x0000000000017fe4        0x4 
 .text.__sfp_lock_acquire
                0x0000000000017fe8        0xc /opt/devkitpro/devkitA64/lib/gcc/aarch64-none-elf/8.2.0/../../../../aarch64-none-elf/lib/pic/libg.a(lib_a-findfp.o)
                0x0000000000017fe8                __sfp_lock_acquire
 *fill*         0x0000000000017ff4        0x4 
 .text.__sfp_lock_release
                0x0000000000017ff8        0xc /opt/devkitpro/devkitA64/lib/gcc/aarch64-none-elf/8.2.0/../../../../aarch64-none-elf/lib/pic/libg.a(lib_a-findfp.o)
                0x0000000000017ff8                __sfp_lock_release
 *fill*         0x0000000000018004        0x4 
 .text.__sinit_lock_acquire
                0x0000000000018008        0xc /opt/devkitpro/devkitA64/lib/gcc/aarch64-none-elf/8.2.0/../../../../aarch64-none-elf/lib/pic/libg.a(lib_a-findfp.o)
                0x0000000000018008                __sinit_lock_acquire
 *fill*         0x0000000000018014        0x4 
 .text.__sinit_lock_release
                0x0000000000018018        0xc /opt/devkitpro/devkitA64/lib/gcc/aarch64-none-elf/8.2.0/../../../../aarch64-none-elf/lib/pic/libg.a(lib_a-findfp.o)
                0x0000000000018018                __sinit_lock_release
 *fill*         0x0000000000018024        0x4 
 .text.__sinit  0x0000000000018028       0x80 /opt/devkitpro/devkitA64/lib/gcc/aarch64-none-elf/8.2.0/../../../../aarch64-none-elf/lib/pic/libg.a(lib_a-findfp.o)
                0x0000000000018028                __sinit
 .text._malloc_trim_r
                0x00000000000180a8      0x118 /opt/devkitpro/devkitA64/lib/gcc/aarch64-none-elf/8.2.0/../../../../aarch64-none-elf/lib/pic/libg.a(lib_a-freer.o)
                0x00000000000180a8                _malloc_trim_r
 .text._free_r  0x00000000000181c0      0x2f4 /opt/devkitpro/devkitA64/lib/gcc/aarch64-none-elf/8.2.0/../../../../aarch64-none-elf/lib/pic/libg.a(lib_a-freer.o)
                0x00000000000181c0                _free_r
 *fill*         0x00000000000184b4        0x4 
 .text.__sfvwrite_r
                0x00000000000184b8      0x4b8 /opt/devkitpro/devkitA64/lib/gcc/aarch64-none-elf/8.2.0/../../../../aarch64-none-elf/lib/pic/libg.a(lib_a-fvwrite.o)
                0x00000000000184b8                __sfvwrite_r
 .text._fwalk_reent
                0x0000000000018970       0xbc /opt/devkitpro/devkitA64/lib/gcc/aarch64-none-elf/8.2.0/../../../../aarch64-none-elf/lib/pic/libg.a(lib_a-fwalk.o)
                0x0000000000018970                _fwalk_reent
 *fill*         0x0000000000018a2c        0x4 
 .text._findenv_r
                0x0000000000018a30      0x100 /opt/devkitpro/devkitA64/lib/gcc/aarch64-none-elf/8.2.0/../../../../aarch64-none-elf/lib/pic/libg.a(lib_a-getenv_r.o)
                0x0000000000018a30                _findenv_r
 .text.iswspace
                0x0000000000018b30       0x84 /opt/devkitpro/devkitA64/lib/gcc/aarch64-none-elf/8.2.0/../../../../aarch64-none-elf/lib/pic/libg.a(lib_a-iswspace.o)
                0x0000000000018b30                iswspace
 *fill*         0x0000000000018bb4        0x4 
 .text.__jp2uc  0x0000000000018bb8      0x244 /opt/devkitpro/devkitA64/lib/gcc/aarch64-none-elf/8.2.0/../../../../aarch64-none-elf/lib/pic/libg.a(lib_a-jp2uc.o)
 *fill*         0x0000000000018dfc        0x4 
 .text._jp2uc   0x0000000000018e00       0xd0 /opt/devkitpro/devkitA64/lib/gcc/aarch64-none-elf/8.2.0/../../../../aarch64-none-elf/lib/pic/libg.a(lib_a-jp2uc.o)
                0x0000000000018e00                _jp2uc
 .text.__localeconv_l
                0x0000000000018ed0        0x8 /opt/devkitpro/devkitA64/lib/gcc/aarch64-none-elf/8.2.0/../../../../aarch64-none-elf/lib/pic/libg.a(lib_a-localeconv.o)
                0x0000000000018ed0                __localeconv_l
 .text._localeconv_r
                0x0000000000018ed8       0x28 /opt/devkitpro/devkitA64/lib/gcc/aarch64-none-elf/8.2.0/../../../../aarch64-none-elf/lib/pic/libg.a(lib_a-localeconv.o)
                0x0000000000018ed8                _localeconv_r
 .text.__swhatbuf_r
                0x0000000000018f00       0xa4 /opt/devkitpro/devkitA64/lib/gcc/aarch64-none-elf/8.2.0/../../../../aarch64-none-elf/lib/pic/libg.a(lib_a-makebuf.o)
                0x0000000000018f00                __swhatbuf_r
 *fill*         0x0000000000018fa4        0x4 
 .text.__smakebuf_r
                0x0000000000018fa8      0x10c /opt/devkitpro/devkitA64/lib/gcc/aarch64-none-elf/8.2.0/../../../../aarch64-none-elf/lib/pic/libg.a(lib_a-makebuf.o)
                0x0000000000018fa8                __smakebuf_r
 *fill*         0x00000000000190b4        0x4 
 .text._mbrtowc_r
                0x00000000000190b8       0xd8 /opt/devkitpro/devkitA64/lib/gcc/aarch64-none-elf/8.2.0/../../../../aarch64-none-elf/lib/pic/libg.a(lib_a-mbrtowc.o)
                0x00000000000190b8                _mbrtowc_r
 *fill*         0x0000000000019190       0x30 
 .text          0x00000000000191c0       0xac /opt/devkitpro/devkitA64/lib/gcc/aarch64-none-elf/8.2.0/../../../../aarch64-none-elf/lib/pic/libg.a(lib_a-memmove.o)
                0x00000000000191c0                memmove
 *fill*         0x000000000001926c        0x4 
 .text._Balloc  0x0000000000019270       0x90 /opt/devkitpro/devkitA64/lib/gcc/aarch64-none-elf/8.2.0/../../../../aarch64-none-elf/lib/pic/libg.a(lib_a-mprec.o)
                0x0000000000019270                _Balloc
 .text._Bfree   0x0000000000019300       0x1c /opt/devkitpro/devkitA64/lib/gcc/aarch64-none-elf/8.2.0/../../../../aarch64-none-elf/lib/pic/libg.a(lib_a-mprec.o)
                0x0000000000019300                _Bfree
 *fill*         0x000000000001931c        0x4 
 .text.__multadd
                0x0000000000019320       0xe8 /opt/devkitpro/devkitA64/lib/gcc/aarch64-none-elf/8.2.0/../../../../aarch64-none-elf/lib/pic/libg.a(lib_a-mprec.o)
                0x0000000000019320                __multadd
 .text.__s2b    0x0000000000019408      0x120 /opt/devkitpro/devkitA64/lib/gcc/aarch64-none-elf/8.2.0/../../../../aarch64-none-elf/lib/pic/libg.a(lib_a-mprec.o)
                0x0000000000019408                __s2b
 .text.__hi0bits
                0x0000000000019528       0x5c /opt/devkitpro/devkitA64/lib/gcc/aarch64-none-elf/8.2.0/../../../../aarch64-none-elf/lib/pic/libg.a(lib_a-mprec.o)
                0x0000000000019528                __hi0bits
 *fill*         0x0000000000019584        0x4 
 .text.__lo0bits
                0x0000000000019588       0xa0 /opt/devkitpro/devkitA64/lib/gcc/aarch64-none-elf/8.2.0/../../../../aarch64-none-elf/lib/pic/libg.a(lib_a-mprec.o)
                0x0000000000019588                __lo0bits
 .text.__i2b    0x0000000000019628       0x2c /opt/devkitpro/devkitA64/lib/gcc/aarch64-none-elf/8.2.0/../../../../aarch64-none-elf/lib/pic/libg.a(lib_a-mprec.o)
                0x0000000000019628                __i2b
 *fill*         0x0000000000019654        0x4 
 .text.__multiply
                0x0000000000019658      0x1c8 /opt/devkitpro/devkitA64/lib/gcc/aarch64-none-elf/8.2.0/../../../../aarch64-none-elf/lib/pic/libg.a(lib_a-mprec.o)
                0x0000000000019658                __multiply
 .text.__pow5mult
                0x0000000000019820      0x104 /opt/devkitpro/devkitA64/lib/gcc/aarch64-none-elf/8.2.0/../../../../aarch64-none-elf/lib/pic/libg.a(lib_a-mprec.o)
                0x0000000000019820                __pow5mult
 *fill*         0x0000000000019924        0x4 
 .text.__lshift
                0x0000000000019928      0x134 /opt/devkitpro/devkitA64/lib/gcc/aarch64-none-elf/8.2.0/../../../../aarch64-none-elf/lib/pic/libg.a(lib_a-mprec.o)
                0x0000000000019928                __lshift
 *fill*         0x0000000000019a5c        0x4 
 .text.__mcmp   0x0000000000019a60       0x50 /opt/devkitpro/devkitA64/lib/gcc/aarch64-none-elf/8.2.0/../../../../aarch64-none-elf/lib/pic/libg.a(lib_a-mprec.o)
                0x0000000000019a60                __mcmp
 .text.__mdiff  0x0000000000019ab0      0x14c /opt/devkitpro/devkitA64/lib/gcc/aarch64-none-elf/8.2.0/../../../../aarch64-none-elf/lib/pic/libg.a(lib_a-mprec.o)
                0x0000000000019ab0                __mdiff
 *fill*         0x0000000000019bfc        0x4 
 .text.__ulp    0x0000000000019c00       0x68 /opt/devkitpro/devkitA64/lib/gcc/aarch64-none-elf/8.2.0/../../../../aarch64-none-elf/lib/pic/libg.a(lib_a-mprec.o)
                0x0000000000019c00                __ulp
 .text.__b2d    0x0000000000019c68      0x150 /opt/devkitpro/devkitA64/lib/gcc/aarch64-none-elf/8.2.0/../../../../aarch64-none-elf/lib/pic/libg.a(lib_a-mprec.o)
                0x0000000000019c68                __b2d
 .text.__d2b    0x0000000000019db8      0x138 /opt/devkitpro/devkitA64/lib/gcc/aarch64-none-elf/8.2.0/../../../../aarch64-none-elf/lib/pic/libg.a(lib_a-mprec.o)
                0x0000000000019db8                __d2b
 .text.__ratio  0x0000000000019ef0       0xa0 /opt/devkitpro/devkitA64/lib/gcc/aarch64-none-elf/8.2.0/../../../../aarch64-none-elf/lib/pic/libg.a(lib_a-mprec.o)
                0x0000000000019ef0                __ratio
 .text.__copybits
                0x0000000000019f90       0x68 /opt/devkitpro/devkitA64/lib/gcc/aarch64-none-elf/8.2.0/../../../../aarch64-none-elf/lib/pic/libg.a(lib_a-mprec.o)
                0x0000000000019f90                __copybits
 .text.__any_on
                0x0000000000019ff8       0x84 /opt/devkitpro/devkitA64/lib/gcc/aarch64-none-elf/8.2.0/../../../../aarch64-none-elf/lib/pic/libg.a(lib_a-mprec.o)
                0x0000000000019ff8                __any_on
 *fill*         0x000000000001a07c        0x4 
 .text.realloc  0x000000000001a080       0x30 /opt/devkitpro/devkitA64/lib/gcc/aarch64-none-elf/8.2.0/../../../../aarch64-none-elf/lib/pic/libg.a(lib_a-realloc.o)
                0x000000000001a080                realloc
 .text._realloc_r
                0x000000000001a0b0      0x56c /opt/devkitpro/devkitA64/lib/gcc/aarch64-none-elf/8.2.0/../../../../aarch64-none-elf/lib/pic/libg.a(lib_a-reallocr.o)
                0x000000000001a0b0                _realloc_r
 *fill*         0x000000000001a61c        0x4 
 .text.__sccl   0x000000000001a620       0xbc /opt/devkitpro/devkitA64/lib/gcc/aarch64-none-elf/8.2.0/../../../../aarch64-none-elf/lib/pic/libg.a(lib_a-sccl.o)
                0x000000000001a620                __sccl
 *fill*         0x000000000001a6dc        0x4 
 .text.nanf     0x000000000001a6e0        0xc /opt/devkitpro/devkitA64/lib/gcc/aarch64-none-elf/8.2.0/../../../../aarch64-none-elf/lib/pic/libg.a(lib_a-sf_nan.o)
                0x000000000001a6e0                nanf
 *fill*         0x000000000001a6ec        0x4 
 .text.frexp    0x000000000001a6f0       0x7c /opt/devkitpro/devkitA64/lib/gcc/aarch64-none-elf/8.2.0/../../../../aarch64-none-elf/lib/pic/libg.a(lib_a-s_frexp.o)
                0x000000000001a6f0                frexp
 *fill*         0x000000000001a76c        0x4 
 .text.sprintf  0x000000000001a770       0xa8 /opt/devkitpro/devkitA64/lib/gcc/aarch64-none-elf/8.2.0/../../../../aarch64-none-elf/lib/pic/libg.a(lib_a-sprintf.o)
                0x000000000001a770                sprintf
 .text.stpncpy  0x000000000001a818       0xc8 /opt/devkitpro/devkitA64/lib/gcc/aarch64-none-elf/8.2.0/../../../../aarch64-none-elf/lib/pic/libg.a(lib_a-stpncpy.o)
                0x000000000001a818                stpncpy
 .text.sulp     0x000000000001a8e0       0x54 /opt/devkitpro/devkitA64/lib/gcc/aarch64-none-elf/8.2.0/../../../../aarch64-none-elf/lib/pic/libg.a(lib_a-strtod.o)
 *fill*         0x000000000001a934        0x4 
 .text._strtod_l
                0x000000000001a938     0x10f0 /opt/devkitpro/devkitA64/lib/gcc/aarch64-none-elf/8.2.0/../../../../aarch64-none-elf/lib/pic/libg.a(lib_a-strtod.o)
                0x000000000001a938                _strtod_l
 .text._strtod_r
                0x000000000001ba28       0x40 /opt/devkitpro/devkitA64/lib/gcc/aarch64-none-elf/8.2.0/../../../../aarch64-none-elf/lib/pic/libg.a(lib_a-strtod.o)
                0x000000000001ba28                _strtod_r
 .text._strtoll_l.isra.0
                0x000000000001ba68      0x1d0 /opt/devkitpro/devkitA64/lib/gcc/aarch64-none-elf/8.2.0/../../../../aarch64-none-elf/lib/pic/libg.a(lib_a-strtoll.o)
 .text._strtoll_r
                0x000000000001bc38       0x48 /opt/devkitpro/devkitA64/lib/gcc/aarch64-none-elf/8.2.0/../../../../aarch64-none-elf/lib/pic/libg.a(lib_a-strtoll.o)
                0x000000000001bc38                _strtoll_r
 .text._strtoull_l.isra.0
                0x000000000001bc80      0x1e0 /opt/devkitpro/devkitA64/lib/gcc/aarch64-none-elf/8.2.0/../../../../aarch64-none-elf/lib/pic/libg.a(lib_a-strtoull.o)
 .text._strtoull_r
                0x000000000001be60       0x48 /opt/devkitpro/devkitA64/lib/gcc/aarch64-none-elf/8.2.0/../../../../aarch64-none-elf/lib/pic/libg.a(lib_a-strtoull.o)
                0x000000000001be60                _strtoull_r
 .text.__ssprint_r
                0x000000000001bea8      0x1c0 /opt/devkitpro/devkitA64/lib/gcc/aarch64-none-elf/8.2.0/../../../../aarch64-none-elf/lib/pic/libg.a(lib_a-svfiprintf.o)
                0x000000000001bea8                __ssprint_r
 .text._sungetc_r
                0x000000000001c068       0xf4 /opt/devkitpro/devkitA64/lib/gcc/aarch64-none-elf/8.2.0/../../../../aarch64-none-elf/lib/pic/libg.a(lib_a-svfiscanf.o)
                0x000000000001c068                _sungetc_r
 .text.__ssrefill_r
                0x000000000001c15c       0x70 /opt/devkitpro/devkitA64/lib/gcc/aarch64-none-elf/8.2.0/../../../../aarch64-none-elf/lib/pic/libg.a(lib_a-svfiscanf.o)
                0x000000000001c15c                __ssrefill_r
 .text._sfread_r
                0x000000000001c1cc       0xe0 /opt/devkitpro/devkitA64/lib/gcc/aarch64-none-elf/8.2.0/../../../../aarch64-none-elf/lib/pic/libg.a(lib_a-svfiscanf.o)
                0x000000000001c1cc                _sfread_r
 .text.get_arg  0x000000000001c2ac      0x76c /opt/devkitpro/devkitA64/lib/gcc/aarch64-none-elf/8.2.0/../../../../aarch64-none-elf/lib/pic/libg.a(lib_a-svfprintf.o)
 .text._svfprintf_r
                0x000000000001ca18     0x3b44 /opt/devkitpro/devkitA64/lib/gcc/aarch64-none-elf/8.2.0/../../../../aarch64-none-elf/lib/pic/libg.a(lib_a-svfprintf.o)
                0x000000000001ca18                _svfprintf_r
 *fill*         0x000000000002055c        0x4 
 .text.__submore
                0x0000000000020560       0xc8 /opt/devkitpro/devkitA64/lib/gcc/aarch64-none-elf/8.2.0/../../../../aarch64-none-elf/lib/pic/libg.a(lib_a-ungetc.o)
                0x0000000000020560                __submore
 .text._wcsnrtombs_l
                0x0000000000020628      0x1dc /opt/devkitpro/devkitA64/lib/gcc/aarch64-none-elf/8.2.0/../../../../aarch64-none-elf/lib/pic/libg.a(lib_a-wcsnrtombs.o)
                0x0000000000020628                _wcsnrtombs_l
 *fill*         0x0000000000020804        0x4 
 .text._wcsnrtombs_r
                0x0000000000020808       0x54 /opt/devkitpro/devkitA64/lib/gcc/aarch64-none-elf/8.2.0/../../../../aarch64-none-elf/lib/pic/libg.a(lib_a-wcsnrtombs.o)
                0x0000000000020808                _wcsnrtombs_r
 *fill*         0x000000000002085c        0x4 
 .text._fclose_r
                0x0000000000020860      0x15c /opt/devkitpro/devkitA64/lib/gcc/aarch64-none-elf/8.2.0/../../../../aarch64-none-elf/lib/pic/libg.a(lib_a-fclose.o)
                0x0000000000020860                _fclose_r
 *fill*         0x00000000000209bc        0x4 
 .text.rshift   0x00000000000209c0      0x114 /opt/devkitpro/devkitA64/lib/gcc/aarch64-none-elf/8.2.0/../../../../aarch64-none-elf/lib/pic/libg.a(lib_a-gdtoa-gethex.o)
 *fill*         0x0000000000020ad4        0x4 
 .text.__gethex
                0x0000000000020ad8      0x7e8 /opt/devkitpro/devkitA64/lib/gcc/aarch64-none-elf/8.2.0/../../../../aarch64-none-elf/lib/pic/libg.a(lib_a-gdtoa-gethex.o)
                0x0000000000020ad8                __gethex
 .text.__match  0x00000000000212c0       0x48 /opt/devkitpro/devkitA64/lib/gcc/aarch64-none-elf/8.2.0/../../../../aarch64-none-elf/lib/pic/libg.a(lib_a-gdtoa-hexnan.o)
                0x00000000000212c0                __match
 .text.__hexnan
                0x0000000000021308      0x22c /opt/devkitpro/devkitA64/lib/gcc/aarch64-none-elf/8.2.0/../../../../aarch64-none-elf/lib/pic/libg.a(lib_a-gdtoa-hexnan.o)
                0x0000000000021308                __hexnan
 *fill*         0x0000000000021534        0x4 
 .text.null_write
                0x0000000000021538        0x8 /opt/devkitpro/devkitA64/lib/gcc/aarch64-none-elf/8.2.0/../../../../aarch64-none-elf/lib/pic/libsysbase.a(iosupport.o)
 .text.setDefaultDevice
                0x0000000000021540       0x18 /opt/devkitpro/devkitA64/lib/gcc/aarch64-none-elf/8.2.0/../../../../aarch64-none-elf/lib/pic/libsysbase.a(iosupport.o)
                0x0000000000021540                setDefaultDevice
 .text.FindDevice
                0x0000000000021558       0xf8 /opt/devkitpro/devkitA64/lib/gcc/aarch64-none-elf/8.2.0/../../../../aarch64-none-elf/lib/pic/libsysbase.a(iosupport.o)
                0x0000000000021558                FindDevice
 .text.RemoveDevice
                0x0000000000021650       0x34 /opt/devkitpro/devkitA64/lib/gcc/aarch64-none-elf/8.2.0/../../../../aarch64-none-elf/lib/pic/libsysbase.a(iosupport.o)
                0x0000000000021650                RemoveDevice
 *fill*         0x0000000000021684        0x4 
 .text.AddDevice
                0x0000000000021688       0xd8 /opt/devkitpro/devkitA64/lib/gcc/aarch64-none-elf/8.2.0/../../../../aarch64-none-elf/lib/pic/libsysbase.a(iosupport.o)
                0x0000000000021688                AddDevice