Archive member included to satisfy reference by file (symbol)

/opt/devkitpro/libnx/lib/libnx.a(applet.o)
                              main.o (appletMainLoop)
/opt/devkitpro/libnx/lib/libnx.a(hid.o)
                              main.o (hidKeysDown)
/opt/devkitpro/libnx/lib/libnx.a(apm.o)
                              /opt/devkitpro/libnx/lib/libnx.a(applet.o) (apmExit)
/opt/devkitpro/libnx/lib/libnx.a(sm.o)
                              /opt/devkitpro/libnx/lib/libnx.a(applet.o) (smGetService)
/opt/devkitpro/libnx/lib/libnx.a(fatal.o)
                              /opt/devkitpro/libnx/lib/libnx.a(applet.o) (fatalSimple)
/opt/devkitpro/libnx/lib/libnx.a(env.o)
                              /opt/devkitpro/libnx/lib/libnx.a(applet.o) (envIsNso)
/opt/devkitpro/libnx/lib/libnx.a(socket.o)
                              main.o (socketGetDefaultInitConfig)
/opt/devkitpro/libnx/lib/libnx.a(console.o)
                              main.o (consoleInit)
/opt/devkitpro/libnx/lib/libnx.a(console_sw.o)
                              /opt/devkitpro/libnx/lib/libnx.a(console.o) (getDefaultConsoleRenderer)
/opt/devkitpro/libnx/lib/libnx.a(convert_errno.o)
                              /opt/devkitpro/libnx/lib/libnx.a(socket.o) (_convert_errno)
/opt/devkitpro/libnx/lib/libnx.a(svc.o)
                              /opt/devkitpro/libnx/lib/libnx.a(applet.o) (svcExitProcess)
/opt/devkitpro/libnx/lib/libnx.a(readtp.o)
                              /opt/devkitpro/libnx/lib/libnx.a(socket.o) (__aarch64_read_tp)
/opt/devkitpro/libnx/lib/libnx.a(switch_crt0.o)
                              (_start)
/opt/devkitpro/libnx/lib/libnx.a(default_font.bin.o)
                              /opt/devkitpro/libnx/lib/libnx.a(console.o) (default_font_bin)
/opt/devkitpro/libnx/lib/libnx.a(detect.o)
                              /opt/devkitpro/libnx/lib/libnx.a(applet.o) (kernelAbove200)
/opt/devkitpro/libnx/lib/libnx.a(tmem.o)
                              /opt/devkitpro/libnx/lib/libnx.a(applet.o) (tmemCreate)
/opt/devkitpro/libnx/lib/libnx.a(wait.o)
                              /opt/devkitpro/libnx/lib/libnx.a(applet.o) (waitObjects)
/opt/devkitpro/libnx/lib/libnx.a(rwlock.o)
                              /opt/devkitpro/libnx/lib/libnx.a(hid.o) (rwlockReadLock)
/opt/devkitpro/libnx/lib/libnx.a(mutex.o)
                              /opt/devkitpro/libnx/lib/libnx.a(detect.o) (mutexLock)
/opt/devkitpro/libnx/lib/libnx.a(shmem.o)
                              /opt/devkitpro/libnx/lib/libnx.a(hid.o) (shmemLoadRemote)
/opt/devkitpro/libnx/lib/libnx.a(virtmem.o)
                              /opt/devkitpro/libnx/lib/libnx.a(tmem.o) (virtmemReserve)
/opt/devkitpro/libnx/lib/libnx.a(event.o)
                              /opt/devkitpro/libnx/lib/libnx.a(applet.o) (eventLoadRemote)
/opt/devkitpro/libnx/lib/libnx.a(sfdnsres.o)
                              /opt/devkitpro/libnx/lib/libnx.a(socket.o) (sfdnsresGetHostByName)
/opt/devkitpro/libnx/lib/libnx.a(bsd.o)
                              /opt/devkitpro/libnx/lib/libnx.a(socket.o) (g_bsdResult)
/opt/devkitpro/libnx/lib/libnx.a(nifm.o)
                              /opt/devkitpro/libnx/lib/libnx.a(socket.o) (nifmExit)
/opt/devkitpro/libnx/lib/libnx.a(default_window.o)
                              /opt/devkitpro/libnx/lib/libnx.a(console_sw.o) (nwindowGetDefault)
/opt/devkitpro/libnx/lib/libnx.a(framebuffer.o)
                              /opt/devkitpro/libnx/lib/libnx.a(console_sw.o) (framebufferMakeLinear)
/opt/devkitpro/libnx/lib/libnx.a(native_window.o)
                              /opt/devkitpro/libnx/lib/libnx.a(framebuffer.o) (nwindowIsValid)
/opt/devkitpro/libnx/lib/libnx.a(dynamic.o)
                              /opt/devkitpro/libnx/lib/libnx.a(switch_crt0.o) (__nx_dynamic)
/opt/devkitpro/libnx/lib/libnx.a(init.o)
                              /opt/devkitpro/libnx/lib/libnx.a(switch_crt0.o) (__libnx_init)
/opt/devkitpro/libnx/lib/libnx.a(newlib.o)
                              /opt/devkitpro/libnx/lib/libnx.a(init.o) (__libnx_init_time)
/opt/devkitpro/libnx/lib/libnx.a(argv.o)
                              /opt/devkitpro/libnx/lib/libnx.a(init.o) (argvSetup)
/opt/devkitpro/libnx/lib/libnx.a(fs_dev.o)
                              /opt/devkitpro/libnx/lib/libnx.a(init.o) (fsdevMountSdmc)
/opt/devkitpro/libnx/lib/libnx.a(decode_utf8.o)
                              /opt/devkitpro/libnx/lib/libnx.a(fs_dev.o) (decode_utf8)
/opt/devkitpro/libnx/lib/libnx.a(cache.o)
                              /opt/devkitpro/libnx/lib/libnx.a(framebuffer.o) (armDCacheFlush)
/opt/devkitpro/libnx/lib/libnx.a(exception.o)
                              /opt/devkitpro/libnx/lib/libnx.a(switch_crt0.o) (__libnx_exception_entry)
/opt/devkitpro/libnx/lib/libnx.a(time.o)
                              /opt/devkitpro/libnx/lib/libnx.a(init.o) (timeExit)
/opt/devkitpro/libnx/lib/libnx.a(vi.o)
                              /opt/devkitpro/libnx/lib/libnx.a(default_window.o) (viExit)
/opt/devkitpro/libnx/lib/libnx.a(fs.o)
[...]
Memory Configuration

Name             Origin             Length             Attributes
*default*        0x0000000000000000 0xffffffffffffffff

Linker script and memory map

                0x0000000000000000                PROVIDE (__start__ = 0x0)
                0x0000000000000000                . = __start__

.crt0           0x0000000000000000      0x150
 *(.crt0)
 .crt0          0x0000000000000000      0x14c /opt/devkitpro/libnx/lib/libnx.a(switch_crt0.o)
                0x0000000000000000                _start
                0x0000000000000120                __nx_exit
                0x0000000000000130                __nx_mod0
                0x0000000000000150                . = ALIGN (0x8)
 *fill*         0x000000000000014c        0x4 

.init           0x0000000000000150       0x38
 *(.init)
 .init          0x0000000000000150       0x18 /opt/devkitpro/devkitA64/lib/gcc/aarch64-none-elf/8.2.0/pic/crti.o
                0x0000000000000150                _init
 .init          0x0000000000000168       0x1c /opt/devkitpro/devkitA64/lib/gcc/aarch64-none-elf/8.2.0/pic/crtn.o
                0x0000000000000188                . = ALIGN (0x8)
 *fill*         0x0000000000000184        0x4 

.plt            0x0000000000000188        0x0
 *(.plt)
 .plt           0x0000000000000188        0x0 /opt/devkitpro/devkitA64/lib/gcc/aarch64-none-elf/8.2.0/pic/crti.o
 *(.iplt)
                0x0000000000000188                . = ALIGN (0x8)

.text           0x00000000000001c0    0x2a248
 *(.text.unlikely .text.*_unlikely .text.unlikely.*)
 *(.text.exit .text.exit.*)
 .text.exit     0x00000000000001c0       0x38 /opt/devkitpro/devkitA64/lib/gcc/aarch64-none-elf/8.2.0/../../../../aarch64-none-elf/lib/pic/libg.a(lib_a-exit.o)
                0x00000000000001c0                exit
 *(.text.startup .text.startup.*)
 *fill*         0x00000000000001f8        0x8 
 .text.startup.main
                0x0000000000000200       0xa8 main.o
                0x0000000000000200                main
 *(.text.hot .text.hot.*)
 *(.text .stub .text.* .gnu.linkonce.t.*)
 .text.deregister_tm_clones
                0x00000000000002a8       0x2c /opt/devkitpro/devkitA64/lib/gcc/aarch64-none-elf/8.2.0/pic/crtbegin.o
 *fill*         0x00000000000002d4        0x4 
 .text.register_tm_clones
                0x00000000000002d8       0x38 /opt/devkitpro/devkitA64/lib/gcc/aarch64-none-elf/8.2.0/pic/crtbegin.o
 .text.__do_global_dtors_aux
                0x0000000000000310       0x48 /opt/devkitpro/devkitA64/lib/gcc/aarch64-none-elf/8.2.0/pic/crtbegin.o
 .text.frame_dummy
                0x0000000000000358       0x34 /opt/devkitpro/devkitA64/lib/gcc/aarch64-none-elf/8.2.0/pic/crtbegin.o
 *fill*         0x000000000000038c        0x4 
 .text.getPageFromRequest
                0x0000000000000390       0xa4 main.o
                0x0000000000000390                getPageFromRequest
 *fill*         0x0000000000000434        0xc 
 .text.createWebService
                0x0000000000000440      0x1f0 main.o
                0x0000000000000440                createWebService
 .text.ipcParse
                0x0000000000000630      0x22c /opt/devkitpro/libnx/lib/libnx.a(applet.o)
 *fill*         0x000000000000085c        0x4 
 .text.ipcCloseObjectById
                0x0000000000000860       0x34 /opt/devkitpro/libnx/lib/libnx.a(applet.o)
 *fill*         0x0000000000000894        0xc 
 .text._appletGetSession
                0x00000000000008a0      0x1d8 /opt/devkitpro/libnx/lib/libnx.a(applet.o)
 *fill*         0x0000000000000a78        0x8 
 .text._appletReceiveMessage
                0x0000000000000a80      0x19c /opt/devkitpro/libnx/lib/libnx.a(applet.o)
 *fill*         0x0000000000000c1c        0x4 
 .text._appletGetPerformanceMode.constprop.35
                0x0000000000000c20      0x18c /opt/devkitpro/libnx/lib/libnx.a(applet.o)
 *fill*         0x0000000000000dac        0x4 
 .text._appletSetOperationModeChangedNotification.constprop.37
                0x0000000000000db0      0x164 /opt/devkitpro/libnx/lib/libnx.a(applet.o)
 *fill*         0x0000000000000f14        0xc 
 .text._appletSetPerformanceModeChangedNotification.constprop.38
                0x0000000000000f20      0x164 /opt/devkitpro/libnx/lib/libnx.a(applet.o)
 *fill*         0x0000000000001084        0xc 
 .text._appletSetOutOfFocusSuspendingEnabled
                0x0000000000001090      0x16c /opt/devkitpro/libnx/lib/libnx.a(applet.o)
 *fill*         0x00000000000011fc        0x4 
 .text._appletGetHandle.constprop.33
                0x0000000000001200      0x178 /opt/devkitpro/libnx/lib/libnx.a(applet.o)
 *fill*         0x0000000000001378        0x8 
 .text._appletGetEvent.constprop.32
                0x0000000000001380       0x54 /opt/devkitpro/libnx/lib/libnx.a(applet.o)
 *fill*         0x00000000000013d4        0xc 
 .text._appletSetFocusHandlingMode
                0x00000000000013e0      0x17c /opt/devkitpro/libnx/lib/libnx.a(applet.o)
 *fill*         0x000000000000155c        0x4 
 .text._appletGetSessionProxy.constprop.31
                0x0000000000001560      0x1f0 /opt/devkitpro/libnx/lib/libnx.a(applet.o)
 .text.ipcConvertSessionToDomain
                0x0000000000001750       0xc4 /opt/devkitpro/libnx/lib/libnx.a(applet.o)
 *fill*         0x0000000000001814        0xc 
 .text.ipcCloneSession.constprop.42
                0x0000000000001820      0x10c /opt/devkitpro/libnx/lib/libnx.a(applet.o)
 *fill*         0x000000000000192c        0x4 
 .text._appletCmdNoIO
                0x0000000000001930      0x384 /opt/devkitpro/libnx/lib/libnx.a(applet.o)
 *fill*         0x0000000000001cb4        0xc 
 .text._appletCmdNoInOut64
                0x0000000000001cc0      0x394 /opt/devkitpro/libnx/lib/libnx.a(applet.o)
 *fill*         0x0000000000002054        0xc 
 .text._appletGetCurrentFocusState.constprop.36
                0x0000000000002060      0x3ac /opt/devkitpro/libnx/lib/libnx.a(applet.o)
 *fill*         0x000000000000240c        0x4 
 .text._appletGetOperationMode.constprop.34
                0x0000000000002410      0x3ac /opt/devkitpro/libnx/lib/libnx.a(applet.o)
 *fill*         0x00000000000027bc        0x4 
 .text.appletGetAppletType
                0x00000000000027c0       0x10 /opt/devkitpro/libnx/lib/libnx.a(applet.o)
                0x00000000000027c0                appletGetAppletType
 .text.appletSetFocusHandlingMode
                0x00000000000027d0       0xec /opt/devkitpro/libnx/lib/libnx.a(applet.o)
                0x00000000000027d0                appletSetFocusHandlingMode
 *fill*         0x00000000000028bc        0x4 
 .text.appletGetAppletResourceUserId
                0x00000000000028c0       0x28 /opt/devkitpro/libnx/lib/libnx.a(applet.o)
                0x00000000000028c0                appletGetAppletResourceUserId
 *fill*         0x00000000000028e8        0x8 
 .text.appletNotifyRunning
                0x00000000000028f0      0x1b0 /opt/devkitpro/libnx/lib/libnx.a(applet.o)
                0x00000000000028f0                appletNotifyRunning
 .text.appletSetGamePlayRecordingState
                0x0000000000002aa0      0x1a8 /opt/devkitpro/libnx/lib/libnx.a(applet.o)
                0x0000000000002aa0                appletSetGamePlayRecordingState
 *fill*         0x0000000000002c48        0x8 
 .text.appletExit
                0x0000000000002c50      0x69c /opt/devkitpro/libnx/lib/libnx.a(applet.o)
                0x0000000000002c50                appletExit
 *fill*         0x00000000000032ec        0x4 
 .text.appletInitialize
                0x00000000000032f0      0x4f0 /opt/devkitpro/libnx/lib/libnx.a(applet.o)
                0x00000000000032f0                appletInitialize
 .text._appletExitProcess
                0x00000000000037e0       0x10 /opt/devkitpro/libnx/lib/libnx.a(applet.o)
 .text.appletCreateManagedDisplayLayer
                0x00000000000037f0       0x14 /opt/devkitpro/libnx/lib/libnx.a(applet.o)
                0x00000000000037f0                appletCreateManagedDisplayLayer
 *fill*         0x0000000000003804        0xc 
 .text.appletMainLoop
                0x0000000000003810      0x17c /opt/devkitpro/libnx/lib/libnx.a(applet.o)
                0x0000000000003810                appletMainLoop
 *fill*         0x000000000000398c        0x4 
 .text.ipcCloseObjectById
                0x0000000000003990       0x34 /opt/devkitpro/libnx/lib/libnx.a(hid.o)
 *fill*         0x00000000000039c4        0xc 
 .text._hidGetSharedMemoryHandle.constprop.10
                0x00000000000039d0      0x124 /opt/devkitpro/libnx/lib/libnx.a(hid.o)
 *fill*         0x0000000000003af4        0xc 
 .text._hidCreateAppletResource.constprop.9
                0x0000000000003b00      0x134 /opt/devkitpro/libnx/lib/libnx.a(hid.o)
 *fill*         0x0000000000003c34        0xc 
 .text._hidCmdWithNoInput
                0x0000000000003c40      0x100 /opt/devkitpro/libnx/lib/libnx.a(hid.o)
 .text._hidCmdWithInputU32
                0x0000000000003d40      0x10c /opt/devkitpro/libnx/lib/libnx.a(hid.o)
 *fill*         0x0000000000003e4c        0x4 
 .text._hidCmdWithInputU64.constprop.11
                0x0000000000003e50      0x108 /opt/devkitpro/libnx/lib/libnx.a(hid.o)
 *fill*         0x0000000000003f58        0x8 
 .text.hidReset
                0x0000000000003f60      0x1d0 /opt/devkitpro/libnx/lib/libnx.a(hid.o)
                0x0000000000003f60                hidReset
 .text.hidGetSharedmemAddr
                0x0000000000004130        0xc /opt/devkitpro/libnx/lib/libnx.a(hid.o)
                0x0000000000004130                hidGetSharedmemAddr
 *fill*         0x000000000000413c        0x4 
 .text.hidKeysDown
                0x0000000000004140       0x6c /opt/devkitpro/libnx/lib/libnx.a(hid.o)
                0x0000000000004140                hidKeysDown
 *fill*         0x00000000000041ac        0x4 
 .text.hidTouchCount
                0x00000000000041b0        0xc /opt/devkitpro/libnx/lib/libnx.a(hid.o)
                0x00000000000041b0                hidTouchCount
 *fill*         0x00000000000041bc        0x4 
 .text.hidScanInput
                0x00000000000041c0      0x560 /opt/devkitpro/libnx/lib/libnx.a(hid.o)
                0x00000000000041c0                hidScanInput
 .text.hidSetSupportedNpadIdType
                0x0000000000004720      0x198 /opt/devkitpro/libnx/lib/libnx.a(hid.o)
                0x0000000000004720                hidSetSupportedNpadIdType
 *fill*         0x00000000000048b8        0x8 
 .text.hidSetSupportedNpadStyleSet
                0x00000000000048c0        0xc /opt/devkitpro/libnx/lib/libnx.a(hid.o)
                0x00000000000048c0                hidSetSupportedNpadStyleSet
 *fill*         0x00000000000048cc        0x4 
 .text.hidSetNpadJoyHoldType
                0x00000000000048d0        0x8 /opt/devkitpro/libnx/lib/libnx.a(hid.o)
                0x00000000000048d0                hidSetNpadJoyHoldType
 *fill*         0x00000000000048d8        0x8 
 .text.hidSetNpadJoyAssignmentModeDual
                0x00000000000048e0        0xc /opt/devkitpro/libnx/lib/libnx.a(hid.o)
                0x00000000000048e0                hidSetNpadJoyAssignmentModeDual
 *fill*         0x00000000000048ec        0x4 
 .text.hidExit  0x00000000000048f0      0x12c /opt/devkitpro/libnx/lib/libnx.a(hid.o)
                0x00000000000048f0                hidExit
 *fill*         0x0000000000004a1c        0x4 
 .text.hidInitialize
                0x0000000000004a20      0x168 /opt/devkitpro/libnx/lib/libnx.a(hid.o)
                0x0000000000004a20                hidInitialize
 *fill*         0x0000000000004b88        0x8 
 .text.ipcCloseObjectById
                0x0000000000004b90       0x34 /opt/devkitpro/libnx/lib/libnx.a(apm.o)
 *fill*         0x0000000000004bc4        0xc 
 .text._apmGetSession.constprop.4
                0x0000000000004bd0      0x124 /opt/devkitpro/libnx/lib/libnx.a(apm.o)
 *fill*         0x0000000000004cf4        0xc 
 .text.apmExit  0x0000000000004d00       0xf0 /opt/devkitpro/libnx/lib/libnx.a(apm.o)
                0x0000000000004d00                apmExit
 .text.apmInitialize
                0x0000000000004df0       0x8c /opt/devkitpro/libnx/lib/libnx.a(apm.o)
                0x0000000000004df0                apmInitialize
 *fill*         0x0000000000004e7c        0x4 
 .text.apmSetPerformanceConfiguration
                0x0000000000004e80       0xcc /opt/devkitpro/libnx/lib/libnx.a(apm.o)
                0x0000000000004e80                apmSetPerformanceConfiguration
 *fill*         0x0000000000004f4c        0x4 
 .text.smAddOverrideHandle
                0x0000000000004f50       0x44 /opt/devkitpro/libnx/lib/libnx.a(sm.o)
                0x0000000000004f50                smAddOverrideHandle
 *fill*         0x0000000000004f94        0xc 
 .text.smGetServiceOverride
                0x0000000000004fa0       0x60 /opt/devkitpro/libnx/lib/libnx.a(sm.o)
                0x0000000000004fa0                smGetServiceOverride
 .text.smHasInitialized
                0x0000000000005000       0x14 /opt/devkitpro/libnx/lib/libnx.a(sm.o)
                0x0000000000005000                smHasInitialized
 *fill*         0x0000000000005014        0xc 
 .text.smExit   0x0000000000005020       0x5c /opt/devkitpro/libnx/lib/libnx.a(sm.o)
                0x0000000000005020                smExit
 *fill*         0x000000000000507c        0x4 
 .text.smEncodeName
                0x0000000000005080       0x38 /opt/devkitpro/libnx/lib/libnx.a(sm.o)
                0x0000000000005080                smEncodeName
 *fill*         0x00000000000050b8        0x8 
 .text.smGetServiceOriginal
                0x00000000000050c0      0x12c /opt/devkitpro/libnx/lib/libnx.a(sm.o)
                0x00000000000050c0                smGetServiceOriginal
 *fill*         0x00000000000051ec        0x4 
 .text.smInitialize
                0x00000000000051f0      0x158 /opt/devkitpro/libnx/lib/libnx.a(sm.o)
                0x00000000000051f0                smInitialize
 *fill*         0x0000000000005348        0x8 
 .text.smGetService
                0x0000000000005350       0x74 /opt/devkitpro/libnx/lib/libnx.a(sm.o)
                0x0000000000005350                smGetService
 *fill*         0x00000000000053c4        0xc 
 .text._fatalImpl
                0x00000000000053d0      0x140 /opt/devkitpro/libnx/lib/libnx.a(fatal.o)
 .text.fatalWithType
                0x0000000000005510       0x14 /opt/devkitpro/libnx/lib/libnx.a(fatal.o)
                0x0000000000005510                fatalWithType
 *fill*         0x0000000000005524        0xc 
 .text.fatalSimple
                0x0000000000005530       0x14 /opt/devkitpro/libnx/lib/libnx.a(fatal.o)
                0x0000000000005530                fatalSimple
 *fill*         0x0000000000005544        0xc 
 .text.envSetup
                0x0000000000005550      0x208 /opt/devkitpro/libnx/lib/libnx.a(env.o)
                0x0000000000005550                envSetup
 *fill*         0x0000000000005758        0x8 
 .text.envGetMainThreadHandle
                0x0000000000005760       0x20 /opt/devkitpro/libnx/lib/libnx.a(env.o)
                0x0000000000005760                envGetMainThreadHandle
 .text.envIsNso
                0x0000000000005780        0xc /opt/devkitpro/libnx/lib/libnx.a(env.o)
                0x0000000000005780                envIsNso
 *fill*         0x000000000000578c        0x4 
 .text.envHasHeapOverride
                0x0000000000005790       0x14 /opt/devkitpro/libnx/lib/libnx.a(env.o)
                0x0000000000005790                envHasHeapOverride
 *fill*         0x00000000000057a4        0xc 
 .text.envGetHeapOverrideAddr
                0x00000000000057b0        0xc /opt/devkitpro/libnx/lib/libnx.a(env.o)
                0x00000000000057b0                envGetHeapOverrideAddr
 *fill*         0x00000000000057bc        0x4 
 .text.envGetHeapOverrideSize
                0x00000000000057c0        0xc /opt/devkitpro/libnx/lib/libnx.a(env.o)
                0x00000000000057c0                envGetHeapOverrideSize
 *fill*         0x00000000000057cc        0x4 
 .text.envHasArgv
                0x00000000000057d0       0x14 /opt/devkitpro/libnx/lib/libnx.a(env.o)
                0x00000000000057d0                envHasArgv
 *fill*         0x00000000000057e4        0xc 
 .text.envGetArgv
                0x00000000000057f0        0xc /opt/devkitpro/libnx/lib/libnx.a(env.o)
                0x00000000000057f0                envGetArgv
 *fill*         0x00000000000057fc        0x4 
 .text.envGetExitFuncPtr
                0x0000000000005800        0xc /opt/devkitpro/libnx/lib/libnx.a(env.o)
                0x0000000000005800                envGetExitFuncPtr
 *fill*         0x000000000000580c        0x4 
 .text.envSetExitFuncPtr
                0x0000000000005810        0xc /opt/devkitpro/libnx/lib/libnx.a(env.o)
                0x0000000000005810                envSetExitFuncPtr
 *fill*         0x000000000000581c        0x4 
 .text._socketParseBsdResult.part.0
                0x0000000000005820       0xa8 /opt/devkitpro/libnx/lib/libnx.a(socket.o)
 *fill*         0x00000000000058c8        0x8 
 .text._socketRead
                0x00000000000058d0       0x48 /opt/devkitpro/libnx/lib/libnx.a(socket.o)
 *fill*         0x0000000000005918        0x8 
 .text._socketWrite
                0x0000000000005920       0x48 /opt/devkitpro/libnx/lib/libnx.a(socket.o)
 *fill*         0x0000000000005968        0x8 
 .text._socketClose
                0x0000000000005970       0x3c /opt/devkitpro/libnx/lib/libnx.a(socket.o)
 *fill*         0x00000000000059ac        0x4 
 .text._socketOpen
                0x00000000000059b0       0x7c /opt/devkitpro/libnx/lib/libnx.a(socket.o)
 *fill*         0x0000000000005a2c        0x4 
 .text.inet_ntop4
                0x0000000000005a30      0x110 /opt/devkitpro/libnx/lib/libnx.a(socket.o)
 .text._socketGetFd
                0x0000000000005b40       0x80 /opt/devkitpro/libnx/lib/libnx.a(socket.o)
 .text.socketGetDefaultInitConfig
                0x0000000000005bc0        0xc /opt/devkitpro/libnx/lib/libnx.a(socket.o)
                0x0000000000005bc0                socketGetDefaultInitConfig
 *fill*         0x0000000000005bcc        0x4 
 .text.socketExit
                0x0000000000005bd0       0x20 /opt/devkitpro/libnx/lib/libnx.a(socket.o)
                0x0000000000005bd0                socketExit
 .text.socketInitialize
                0x0000000000005bf0      0x108 /opt/devkitpro/libnx/lib/libnx.a(socket.o)
                0x0000000000005bf0                socketInitialize
 *fill*         0x0000000000005cf8        0x8 
 .text.socket   0x0000000000005d00       0xa4 /opt/devkitpro/libnx/lib/libnx.a(socket.o)
                0x0000000000005d00                socket
 *fill*         0x0000000000005da4        0xc 
 .text.recv     0x0000000000005db0       0x50 /opt/devkitpro/libnx/lib/libnx.a(socket.o)
                0x0000000000005db0                recv
 .text.accept   0x0000000000005e00       0xac /opt/devkitpro/libnx/lib/libnx.a(socket.o)
                0x0000000000005e00                accept
 *fill*         0x0000000000005eac        0x4 
 .text.bind     0x0000000000005eb0       0x54 /opt/devkitpro/libnx/lib/libnx.a(socket.o)
                0x0000000000005eb0                bind
 *fill*         0x0000000000005f04        0xc 
 .text.listen   0x0000000000005f10       0x4c /opt/devkitpro/libnx/lib/libnx.a(socket.o)
                0x0000000000005f10                listen
 *fill*         0x0000000000005f5c        0x4 
 .text.inet_ntop
                0x0000000000005f60      0x378 /opt/devkitpro/libnx/lib/libnx.a(socket.o)
                0x0000000000005f60                inet_ntop
 *fill*         0x00000000000062d8        0x8 
 .text.inet_ntoa
                0x00000000000062e0       0x40 /opt/devkitpro/libnx/lib/libnx.a(socket.o)
                0x00000000000062e0                inet_ntoa
 .text.gethostid
                0x0000000000006320       0x2c /opt/devkitpro/libnx/lib/libnx.a(socket.o)
                0x0000000000006320                gethostid
 *fill*         0x000000000000634c        0x4 
 .text.consoleDrawChar
                0x0000000000006350       0x44 /opt/devkitpro/libnx/lib/libnx.a(console.o)
 *fill*         0x0000000000006394        0xc 
 .text.consoleClearLine
                0x00000000000063a0      0x140 /opt/devkitpro/libnx/lib/libnx.a(console.o)
 .text.consoleNewRow
                0x00000000000064e0       0x4c /opt/devkitpro/libnx/lib/libnx.a(console.o)
 *fill*         0x000000000000652c        0x4 
 .text.consolePrintChar
                0x0000000000006530      0x118 /opt/devkitpro/libnx/lib/libnx.a(console.o)
 *fill*         0x0000000000006648        0x8 
 .text.consoleCls
                0x0000000000006650      0x15c /opt/devkitpro/libnx/lib/libnx.a(console.o)
 *fill*         0x00000000000067ac        0x4 
 .text.con_write
                0x00000000000067b0      0x7e0 /opt/devkitpro/libnx/lib/libnx.a(console.o)
 .text.consoleInit
                0x0000000000006f90      0x11c /opt/devkitpro/libnx/lib/libnx.a(console.o)
                0x0000000000006f90                consoleInit
 *fill*         0x00000000000070ac        0x4 
 .text.consoleExit
                0x00000000000070b0       0x48 /opt/devkitpro/libnx/lib/libnx.a(console.o)
                0x00000000000070b0                consoleExit
 *fill*         0x00000000000070f8        0x8 
 .text.consoleUpdate
                0x0000000000007100       0x28 /opt/devkitpro/libnx/lib/libnx.a(console.o)
                0x0000000000007100                consoleUpdate
 *fill*         0x0000000000007128        0x8 
 .text.ConsoleSwRenderer_flushAndSwap
                0x0000000000007130       0x70 /opt/devkitpro/libnx/lib/libnx.a(console_sw.o)
 .text.ConsoleSwRenderer_scrollWindow
                0x00000000000071a0       0xc4 /opt/devkitpro/libnx/lib/libnx.a(console_sw.o)
 *fill*         0x0000000000007264        0xc 
 .text.ConsoleSwRenderer_drawChar
                0x0000000000007270      0x188 /opt/devkitpro/libnx/lib/libnx.a(console_sw.o)
 *fill*         0x00000000000073f8        0x8 
 .text.ConsoleSwRenderer_deinit
                0x0000000000007400       0x3c /opt/devkitpro/libnx/lib/libnx.a(console_sw.o)
 *fill*         0x000000000000743c        0x4 
 .text.ConsoleSwRenderer_init
                0x0000000000007440       0xf4 /opt/devkitpro/libnx/lib/libnx.a(console_sw.o)
 *fill*         0x0000000000007534        0xc 
 .text.getDefaultConsoleRenderer
                0x0000000000007540        0xc /opt/devkitpro/libnx/lib/libnx.a(console_sw.o)
                0x0000000000007540                getDefaultConsoleRenderer
 *fill*         0x000000000000754c        0x4 
 .text._convert_errno
                0x0000000000007550       0x30 /opt/devkitpro/libnx/lib/libnx.a(convert_errno.o)
                0x0000000000007550                _convert_errno
 .text.svcSetHeapSize
                0x0000000000007580       0x14 /opt/devkitpro/libnx/lib/libnx.a(svc.o)
                0x0000000000007580                svcSetHeapSize
 .text.svcSetMemoryAttribute
                0x0000000000007594        0x8 /opt/devkitpro/libnx/lib/libnx.a(svc.o)
                0x0000000000007594                svcSetMemoryAttribute
 .text.svcUnmapMemory
                0x000000000000759c        0x8 /opt/devkitpro/libnx/lib/libnx.a(svc.o)
                0x000000000000759c                svcUnmapMemory
 .text.svcQueryMemory
                0x00000000000075a4       0x14 /opt/devkitpro/libnx/lib/libnx.a(svc.o)
                0x00000000000075a4                svcQueryMemory
 .text.svcExitProcess
                0x00000000000075b8        0x8 /opt/devkitpro/libnx/lib/libnx.a(svc.o)
                0x00000000000075b8                svcExitProcess
 .text.svcSleepThread
                0x00000000000075c0        0x8 /opt/devkitpro/libnx/lib/libnx.a(svc.o)
                0x00000000000075c0                svcSleepThread
 .text.svcMapSharedMemory
                0x00000000000075c8        0x8 /opt/devkitpro/libnx/lib/libnx.a(svc.o)
                0x00000000000075c8                svcMapSharedMemory
 .text.svcUnmapSharedMemory
                0x00000000000075d0        0x8 /opt/devkitpro/libnx/lib/libnx.a(svc.o)
                0x00000000000075d0                svcUnmapSharedMemory
 .text.svcCreateTransferMemory
                0x00000000000075d8       0x14 /opt/devkitpro/libnx/lib/libnx.a(svc.o)
                0x00000000000075d8                svcCreateTransferMemory
 .text.svcCloseHandle
                0x00000000000075ec        0x8 /opt/devkitpro/libnx/lib/libnx.a(svc.o)
                0x00000000000075ec                svcCloseHandle
 .text.svcResetSignal
                0x00000000000075f4        0x8 /opt/devkitpro/libnx/lib/libnx.a(svc.o)
                0x00000000000075f4                svcResetSignal
 .text.svcWaitSynchronization
                0x00000000000075fc       0x14 /opt/devkitpro/libnx/lib/libnx.a(svc.o)
                0x00000000000075fc                svcWaitSynchronization
 .text.svcArbitrateLock
                0x0000000000007610        0x8 /opt/devkitpro/libnx/lib/libnx.a(svc.o)
                0x0000000000007610                svcArbitrateLock
 .text.svcArbitrateUnlock
                0x0000000000007618        0x8 /opt/devkitpro/libnx/lib/libnx.a(svc.o)
                0x0000000000007618                svcArbitrateUnlock
 .text.svcConnectToNamedPort
                0x0000000000007620       0x14 /opt/devkitpro/libnx/lib/libnx.a(svc.o)
                0x0000000000007620                svcConnectToNamedPort
 .text.svcSendSyncRequest
                0x0000000000007634        0x8 /opt/devkitpro/libnx/lib/libnx.a(svc.o)
                0x0000000000007634                svcSendSyncRequest
 .text.svcBreak
                0x000000000000763c        0x8 /opt/devkitpro/libnx/lib/libnx.a(svc.o)
                0x000000000000763c                svcBreak
 .text.svcReturnFromException
                0x0000000000007644        0x8 /opt/devkitpro/libnx/lib/libnx.a(svc.o)
                0x0000000000007644                svcReturnFromException
 .text.svcGetInfo
                0x000000000000764c       0x14 /opt/devkitpro/libnx/lib/libnx.a(svc.o)
                0x000000000000764c                svcGetInfo
 .text.svcUnmapTransferMemory
                0x0000000000007660        0x8 /opt/devkitpro/libnx/lib/libnx.a(svc.o)
                0x0000000000007660                svcUnmapTransferMemory
 .text.__aarch64_read_tp
                0x0000000000007668        0xc /opt/devkitpro/libnx/lib/libnx.a(readtp.o)
                0x0000000000007668                __aarch64_read_tp
 *fill*         0x0000000000007674        0xc 
 .text._CacheValues
                0x0000000000007680      0x180 /opt/devkitpro/libnx/lib/libnx.a(detect.o)
 .text.kernelAbove200
                0x0000000000007800       0x1c /opt/devkitpro/libnx/lib/libnx.a(detect.o)
                0x0000000000007800                kernelAbove200
 *fill*         0x000000000000781c        0x4 
 .text.kernelAbove300
                0x0000000000007820       0x1c /opt/devkitpro/libnx/lib/libnx.a(detect.o)
                0x0000000000007820                kernelAbove300
 *fill*         0x000000000000783c        0x4 
 .text.detectDebugger
                0x0000000000007840       0x30 /opt/devkitpro/libnx/lib/libnx.a(detect.o)
                0x0000000000007840                detectDebugger
 .text.tmemCreate
                0x0000000000007870       0xa8 /opt/devkitpro/libnx/lib/libnx.a(tmem.o)
                0x0000000000007870                tmemCreate
 *fill*         0x0000000000007918        0x8 
 .text.tmemUnmap
                0x0000000000007920       0x58 /opt/devkitpro/libnx/lib/libnx.a(tmem.o)
                0x0000000000007920                tmemUnmap
 *fill*         0x0000000000007978        0x8 
 .text.tmemClose
                0x0000000000007980       0x68 /opt/devkitpro/libnx/lib/libnx.a(tmem.o)
                0x0000000000007980                tmemClose
 *fill*         0x00000000000079e8        0x8 
 .text._waitLoop
                0x00000000000079f0      0x104 /opt/devkitpro/libnx/lib/libnx.a(wait.o)
 *fill*         0x0000000000007af4        0xc 
 .text._waitObjectsImpl
                0x0000000000007b00      0x334 /opt/devkitpro/libnx/lib/libnx.a(wait.o)
 *fill*         0x0000000000007e34        0xc 
 .text.waitObjects
                0x0000000000007e40        0xc /opt/devkitpro/libnx/lib/libnx.a(wait.o)
                0x0000000000007e40                waitObjects
 *fill*         0x0000000000007e4c        0x4 
 .text.rwlockReadLock
                0x0000000000007e50       0x4c /opt/devkitpro/libnx/lib/libnx.a(rwlock.o)
                0x0000000000007e50                rwlockReadLock
 *fill*         0x0000000000007e9c        0x4 
 .text.rwlockReadUnlock
                0x0000000000007ea0       0x4c /opt/devkitpro/libnx/lib/libnx.a(rwlock.o)
                0x0000000000007ea0                rwlockReadUnlock
 *fill*         0x0000000000007eec        0x4 
 .text.rwlockWriteLock
                0x0000000000007ef0        0x8 /opt/devkitpro/libnx/lib/libnx.a(rwlock.o)
                0x0000000000007ef0                rwlockWriteLock
 *fill*         0x0000000000007ef8        0x8 
 .text.rwlockWriteUnlock
                0x0000000000007f00        0x8 /opt/devkitpro/libnx/lib/libnx.a(rwlock.o)
                0x0000000000007f00                rwlockWriteUnlock
 *fill*         0x0000000000007f08        0x8 
 .text.mutexLock
                0x0000000000007f10       0x8c /opt/devkitpro/libnx/lib/libnx.a(mutex.o)
                0x0000000000007f10                mutexLock
 *fill*         0x0000000000007f9c        0x4 
 .text.mutexUnlock
                0x0000000000007fa0       0x30 /opt/devkitpro/libnx/lib/libnx.a(mutex.o)
                0x0000000000007fa0                mutexUnlock
 .text.rmutexLock
                0x0000000000007fd0       0x4c /opt/devkitpro/libnx/lib/libnx.a(mutex.o)
                0x0000000000007fd0                rmutexLock
 *fill*         0x000000000000801c        0x4 
 .text.rmutexUnlock
                0x0000000000008020       0x1c /opt/devkitpro/libnx/lib/libnx.a(mutex.o)
                0x0000000000008020                rmutexUnlock
 *fill*         0x000000000000803c        0x4 
 .text.shmemLoadRemote
                0x0000000000008040       0x14 /opt/devkitpro/libnx/lib/libnx.a(shmem.o)
                0x0000000000008040                shmemLoadRemote
 *fill*         0x0000000000008054        0xc 
 .text.shmemMap
                0x0000000000008060       0x84 /opt/devkitpro/libnx/lib/libnx.a(shmem.o)
                0x0000000000008060                shmemMap
 *fill*         0x00000000000080e4        0xc 
 .text.shmemUnmap
                0x00000000000080f0       0x58 /opt/devkitpro/libnx/lib/libnx.a(shmem.o)
                0x00000000000080f0                shmemUnmap
 *fill*         0x0000000000008148        0x8 
 .text.shmemClose
                0x0000000000008150       0x44 /opt/devkitpro/libnx/lib/libnx.a(shmem.o)
                0x0000000000008150                shmemClose
 *fill*         0x0000000000008194        0xc 
 .text._GetRegionFromInfo.isra.1
                0x00000000000081a0       0x7c /opt/devkitpro/libnx/lib/libnx.a(virtmem.o)
 *fill*         0x000000000000821c        0x4 
 .text.virtmemSetup
                0x0000000000008220      0x114 /opt/devkitpro/libnx/lib/libnx.a(virtmem.o)
                0x0000000000008220                virtmemSetup
 *fill*         0x0000000000008334        0xc 
 .text.virtmemReserve
                0x0000000000008340      0x13c /opt/devkitpro/libnx/lib/libnx.a(virtmem.o)
                0x0000000000008340                virtmemReserve
 *fill*         0x000000000000847c        0x4 
 .text.virtmemFree
                0x0000000000008480        0x4 /opt/devkitpro/libnx/lib/libnx.a(virtmem.o)
                0x0000000000008480                virtmemFree
 *fill*         0x0000000000008484        0xc 
 .text.eventLoadRemote
                0x0000000000008490        0xc /opt/devkitpro/libnx/lib/libnx.a(event.o)
                0x0000000000008490                eventLoadRemote
 *fill*         0x000000000000849c        0x4 
 .text.eventWait
                0x00000000000084a0       0x38 /opt/devkitpro/libnx/lib/libnx.a(event.o)
                0x00000000000084a0                eventWait
 *fill*         0x00000000000084d8        0x8 
 .text.eventClose
                0x00000000000084e0       0x50 /opt/devkitpro/libnx/lib/libnx.a(event.o)
                0x00000000000084e0                eventClose
 .text.ipcCloseObjectById
                0x0000000000008530       0x34 /opt/devkitpro/libnx/lib/libnx.a(bsd.o)
 *fill*         0x0000000000008564        0xc 
 .text._bsdRegisterClient.isra.5.constprop.11
                0x0000000000008570      0x120 /opt/devkitpro/libnx/lib/libnx.a(bsd.o)
 .text._bsdDispatchBasicCommand.isra.6
                0x0000000000008690      0x308 /opt/devkitpro/libnx/lib/libnx.a(bsd.o)
 *fill*         0x0000000000008998        0x8 
 .text._bsdSocketCreationCommand
                0x00000000000089a0       0x44 /opt/devkitpro/libnx/lib/libnx.a(bsd.o)
 *fill*         0x00000000000089e4        0xc 
 .text._bsdDispatchCommandWithOutAddrlen.isra.7
                0x00000000000089f0       0x44 /opt/devkitpro/libnx/lib/libnx.a(bsd.o)
 *fill*         0x0000000000008a34        0xc 
 .text._bsdNameGetterCommand
                0x0000000000008a40       0xfc /opt/devkitpro/libnx/lib/libnx.a(bsd.o)
 *fill*         0x0000000000008b3c        0x4 
 .text.ipcQueryPointerBufferSize.constprop.10
                0x0000000000008b40       0xc8 /opt/devkitpro/libnx/lib/libnx.a(bsd.o)
 *fill*         0x0000000000008c08        0x8 
 .text._bsdStartMonitor.constprop.9
                0x0000000000008c10       0xf8 /opt/devkitpro/libnx/lib/libnx.a(bsd.o)
 *fill*         0x0000000000008d08        0x8 
 .text.bsdExit  0x0000000000008d10       0xf0 /opt/devkitpro/libnx/lib/libnx.a(bsd.o)
                0x0000000000008d10                bsdExit
 .text.bsdInitialize
                0x0000000000008e00      0x14c /opt/devkitpro/libnx/lib/libnx.a(bsd.o)
                0x0000000000008e00                bsdInitialize
 *fill*         0x0000000000008f4c        0x4 
 .text.bsdSocket
                0x0000000000008f50       0x14 /opt/devkitpro/libnx/lib/libnx.a(bsd.o)
                0x0000000000008f50                bsdSocket
 *fill*         0x0000000000008f64        0xc 
 .text.bsdOpen  0x0000000000008f70       0xc4 /opt/devkitpro/libnx/lib/libnx.a(bsd.o)
                0x0000000000008f70                bsdOpen
 *fill*         0x0000000000009034        0xc 
 .text.bsdRecv  0x0000000000009040       0xfc /opt/devkitpro/libnx/lib/libnx.a(bsd.o)
                0x0000000000009040                bsdRecv
 *fill*         0x000000000000913c        0x4 
 .text.bsdAccept
                0x0000000000009140       0x14 /opt/devkitpro/libnx/lib/libnx.a(bsd.o)
                0x0000000000009140                bsdAccept
 *fill*         0x0000000000009154        0xc 
 .text.bsdBind  0x0000000000009160       0xa8 /opt/devkitpro/libnx/lib/libnx.a(bsd.o)
                0x0000000000009160                bsdBind
 *fill*         0x0000000000009208        0x8 
 .text.bsdListen
                0x0000000000009210       0x40 /opt/devkitpro/libnx/lib/libnx.a(bsd.o)
                0x0000000000009210                bsdListen
 .text.bsdWrite
                0x0000000000009250       0xbc /opt/devkitpro/libnx/lib/libnx.a(bsd.o)
                0x0000000000009250                bsdWrite
 *fill*         0x000000000000930c        0x4 
 .text.bsdRead  0x0000000000009310       0xfc /opt/devkitpro/libnx/lib/libnx.a(bsd.o)
                0x0000000000009310                bsdRead
 *fill*         0x000000000000940c        0x4 
 .text.bsdClose
                0x0000000000009410       0x40 /opt/devkitpro/libnx/lib/libnx.a(bsd.o)
                0x0000000000009410                bsdClose
 .text.ipcCloseObjectById
                0x0000000000009450       0x34 /opt/devkitpro/libnx/lib/libnx.a(nifm.o)
 *fill*         0x0000000000009484        0xc 
 .text.ipcConvertSessionToDomain
                0x0000000000009490       0xc4 /opt/devkitpro/libnx/lib/libnx.a(nifm.o)
 *fill*         0x0000000000009554        0xc 
 .text.ipcCloneSession.constprop.14
                0x0000000000009560      0x10c /opt/devkitpro/libnx/lib/libnx.a(nifm.o)
 *fill*         0x000000000000966c        0x4 
 .text._nifmCreateGeneralService.constprop.11
                0x0000000000009670      0x28c /opt/devkitpro/libnx/lib/libnx.a(nifm.o)
 *fill*         0x00000000000098fc        0x4 
 .text._nifmCreateGeneralServiceOld.constprop.12
                0x0000000000009900      0x28c /opt/devkitpro/libnx/lib/libnx.a(nifm.o)
 *fill*         0x0000000000009b8c        0x4 
 .text.nifmExit
                0x0000000000009b90       0xf0 /opt/devkitpro/libnx/lib/libnx.a(nifm.o)
                0x0000000000009b90                nifmExit
 .text.nifmInitialize
                0x0000000000009c80       0xd4 /opt/devkitpro/libnx/lib/libnx.a(nifm.o)
                0x0000000000009c80                nifmInitialize
 *fill*         0x0000000000009d54        0xc 
 .text.nifmGetCurrentIpAddress
                0x0000000000009d60      0x1bc /opt/devkitpro/libnx/lib/libnx.a(nifm.o)
                0x0000000000009d60                nifmGetCurrentIpAddress
 *fill*         0x0000000000009f1c        0x4 
 .text.nwindowGetDefault
                0x0000000000009f20        0xc /opt/devkitpro/libnx/lib/libnx.a(default_window.o)
                0x0000000000009f20                nwindowGetDefault
 *fill*         0x0000000000009f2c        0x4 
 .text.__nx_win_init
                0x0000000000009f30       0xc8 /opt/devkitpro/libnx/lib/libnx.a(default_window.o)
                0x0000000000009f30                __nx_win_init
 *fill*         0x0000000000009ff8        0x8 
 .text.__nx_win_exit
                0x000000000000a000       0x34 /opt/devkitpro/libnx/lib/libnx.a(default_window.o)
                0x000000000000a000                __nx_win_exit
 *fill*         0x000000000000a034        0xc 
 .text.framebufferMakeLinear
                0x000000000000a040       0x80 /opt/devkitpro/libnx/lib/libnx.a(framebuffer.o)
                0x000000000000a040                framebufferMakeLinear
 .text.framebufferClose
                0x000000000000a0c0       0x78 /opt/devkitpro/libnx/lib/libnx.a(framebuffer.o)
                0x000000000000a0c0                framebufferClose
 *fill*         0x000000000000a138        0x8 
 .text.framebufferCreate
                0x000000000000a140      0x298 /opt/devkitpro/libnx/lib/libnx.a(framebuffer.o)
                0x000000000000a140                framebufferCreate
 *fill*         0x000000000000a3d8        0x8 
 .text.framebufferBegin
                0x000000000000a3e0       0x80 /opt/devkitpro/libnx/lib/libnx.a(framebuffer.o)
                0x000000000000a3e0                framebufferBegin
 .text.framebufferEnd
                0x000000000000a460      0x17c /opt/devkitpro/libnx/lib/libnx.a(framebuffer.o)
                0x000000000000a460                framebufferEnd
 *fill*         0x000000000000a5dc        0x4 
 .text._nwindowConnect
                0x000000000000a5e0       0x54 /opt/devkitpro/libnx/lib/libnx.a(native_window.o)
 *fill*         0x000000000000a634        0xc 
 .text._nwindowDisconnect
                0x000000000000a640       0x40 /opt/devkitpro/libnx/lib/libnx.a(native_window.o)
 .text.nwindowIsValid
                0x000000000000a680       0x24 /opt/devkitpro/libnx/lib/libnx.a(native_window.o)
                0x000000000000a680                nwindowIsValid
 *fill*         0x000000000000a6a4        0xc 
 .text.nwindowClose
                0x000000000000a6b0       0x6c /opt/devkitpro/libnx/lib/libnx.a(native_window.o)
                0x000000000000a6b0                nwindowClose
 *fill*         0x000000000000a71c        0x4 
 .text.nwindowCreate
                0x000000000000a720       0xc4 /opt/devkitpro/libnx/lib/libnx.a(native_window.o)
                0x000000000000a720                nwindowCreate
 *fill*         0x000000000000a7e4        0xc 
 .text.nwindowCreateFromLayer
                0x000000000000a7f0        0xc /opt/devkitpro/libnx/lib/libnx.a(native_window.o)
                0x000000000000a7f0                nwindowCreateFromLayer
 *fill*         0x000000000000a7fc        0x4 
 .text.nwindowSetDimensions
                0x000000000000a800       0x88 /opt/devkitpro/libnx/lib/libnx.a(native_window.o)
                0x000000000000a800                nwindowSetDimensions
 *fill*         0x000000000000a888        0x8 
 .text.nwindowConfigureBuffer
                0x000000000000a890      0x154 /opt/devkitpro/libnx/lib/libnx.a(native_window.o)
                0x000000000000a890                nwindowConfigureBuffer
 *fill*         0x000000000000a9e4        0xc 
 .text.nwindowDequeueBuffer
                0x000000000000a9f0      0x1e4 /opt/devkitpro/libnx/lib/libnx.a(native_window.o)
                0x000000000000a9f0                nwindowDequeueBuffer
 *fill*         0x000000000000abd4        0xc 
 .text.nwindowQueueBuffer
                0x000000000000abe0      0x144 /opt/devkitpro/libnx/lib/libnx.a(native_window.o)
                0x000000000000abe0                nwindowQueueBuffer
 *fill*         0x000000000000ad24        0xc 
 .text.nwindowReleaseBuffers
                0x000000000000ad30       0xac /opt/devkitpro/libnx/lib/libnx.a(native_window.o)
                0x000000000000ad30                nwindowReleaseBuffers
 *fill*         0x000000000000addc        0x4 
 .text.__nx_dynamic
                0x000000000000ade0       0xa0 /opt/devkitpro/libnx/lib/libnx.a(dynamic.o)
                0x000000000000ade0                __nx_dynamic
 .text.__libnx_initheap
                0x000000000000ae80       0xd8 /opt/devkitpro/libnx/lib/libnx.a(init.o)
                0x000000000000ae80                __libnx_initheap
 *fill*         0x000000000000af58        0x8 
 .text.__appInit
                0x000000000000af60       0xa0 /opt/devkitpro/libnx/lib/libnx.a(init.o)
                0x000000000000af60                __appInit
 .text.__appExit
                0x000000000000b000       0x44 /opt/devkitpro/libnx/lib/libnx.a(init.o)
                0x000000000000b000                __appExit
 *fill*         0x000000000000b044        0xc 
 .text.__libnx_init
                0x000000000000b050       0x28 /opt/devkitpro/libnx/lib/libnx.a(init.o)
                0x000000000000b050                __libnx_init
 *fill*         0x000000000000b078        0x8 
 .text.__libnx_exit
                0x000000000000b080       0x20 /opt/devkitpro/libnx/lib/libnx.a(init.o)
                0x000000000000b080                __libnx_exit
 .text.mutexInit
                0x000000000000b0a0        0x8 /opt/devkitpro/libnx/lib/libnx.a(newlib.o)
 *fill*         0x000000000000b0a8        0x8 
 .text.rmutexInit
                0x000000000000b0b0        0xc /opt/devkitpro/libnx/lib/libnx.a(newlib.o)
 *fill*         0x000000000000b0bc        0x4 
 .text.__libnx_gtod
                0x000000000000b0c0       0x8c /opt/devkitpro/libnx/lib/libnx.a(newlib.o)
                0x000000000000b0c0                __libnx_gtod
 *fill*         0x000000000000b14c        0x4 
 .text.__libnx_clock_settime
                0x000000000000b150       0x20 /opt/devkitpro/libnx/lib/libnx.a(newlib.o)
                0x000000000000b150                __libnx_clock_settime
 .text.__libnx_nanosleep
                0x000000000000b170       0x28 /opt/devkitpro/libnx/lib/libnx.a(newlib.o)
                0x000000000000b170                __libnx_nanosleep
 *fill*         0x000000000000b198        0x8 
 .text.__libnx_get_reent
                0x000000000000b1a0       0x34 /opt/devkitpro/libnx/lib/libnx.a(newlib.o)
 *fill*         0x000000000000b1d4        0xc 
 .text.__libnx_clock_gettime
                0x000000000000b1e0       0xf8 /opt/devkitpro/libnx/lib/libnx.a(newlib.o)
                0x000000000000b1e0                __libnx_clock_gettime
 *fill*         0x000000000000b2d8        0x8 
 .text.__libnx_clock_getres
                0x000000000000b2e0       0x58 /opt/devkitpro/libnx/lib/libnx.a(newlib.o)
                0x000000000000b2e0                __libnx_clock_getres
 *fill*         0x000000000000b338        0x8 
 .text.__libnx_init_time
                0x000000000000b340      0x27c /opt/devkitpro/libnx/lib/libnx.a(newlib.o)
                0x000000000000b340                __libnx_init_time
 *fill*         0x000000000000b5bc        0x4 
 .text.newlibSetup
                0x000000000000b5c0      0x118 /opt/devkitpro/libnx/lib/libnx.a(newlib.o)
                0x000000000000b5c0                newlibSetup
 *fill*         0x000000000000b6d8        0x8 
 .text.argvSetup
                0x000000000000b6e0      0x368 /opt/devkitpro/libnx/lib/libnx.a(argv.o)
                0x000000000000b6e0                argvSetup
 *fill*         0x000000000000ba48        0x8 
 .text.fsdev_link
                0x000000000000ba50       0x10 /opt/devkitpro/libnx/lib/libnx.a(fs_dev.o)
 .text.fsdev_dirreset
                0x000000000000ba60       0x10 /opt/devkitpro/libnx/lib/libnx.a(fs_dev.o)
 .text.fsdev_chmod
                0x000000000000ba70       0x10 /opt/devkitpro/libnx/lib/libnx.a(fs_dev.o)
 .text.error_cmp
                0x000000000000ba80       0x1c /opt/devkitpro/libnx/lib/libnx.a(fs_dev.o)
 *fill*         0x000000000000ba9c        0x4 
 .text.fsdev_translate_error
                0x000000000000baa0       0x58 /opt/devkitpro/libnx/lib/libnx.a(fs_dev.o)
 *fill*         0x000000000000baf8        0x8 
 .text.fsdev_fsync
                0x000000000000bb00       0x40 /opt/devkitpro/libnx/lib/libnx.a(fs_dev.o)
 .text.fsdev_ftruncate
                0x000000000000bb40       0x60 /opt/devkitpro/libnx/lib/libnx.a(fs_dev.o)
 .text.fsdev_dirclose
                0x000000000000bba0       0x20 /opt/devkitpro/libnx/lib/libnx.a(fs_dev.o)
 .text.fsdev_dirnext
                0x000000000000bbc0      0x16c /opt/devkitpro/libnx/lib/libnx.a(fs_dev.o)
 *fill*         0x000000000000bd2c        0x4 
 .text.fsdev_close
                0x000000000000bd30       0x1c /opt/devkitpro/libnx/lib/libnx.a(fs_dev.o)
 *fill*         0x000000000000bd4c        0x4 
 .text.fsdev_fstat
                0x000000000000bd50       0xa4 /opt/devkitpro/libnx/lib/libnx.a(fs_dev.o)
 *fill*         0x000000000000bdf4        0xc 
 .text.fsdev_seek
                0x000000000000be00       0xb0 /opt/devkitpro/libnx/lib/libnx.a(fs_dev.o)
 .text.fsdev_read
                0x000000000000beb0      0x198 /opt/devkitpro/libnx/lib/libnx.a(fs_dev.o)
 *fill*         0x000000000000c048        0x8 
 .text.fsdev_write
                0x000000000000c050      0x1a0 /opt/devkitpro/libnx/lib/libnx.a(fs_dev.o)
 .text.fsdevFindDevice
                0x000000000000c1f0      0x120 /opt/devkitpro/libnx/lib/libnx.a(fs_dev.o)
 .text._fsdevMountDevice
                0x000000000000c310      0x168 /opt/devkitpro/libnx/lib/libnx.a(fs_dev.o)
 *fill*         0x000000000000c478        0x8 
 .text.fsdev_getfspath
                0x000000000000c480      0x1fc /opt/devkitpro/libnx/lib/libnx.a(fs_dev.o)
 *fill*         0x000000000000c67c        0x4 
 .text.fsdev_rmdir
                0x000000000000c680       0x70 /opt/devkitpro/libnx/lib/libnx.a(fs_dev.o)
 .text.fsdev_statvfs
                0x000000000000c6f0       0xd4 /opt/devkitpro/libnx/lib/libnx.a(fs_dev.o)
 *fill*         0x000000000000c7c4        0xc 
 .text.fsdev_diropen
                0x000000000000c7d0       0xec /opt/devkitpro/libnx/lib/libnx.a(fs_dev.o)
 *fill*         0x000000000000c8bc        0x4 
 .text.fsdev_mkdir
                0x000000000000c8c0       0x70 /opt/devkitpro/libnx/lib/libnx.a(fs_dev.o)
 .text.fsdev_rename
                0x000000000000c930      0x114 /opt/devkitpro/libnx/lib/libnx.a(fs_dev.o)
 *fill*         0x000000000000ca44        0xc 
 .text.fsdev_chdir
                0x000000000000ca50       0xe8 /opt/devkitpro/libnx/lib/libnx.a(fs_dev.o)
 *fill*         0x000000000000cb38        0x8 
 .text.fsdev_unlink
                0x000000000000cb40       0x70 /opt/devkitpro/libnx/lib/libnx.a(fs_dev.o)
 .text.fsdev_stat
                0x000000000000cbb0      0x1bc /opt/devkitpro/libnx/lib/libnx.a(fs_dev.o)
 *fill*         0x000000000000cd6c        0x4 
 .text.fsdev_open
                0x000000000000cd70      0x19c /opt/devkitpro/libnx/lib/libnx.a(fs_dev.o)
 *fill*         0x000000000000cf0c        0x4 
 .text._fsdevUnmountDeviceStruct.part.4
                0x000000000000cf10       0xb8 /opt/devkitpro/libnx/lib/libnx.a(fs_dev.o)
 *fill*         0x000000000000cfc8        0x8 
 .text.fsdev_fchmod
                0x000000000000cfd0       0x10 /opt/devkitpro/libnx/lib/libnx.a(fs_dev.o)
 .text.fsdevMountSdmc
                0x000000000000cfe0      0x158 /opt/devkitpro/libnx/lib/libnx.a(fs_dev.o)
                0x000000000000cfe0                fsdevMountSdmc
 *fill*         0x000000000000d138        0x8 
 .text.fsdevUnmountAll
                0x000000000000d140       0x64 /opt/devkitpro/libnx/lib/libnx.a(fs_dev.o)
                0x000000000000d140                fsdevUnmountAll
 *fill*         0x000000000000d1a4        0xc 
 .text.decode_utf8
                0x000000000000d1b0      0x12c /opt/devkitpro/libnx/lib/libnx.a(decode_utf8.o)
                0x000000000000d1b0                decode_utf8
 .text.armDCacheFlush
                0x000000000000d2dc       0x3c /opt/devkitpro/libnx/lib/libnx.a(cache.o)
                0x000000000000d2dc                armDCacheFlush
 .text.__libnx_exception_entry
                0x000000000000d318      0x1c0 /opt/devkitpro/libnx/lib/libnx.a(exception.o)
                0x000000000000d318                __libnx_exception_entry
 .text.__libnx_exception_returnentry
                0x000000000000d4d8       0x18 /opt/devkitpro/libnx/lib/libnx.a(exception.o)
                0x000000000000d4d8                __libnx_exception_returnentry
 .text.ipcCloseObjectById
                0x000000000000d4f0       0x34 /opt/devkitpro/libnx/lib/libnx.a(time.o)
 *fill*         0x000000000000d524        0xc 
 .text._timeGetSession
                0x000000000000d530      0x12c /opt/devkitpro/libnx/lib/libnx.a(time.o)
 *fill*         0x000000000000d65c        0x4 
 .text.timeExit
                0x000000000000d660      0x1ec /opt/devkitpro/libnx/lib/libnx.a(time.o)
                0x000000000000d660                timeExit
 *fill*         0x000000000000d84c        0x4 
 .text.timeInitialize
                0x000000000000d850       0xd8 /opt/devkitpro/libnx/lib/libnx.a(time.o)
                0x000000000000d850                timeInitialize
 *fill*         0x000000000000d928        0x8 
 .text.timeGetCurrentTime
                0x000000000000d930      0x124 /opt/devkitpro/libnx/lib/libnx.a(time.o)
                0x000000000000d930                timeGetCurrentTime
 *fill*         0x000000000000da54        0xc 
 .text.timeToCalendarTimeWithMyRule
                0x000000000000da60      0x118 /opt/devkitpro/libnx/lib/libnx.a(time.o)
                0x000000000000da60                timeToCalendarTimeWithMyRule
 *fill*         0x000000000000db78        0x8 
 .text.ipcCloseObjectById
                0x000000000000db80       0x34 /opt/devkitpro/libnx/lib/libnx.a(vi.o)
 *fill*         0x000000000000dbb4        0xc 
 .text._viGetSession.constprop.7
                0x000000000000dbc0      0x134 /opt/devkitpro/libnx/lib/libnx.a(vi.o)
 *fill*         0x000000000000dcf4        0xc 
 .text.viExit   0x000000000000dd00      0x1e4 /opt/devkitpro/libnx/lib/libnx.a(vi.o)
                0x000000000000dd00                viExit
 *fill*         0x000000000000dee4        0xc 
 .text.viInitialize
                0x000000000000def0      0x2d4 /opt/devkitpro/libnx/lib/libnx.a(vi.o)
                0x000000000000def0                viInitialize
 *fill*         0x000000000000e1c4        0xc 
 .text.viGetSession_IHOSBinderDriverRelay
                0x000000000000e1d0        0xc /opt/devkitpro/libnx/lib/libnx.a(vi.o)
                0x000000000000e1d0                viGetSession_IHOSBinderDriverRelay
 *fill*         0x000000000000e1dc        0x4 
 .text.viOpenDisplay
                0x000000000000e1e0      0x140 /opt/devkitpro/libnx/lib/libnx.a(vi.o)
                0x000000000000e1e0                viOpenDisplay
 .text.viCloseDisplay
                0x000000000000e320      0x104 /opt/devkitpro/libnx/lib/libnx.a(vi.o)
                0x000000000000e320                viCloseDisplay
 *fill*         0x000000000000e424        0xc 
 .text.viCloseLayer
                0x000000000000e430      0x104 /opt/devkitpro/libnx/lib/libnx.a(vi.o)
                0x000000000000e430                viCloseLayer
 *fill*         0x000000000000e534        0xc 
 .text.viCreateLayer
                0x000000000000e540      0x334 /opt/devkitpro/libnx/lib/libnx.a(vi.o)
                0x000000000000e540                viCreateLayer
 *fill*         0x000000000000e874        0xc 
 .text.viSetLayerScalingMode
                0x000000000000e880       0xe8 /opt/devkitpro/libnx/lib/libnx.a(vi.o)
                0x000000000000e880                viSetLayerScalingMode
 *fill*         0x000000000000e968        0x8 
 .text.ipcPrepareHeader
                0x000000000000e970      0x220 /opt/devkitpro/libnx/lib/libnx.a(fs.o)
 .text.ipcParse
                0x000000000000eb90      0x22c /opt/devkitpro/libnx/lib/libnx.a(fs.o)
 *fill*         0x000000000000edbc        0x4 
 .text.serviceIpcParse
                0x000000000000edc0       0xb0 /opt/devkitpro/libnx/lib/libnx.a(fs.o)
 .text.ipcCloseObjectById
                0x000000000000ee70       0x34 /opt/devkitpro/libnx/lib/libnx.a(fs.o)
 *fill*         0x000000000000eea4        0xc 
 .text.fsInitialize
                0x000000000000eeb0      0x200 /opt/devkitpro/libnx/lib/libnx.a(fs.o)
                0x000000000000eeb0                fsInitialize
 .text.fsExit   0x000000000000f0b0       0x9c /opt/devkitpro/libnx/lib/libnx.a(fs.o)
                0x000000000000f0b0                fsExit
 *fill*         0x000000000000f14c        0x4 
 .text.fsMountSdcard
                0x000000000000f150      0x13c /opt/devkitpro/libnx/lib/libnx.a(fs.o)
                0x000000000000f150                fsMountSdcard
 *fill*         0x000000000000f28c        0x4 
 .text.fsFsCreateFile
                0x000000000000f290      0x120 /opt/devkitpro/libnx/lib/libnx.a(fs.o)
                0x000000000000f290                fsFsCreateFile
 .text.fsFsDeleteFile
                0x000000000000f3b0      0x118 /opt/devkitpro/libnx/lib/libnx.a(fs.o)
                0x000000000000f3b0                fsFsDeleteFile
 *fill*         0x000000000000f4c8        0x8 
 .text.fsFsCreateDirectory
                0x000000000000f4d0      0x118 /opt/devkitpro/libnx/lib/libnx.a(fs.o)
                0x000000000000f4d0                fsFsCreateDirectory
 *fill*         0x000000000000f5e8        0x8 
 .text.fsFsDeleteDirectory
                0x000000000000f5f0      0x118 /opt/devkitpro/libnx/lib/libnx.a(fs.o)
                0x000000000000f5f0                fsFsDeleteDirectory
 *fill*         0x000000000000f708        0x8 
 .text.fsFsRenameFile
                0x000000000000f710      0x190 /opt/devkitpro/libnx/lib/libnx.a(fs.o)
                0x000000000000f710                fsFsRenameFile
 .text.fsFsRenameDirectory
                0x000000000000f8a0      0x190 /opt/devkitpro/libnx/lib/libnx.a(fs.o)
                0x000000000000f8a0                fsFsRenameDirectory
 .text.fsFsGetEntryType
                0x000000000000fa30      0x12c /opt/devkitpro/libnx/lib/libnx.a(fs.o)
                0x000000000000fa30                fsFsGetEntryType
 *fill*         0x000000000000fb5c        0x4 
 .text.fsFsOpenFile
                0x000000000000fb60      0x150 /opt/devkitpro/libnx/lib/libnx.a(fs.o)
                0x000000000000fb60                fsFsOpenFile
 .text.fsFsOpenDirectory
                0x000000000000fcb0      0x150 /opt/devkitpro/libnx/lib/libnx.a(fs.o)
                0x000000000000fcb0                fsFsOpenDirectory
 .text.fsFsGetFreeSpace
                0x000000000000fe00      0x12c /opt/devkitpro/libnx/lib/libnx.a(fs.o)
                0x000000000000fe00                fsFsGetFreeSpace
 *fill*         0x000000000000ff2c        0x4 
 .text.fsFsGetTotalSpace
                0x000000000000ff30      0x12c /opt/devkitpro/libnx/lib/libnx.a(fs.o)
                0x000000000000ff30                fsFsGetTotalSpace
 *fill*         0x000000000001005c        0x4 
 .text.fsFsGetFileTimeStampRaw
                0x0000000000010060      0x190 /opt/devkitpro/libnx/lib/libnx.a(fs.o)
                0x0000000000010060                fsFsGetFileTimeStampRaw
 .text.fsFsClose
                0x00000000000101f0       0x6c /opt/devkitpro/libnx/lib/libnx.a(fs.o)
                0x00000000000101f0                fsFsClose
 *fill*         0x000000000001025c        0x4 
 .text.fsFileRead
                0x0000000000010260      0x170 /opt/devkitpro/libnx/lib/libnx.a(fs.o)
                0x0000000000010260                fsFileRead
 .text.fsFileWrite
                0x00000000000103d0      0x10c /opt/devkitpro/libnx/lib/libnx.a(fs.o)
                0x00000000000103d0                fsFileWrite
 *fill*         0x00000000000104dc        0x4 
 .text.fsFileFlush
                0x00000000000104e0       0xe8 /opt/devkitpro/libnx/lib/libnx.a(fs.o)
                0x00000000000104e0                fsFileFlush
 *fill*         0x00000000000105c8        0x8 
 .text.fsFileSetSize
                0x00000000000105d0       0xf0 /opt/devkitpro/libnx/lib/libnx.a(fs.o)
                0x00000000000105d0                fsFileSetSize
 .text.fsFileGetSize
                0x00000000000106c0      0x100 /opt/devkitpro/libnx/lib/libnx.a(fs.o)
                0x00000000000106c0                fsFileGetSize
 .text.fsFileClose
                0x00000000000107c0       0x6c /opt/devkitpro/libnx/lib/libnx.a(fs.o)
                0x00000000000107c0                fsFileClose
 *fill*         0x000000000001082c        0x4 
 .text.fsDirClose
                0x0000000000010830       0x6c /opt/devkitpro/libnx/lib/libnx.a(fs.o)
                0x0000000000010830                fsDirClose
 *fill*         0x000000000001089c        0x4 
 .text.fsDirRead
                0x00000000000108a0      0x16c /opt/devkitpro/libnx/lib/libnx.a(fs.o)
                0x00000000000108a0                fsDirRead
 *fill*         0x0000000000010a0c        0x4 
 .text.ipcCloseObjectById
                0x0000000000010a10       0x34 /opt/devkitpro/libnx/lib/libnx.a(nv.o)
 *fill*         0x0000000000010a44        0xc 
 .text.ipcQueryPointerBufferSize.constprop.10
                0x0000000000010a50       0xc8 /opt/devkitpro/libnx/lib/libnx.a(nv.o)
 *fill*         0x0000000000010b18        0x8 
 .text.ipcCloneSession.constprop.9
                0x0000000000010b20      0x10c /opt/devkitpro/libnx/lib/libnx.a(nv.o)
 *fill*         0x0000000000010c2c        0x4 
 .text._nvSetClientPID
                0x0000000000010c30       0xd8 /opt/devkitpro/libnx/lib/libnx.a(nv.o)
 *fill*         0x0000000000010d08        0x8 
 .text._nvInitialize.constprop.8
                0x0000000000010d10       0xf0 /opt/devkitpro/libnx/lib/libnx.a(nv.o)
 .text.nvExit   0x0000000000010e00      0x100 /opt/devkitpro/libnx/lib/libnx.a(nv.o)
                0x0000000000010e00                nvExit
 .text.nvInitialize
                0x0000000000010f00      0x184 /opt/devkitpro/libnx/lib/libnx.a(nv.o)
                0x0000000000010f00                nvInitialize
 *fill*         0x0000000000011084        0xc 
 .text.nvConvertError
                0x0000000000011090      0x12c /opt/devkitpro/libnx/lib/libnx.a(nv.o)
                0x0000000000011090                nvConvertError
 *fill*         0x00000000000111bc        0x4 
 .text.nvOpen   0x00000000000111c0      0x12c /opt/devkitpro/libnx/lib/libnx.a(nv.o)
                0x00000000000111c0                nvOpen
 *fill*         0x00000000000112ec        0x4 
 .text.nvIoctl  0x00000000000112f0      0x270 /opt/devkitpro/libnx/lib/libnx.a(nv.o)
                0x00000000000112f0                nvIoctl
 .text.nvClose  0x0000000000011560       0xdc /opt/devkitpro/libnx/lib/libnx.a(nv.o)
                0x0000000000011560                nvClose
 *fill*         0x000000000001163c        0x4 
 .text.nvQueryEvent
                0x0000000000011640      0x15c /opt/devkitpro/libnx/lib/libnx.a(nv.o)
                0x0000000000011640                nvQueryEvent
 *fill*         0x000000000001179c        0x4 
 .text._nvFenceEventWaitCommon
                0x00000000000117a0       0x60 /opt/devkitpro/libnx/lib/libnx.a(fence.o)
 .text.nvFenceInit
                0x0000000000011800       0x5c /opt/devkitpro/libnx/lib/libnx.a(fence.o)
                0x0000000000011800                nvFenceInit
 *fill*         0x000000000001185c        0x4 
 .text.nvFenceExit
                0x0000000000011860       0x98 /opt/devkitpro/libnx/lib/libnx.a(fence.o)
                0x0000000000011860                nvFenceExit
 *fill*         0x00000000000118f8        0x8 
 .text.nvFenceWait
                0x0000000000011900      0x1e0 /opt/devkitpro/libnx/lib/libnx.a(fence.o)
                0x0000000000011900                nvFenceWait
 .text.nvMultiFenceWait
                0x0000000000011ae0       0x7c /opt/devkitpro/libnx/lib/libnx.a(fence.o)
                0x0000000000011ae0                nvMultiFenceWait
 *fill*         0x0000000000011b5c        0x4 
 .text.nvMapInit
                0x0000000000011b60       0x6c /opt/devkitpro/libnx/lib/libnx.a(map.o)
                0x0000000000011b60                nvMapInit
 *fill*         0x0000000000011bcc        0x4 
 .text.nvMapExit
                0x0000000000011bd0       0x68 /opt/devkitpro/libnx/lib/libnx.a(map.o)
                0x0000000000011bd0                nvMapExit
 *fill*         0x0000000000011c38        0x8 
 .text.nvMapClose
                0x0000000000011c40       0x84 /opt/devkitpro/libnx/lib/libnx.a(map.o)
                0x0000000000011c40                nvMapClose
 *fill*         0x0000000000011cc4        0xc 
 .text.nvMapCreate
                0x0000000000011cd0      0x150 /opt/devkitpro/libnx/lib/libnx.a(map.o)
                0x0000000000011cd0                nvMapCreate
 .text.nvioctlNvhostCtrl_EventSignal
                0x0000000000011e20       0x24 /opt/devkitpro/libnx/lib/libnx.a(nvhost-ctrl.o)
                0x0000000000011e20                nvioctlNvhostCtrl_EventSignal
 *fill*         0x0000000000011e44        0xc 
 .text.nvioctlNvhostCtrl_EventWait
                0x0000000000011e50       0x3c /opt/devkitpro/libnx/lib/libnx.a(nvhost-ctrl.o)
                0x0000000000011e50                nvioctlNvhostCtrl_EventWait
 *fill*         0x0000000000011e8c        0x4 
 .text.nvioctlNvhostCtrl_EventWaitAsync
                0x0000000000011e90       0x28 /opt/devkitpro/libnx/lib/libnx.a(nvhost-ctrl.o)
                0x0000000000011e90                nvioctlNvhostCtrl_EventWaitAsync
 *fill*         0x0000000000011eb8        0x8 
 .text.nvioctlNvhostCtrl_EventRegister
                0x0000000000011ec0       0x24 /opt/devkitpro/libnx/lib/libnx.a(nvhost-ctrl.o)
                0x0000000000011ec0                nvioctlNvhostCtrl_EventRegister
 *fill*         0x0000000000011ee4        0xc 
 .text.nvioctlNvhostCtrl_EventUnregister
                0x0000000000011ef0       0x24 /opt/devkitpro/libnx/lib/libnx.a(nvhost-ctrl.o)
                0x0000000000011ef0                nvioctlNvhostCtrl_EventUnregister
 *fill*         0x0000000000011f14        0xc 
 .text.nvioctlNvmap_Create
                0x0000000000011f20       0x3c /opt/devkitpro/libnx/lib/libnx.a(nvmap.o)
                0x0000000000011f20                nvioctlNvmap_Create
 *fill*         0x0000000000011f5c        0x4 
 .text.nvioctlNvmap_Alloc
                0x0000000000011f60       0x30 /opt/devkitpro/libnx/lib/libnx.a(nvmap.o)
                0x0000000000011f60                nvioctlNvmap_Alloc
 .text.nvioctlNvmap_Free
                0x0000000000011f90       0x30 /opt/devkitpro/libnx/lib/libnx.a(nvmap.o)
                0x0000000000011f90                nvioctlNvmap_Free
 .text.nvioctlNvmap_GetId
                0x0000000000011fc0       0x3c /opt/devkitpro/libnx/lib/libnx.a(nvmap.o)
                0x0000000000011fc0                nvioctlNvmap_GetId
 *fill*         0x0000000000011ffc        0x4 
 .text.bqRequestBuffer
                0x0000000000012000       0xe8 /opt/devkitpro/libnx/lib/libnx.a(buffer_producer.o)
                0x0000000000012000                bqRequestBuffer
 *fill*         0x00000000000120e8        0x8 
 .text.bqDequeueBuffer
                0x00000000000120f0      0x154 /opt/devkitpro/libnx/lib/libnx.a(buffer_producer.o)
                0x00000000000120f0                bqDequeueBuffer
 *fill*         0x0000000000012244        0xc 
 .text.bqDetachBuffer
                0x0000000000012250       0x9c /opt/devkitpro/libnx/lib/libnx.a(buffer_producer.o)
                0x0000000000012250                bqDetachBuffer
 *fill*         0x00000000000122ec        0x4 
 .text.bqQueueBuffer
                0x00000000000122f0       0xe0 /opt/devkitpro/libnx/lib/libnx.a(buffer_producer.o)
                0x00000000000122f0                bqQueueBuffer
 .text.bqCancelBuffer
                0x00000000000123d0       0x90 /opt/devkitpro/libnx/lib/libnx.a(buffer_producer.o)
                0x00000000000123d0                bqCancelBuffer
 .text.bqConnect
                0x0000000000012460       0xe4 /opt/devkitpro/libnx/lib/libnx.a(buffer_producer.o)
                0x0000000000012460                bqConnect
 *fill*         0x0000000000012544        0xc 
 .text.bqDisconnect
                0x0000000000012550       0x9c /opt/devkitpro/libnx/lib/libnx.a(buffer_producer.o)
                0x0000000000012550                bqDisconnect
 *fill*         0x00000000000125ec        0x4 
 .text.bqSetPreallocatedBuffer
                0x00000000000125f0      0x178 /opt/devkitpro/libnx/lib/libnx.a(buffer_producer.o)
                0x00000000000125f0                bqSetPreallocatedBuffer
 *fill*         0x0000000000012768        0x8 
 .text._binderTransactParcelAuto
                0x0000000000012770      0x248 /opt/devkitpro/libnx/lib/libnx.a(binder.o)
 *fill*         0x00000000000129b8        0x8 
 .text.ipcQueryPointerBufferSize
                0x00000000000129c0       0xc8 /opt/devkitpro/libnx/lib/libnx.a(binder.o)
 *fill*         0x0000000000012a88        0x8 
 .text._binderTransactParcel
                0x0000000000012a90      0x138 /opt/devkitpro/libnx/lib/libnx.a(binder.o)
 *fill*         0x0000000000012bc8        0x8 
 .text.binderCreate
                0x0000000000012bd0       0x14 /opt/devkitpro/libnx/lib/libnx.a(binder.o)
                0x0000000000012bd0                binderCreate
 *fill*         0x0000000000012be4        0xc 
 .text.binderTransactParcel
                0x0000000000012bf0       0x10 /opt/devkitpro/libnx/lib/libnx.a(binder.o)
                0x0000000000012bf0                binderTransactParcel
 .text.binderConvertErrorCode
                0x0000000000012c00      0x124 /opt/devkitpro/libnx/lib/libnx.a(binder.o)
                0x0000000000012c00                binderConvertErrorCode
 *fill*         0x0000000000012d24        0xc 
 .text.binderAdjustRefcount
                0x0000000000012d30       0xe8 /opt/devkitpro/libnx/lib/libnx.a(binder.o)
                0x0000000000012d30                binderAdjustRefcount
 *fill*         0x0000000000012e18        0x8 
 .text.binderClose
                0x0000000000012e20       0x74 /opt/devkitpro/libnx/lib/libnx.a(binder.o)
                0x0000000000012e20                binderClose
 *fill*         0x0000000000012e94        0xc 
 .text.binderInitSession
                0x0000000000012ea0       0xc4 /opt/devkitpro/libnx/lib/libnx.a(binder.o)
                0x0000000000012ea0                binderInitSession
 *fill*         0x0000000000012f64        0xc 
 .text.binderGetNativeHandle
                0x0000000000012f70      0x144 /opt/devkitpro/libnx/lib/libnx.a(binder.o)
                0x0000000000012f70                binderGetNativeHandle
 *fill*         0x00000000000130b4        0xc 
 .text.parcelCreate
                0x00000000000130c0       0x28 /opt/devkitpro/libnx/lib/libnx.a(parcel.o)
                0x00000000000130c0                parcelCreate
 *fill*         0x00000000000130e8        0x8 
 .text.parcelTransact
                0x00000000000130f0      0x19c /opt/devkitpro/libnx/lib/libnx.a(parcel.o)
                0x00000000000130f0                parcelTransact
 *fill*         0x000000000001328c        0x4 
 .text.parcelWriteData
                0x0000000000013290       0x88 /opt/devkitpro/libnx/lib/libnx.a(parcel.o)
                0x0000000000013290                parcelWriteData
 *fill*         0x0000000000013318        0x8 
 .text.parcelReadData
                0x0000000000013320       0x98 /opt/devkitpro/libnx/lib/libnx.a(parcel.o)
                0x0000000000013320                parcelReadData
 *fill*         0x00000000000133b8        0x8 
 .text.parcelWriteInt32
                0x00000000000133c0       0x20 /opt/devkitpro/libnx/lib/libnx.a(parcel.o)
                0x00000000000133c0                parcelWriteInt32
 .text.parcelWriteUInt32
                0x00000000000133e0       0x20 /opt/devkitpro/libnx/lib/libnx.a(parcel.o)
                0x00000000000133e0                parcelWriteUInt32
 .text.parcelWriteString16
                0x0000000000013400       0x80 /opt/devkitpro/libnx/lib/libnx.a(parcel.o)
                0x0000000000013400                parcelWriteString16
 .text.parcelWriteInterfaceToken
                0x0000000000013480       0x30 /opt/devkitpro/libnx/lib/libnx.a(parcel.o)
                0x0000000000013480                parcelWriteInterfaceToken
 .text.parcelReadInt32
                0x00000000000134b0       0x24 /opt/devkitpro/libnx/lib/libnx.a(parcel.o)
                0x00000000000134b0                parcelReadInt32
 *fill*         0x00000000000134d4        0xc 
 .text.parcelReadFlattenedObject
                0x00000000000134e0       0x68 /opt/devkitpro/libnx/lib/libnx.a(parcel.o)
                0x00000000000134e0                parcelReadFlattenedObject
 *fill*         0x0000000000013548        0x8 
 .text.parcelWriteFlattenedObject
                0x0000000000013550       0x44 /opt/devkitpro/libnx/lib/libnx.a(parcel.o)
                0x0000000000013550                parcelWriteFlattenedObject
 *fill*         0x0000000000013594        0xc 
 .text.nxlinkSetup
                0x00000000000135a0       0xc4 /opt/devkitpro/libnx/lib/libnx.a(nxlink.o)
                0x00000000000135a0                nxlinkSetup
 *fill*         0x0000000000013664        0x4 
 .text.aligned_alloc
                0x0000000000013668       0x38 /opt/devkitpro/devkitA64/lib/gcc/aarch64-none-elf/8.2.0/../../../../aarch64-none-elf/lib/pic/libg.a(lib_a-aligned_alloc.o)
                0x0000000000013668                aligned_alloc
 .text.bsearch  0x00000000000136a0       0xb8 /opt/devkitpro/devkitA64/lib/gcc/aarch64-none-elf/8.2.0/../../../../aarch64-none-elf/lib/pic/libg.a(lib_a-bsearch.o)
                0x00000000000136a0                bsearch
 .text.calloc   0x0000000000013758       0x30 /opt/devkitpro/devkitA64/lib/gcc/aarch64-none-elf/8.2.0/../../../../aarch64-none-elf/lib/pic/libg.a(lib_a-calloc.o)
                0x0000000000013758                calloc
 .text._calloc_r
                0x0000000000013788       0x94 /opt/devkitpro/devkitA64/lib/gcc/aarch64-none-elf/8.2.0/../../../../aarch64-none-elf/lib/pic/libg.a(lib_a-callocr.o)
                0x0000000000013788                _calloc_r
 *fill*         0x000000000001381c        0x4 
 .text.__errno  0x0000000000013820       0x14 /opt/devkitpro/devkitA64/lib/gcc/aarch64-none-elf/8.2.0/../../../../aarch64-none-elf/lib/pic/libg.a(lib_a-errno.o)
                0x0000000000013820                __errno
 *fill*         0x0000000000013834        0x4 
 .text.__libc_fini_array
                0x0000000000013838       0x44 /opt/devkitpro/devkitA64/lib/gcc/aarch64-none-elf/8.2.0/../../../../aarch64-none-elf/lib/pic/libg.a(lib_a-fini.o)
                0x0000000000013838                __libc_fini_array
 *fill*         0x000000000001387c        0x4 
 .text.__libc_init_array
                0x0000000000013880       0x8c /opt/devkitpro/devkitA64/lib/gcc/aarch64-none-elf/8.2.0/../../../../aarch64-none-elf/lib/pic/libg.a(lib_a-init.o)
                0x0000000000013880                __libc_init_array
 *fill*         0x000000000001390c        0x4 
 .text.__locale_mb_cur_max
                0x0000000000013910       0x2c /opt/devkitpro/devkitA64/lib/gcc/aarch64-none-elf/8.2.0/../../../../aarch64-none-elf/lib/pic/libg.a(lib_a-locale.o)
                0x0000000000013910                __locale_mb_cur_max
 *fill*         0x000000000001393c        0x4 
 .text.__locale_ctype_ptr_l
                0x0000000000013940        0x8 /opt/devkitpro/devkitA64/lib/gcc/aarch64-none-elf/8.2.0/../../../../aarch64-none-elf/lib/pic/libg.a(lib_a-locale.o)
                0x0000000000013940                __locale_ctype_ptr_l
 .text.__locale_ctype_ptr
                0x0000000000013948       0x2c /opt/devkitpro/devkitA64/lib/gcc/aarch64-none-elf/8.2.0/../../../../aarch64-none-elf/lib/pic/libg.a(lib_a-locale.o)
                0x0000000000013948                __locale_ctype_ptr
 *fill*         0x0000000000013974        0x4 
 .text.memalign
                0x0000000000013978       0x30 /opt/devkitpro/devkitA64/lib/gcc/aarch64-none-elf/8.2.0/../../../../aarch64-none-elf/lib/pic/libg.a(lib_a-malign.o)
                0x0000000000013978                memalign
 .text._memalign_r
                0x00000000000139a8      0x198 /opt/devkitpro/devkitA64/lib/gcc/aarch64-none-elf/8.2.0/../../../../aarch64-none-elf/lib/pic/libg.a(lib_a-malignr.o)
                0x00000000000139a8                _memalign_r
 .text.malloc   0x0000000000013b40       0x1c /opt/devkitpro/devkitA64/lib/gcc/aarch64-none-elf/8.2.0/../../../../aarch64-none-elf/lib/pic/libg.a(lib_a-malloc.o)
                0x0000000000013b40                malloc
 *fill*         0x0000000000013b5c        0x4 
 .text.free     0x0000000000013b60       0x1c /opt/devkitpro/devkitA64/lib/gcc/aarch64-none-elf/8.2.0/../../../../aarch64-none-elf/lib/pic/libg.a(lib_a-malloc.o)
                0x0000000000013b60                free
 *fill*         0x0000000000013b7c        0x4 
 .text._malloc_r
                0x0000000000013b80      0x844 /opt/devkitpro/devkitA64/lib/gcc/aarch64-none-elf/8.2.0/../../../../aarch64-none-elf/lib/pic/libg.a(lib_a-mallocr.o)
                0x0000000000013b80                _malloc_r
 *fill*         0x00000000000143c4        0x4 
 .text.__utf8_mbtowc
                0x00000000000143c8      0x2c8 /opt/devkitpro/devkitA64/lib/gcc/aarch64-none-elf/8.2.0/../../../../aarch64-none-elf/lib/pic/libg.a(lib_a-mbtowc_r.o)
                0x00000000000143c8                __utf8_mbtowc
 .text          0x0000000000014690       0xd8 /opt/devkitpro/devkitA64/lib/gcc/aarch64-none-elf/8.2.0/../../../../aarch64-none-elf/lib/pic/libg.a(lib_a-memchr.o)
                0x0000000000014690                memchr
 *fill*         0x0000000000014768       0x18 
 .text          0x0000000000014780      0x16c /opt/devkitpro/devkitA64/lib/gcc/aarch64-none-elf/8.2.0/../../../../aarch64-none-elf/lib/pic/libg.a(lib_a-memcpy.o)
                0x0000000000014780                memcpy
 *fill*         0x00000000000148ec       0x14 
 .text          0x0000000000014900      0x1d8 /opt/devkitpro/devkitA64/lib/gcc/aarch64-none-elf/8.2.0/../../../../aarch64-none-elf/lib/pic/libg.a(lib_a-memset.o)
                0x0000000000014900                memset
 .text.__malloc_lock
                0x0000000000014ad8        0xc /opt/devkitpro/devkitA64/lib/gcc/aarch64-none-elf/8.2.0/../../../../aarch64-none-elf/lib/pic/libg.a(lib_a-mlock.o)
                0x0000000000014ad8                __malloc_lock
 *fill*         0x0000000000014ae4        0x4 
 .text.__malloc_unlock
                0x0000000000014ae8        0xc /opt/devkitpro/devkitA64/lib/gcc/aarch64-none-elf/8.2.0/../../../../aarch64-none-elf/lib/pic/libg.a(lib_a-mlock.o)
                0x0000000000014ae8                __malloc_unlock
 *fill*         0x0000000000014af4        0x4 
 .text.printf   0x0000000000014af8       0x8c /opt/devkitpro/devkitA64/lib/gcc/aarch64-none-elf/8.2.0/../../../../aarch64-none-elf/lib/pic/libg.a(lib_a-printf.o)
                0x0000000000014af8                printf
 *fill*         0x0000000000014b84        0x4 
 .text._puts_r  0x0000000000014b88       0xd4 /opt/devkitpro/devkitA64/lib/gcc/aarch64-none-elf/8.2.0/../../../../aarch64-none-elf/lib/pic/libg.a(lib_a-puts.o)
                0x0000000000014b88                _puts_r
 *fill*         0x0000000000014c5c        0x4 
 .text.puts     0x0000000000014c60       0x1c /opt/devkitpro/devkitA64/lib/gcc/aarch64-none-elf/8.2.0/../../../../aarch64-none-elf/lib/pic/libg.a(lib_a-puts.o)
                0x0000000000014c60                puts
 *fill*         0x0000000000014c7c        0x4 
 .text.setenv   0x0000000000014c80       0x3c /opt/devkitpro/devkitA64/lib/gcc/aarch64-none-elf/8.2.0/../../../../aarch64-none-elf/lib/pic/libg.a(lib_a-setenv.o)
                0x0000000000014c80                setenv
 *fill*         0x0000000000014cbc        0x4 
 .text._setenv_r
                0x0000000000014cc0      0x264 /opt/devkitpro/devkitA64/lib/gcc/aarch64-none-elf/8.2.0/../../../../aarch64-none-elf/lib/pic/libg.a(lib_a-setenv_r.o)
                0x0000000000014cc0                _setenv_r
 *fill*         0x0000000000014f24        0x4 
 .text.setvbuf  0x0000000000014f28      0x25c /opt/devkitpro/devkitA64/lib/gcc/aarch64-none-elf/8.2.0/../../../../aarch64-none-elf/lib/pic/libg.a(lib_a-setvbuf.o)
                0x0000000000014f28                setvbuf
 *fill*         0x0000000000015184        0x4 
 .text.sscanf   0x0000000000015188       0xbc /opt/devkitpro/devkitA64/lib/gcc/aarch64-none-elf/8.2.0/../../../../aarch64-none-elf/lib/pic/libg.a(lib_a-sscanf.o)
                0x0000000000015188                sscanf
 *fill*         0x0000000000015244        0x4 
 .text.__sread  0x0000000000015248       0x50 /opt/devkitpro/devkitA64/lib/gcc/aarch64-none-elf/8.2.0/../../../../aarch64-none-elf/lib/pic/libg.a(lib_a-stdio.o)
                0x0000000000015248                __sread
 .text.__seofread
                0x0000000000015298        0x8 /opt/devkitpro/devkitA64/lib/gcc/aarch64-none-elf/8.2.0/../../../../aarch64-none-elf/lib/pic/libg.a(lib_a-stdio.o)
                0x0000000000015298                __seofread
 .text.__swrite
                0x00000000000152a0       0x6c /opt/devkitpro/devkitA64/lib/gcc/aarch64-none-elf/8.2.0/../../../../aarch64-none-elf/lib/pic/libg.a(lib_a-stdio.o)
                0x00000000000152a0                __swrite
 *fill*         0x000000000001530c        0x4 
 .text.__sseek  0x0000000000015310       0x50 /opt/devkitpro/devkitA64/lib/gcc/aarch64-none-elf/8.2.0/../../../../aarch64-none-elf/lib/pic/libg.a(lib_a-stdio.o)
                0x0000000000015310                __sseek
 .text.__sclose
                0x0000000000015360        0x8 /opt/devkitpro/devkitA64/lib/gcc/aarch64-none-elf/8.2.0/../../../../aarch64-none-elf/lib/pic/libg.a(lib_a-stdio.o)
                0x0000000000015360                __sclose
 .text          0x0000000000015368       0xdc /opt/devkitpro/devkitA64/lib/gcc/aarch64-none-elf/8.2.0/../../../../aarch64-none-elf/lib/pic/libg.a(lib_a-strchr.o)
                0x0000000000015368                strchr
 *fill*         0x0000000000015444       0x3c 
 .text          0x0000000000015480       0xa4 /opt/devkitpro/devkitA64/lib/gcc/aarch64-none-elf/8.2.0/../../../../aarch64-none-elf/lib/pic/libg.a(lib_a-strcmp.o)
                0x0000000000015480                strcmp
 *fill*         0x0000000000015524       0x1c 
 .text          0x0000000000015540      0x1b8 /opt/devkitpro/devkitA64/lib/gcc/aarch64-none-elf/8.2.0/../../../../aarch64-none-elf/lib/pic/libg.a(lib_a-strcpy.o)
                0x0000000000015540                strcpy
 .text._strerror_r
                0x00000000000156f8      0x418 /opt/devkitpro/devkitA64/lib/gcc/aarch64-none-elf/8.2.0/../../../../aarch64-none-elf/lib/pic/libg.a(lib_a-strerror.o)
                0x00000000000156f8                _strerror_r
 .text.strerror
                0x0000000000015b10       0x24 /opt/devkitpro/devkitA64/lib/gcc/aarch64-none-elf/8.2.0/../../../../aarch64-none-elf/lib/pic/libg.a(lib_a-strerror.o)
                0x0000000000015b10                strerror
 *fill*         0x0000000000015b34        0xc 
 .text          0x0000000000015b40      0x140 /opt/devkitpro/devkitA64/lib/gcc/aarch64-none-elf/8.2.0/../../../../aarch64-none-elf/lib/pic/libg.a(lib_a-strlen.o)
                0x0000000000015b40                strlen
 .text.strncat  0x0000000000015c80       0x84 /opt/devkitpro/devkitA64/lib/gcc/aarch64-none-elf/8.2.0/../../../../aarch64-none-elf/lib/pic/libg.a(lib_a-strncat.o)
                0x0000000000015c80                strncat
 *fill*         0x0000000000015d04       0x3c 
 .text          0x0000000000015d40      0x124 /opt/devkitpro/devkitA64/lib/gcc/aarch64-none-elf/8.2.0/../../../../aarch64-none-elf/lib/pic/libg.a(lib_a-strncmp.o)
                0x0000000000015d5c                strncmp
 *fill*         0x0000000000015e64        0x4 
 .text.strncpy  0x0000000000015e68       0xa8 /opt/devkitpro/devkitA64/lib/gcc/aarch64-none-elf/8.2.0/../../../../aarch64-none-elf/lib/pic/libg.a(lib_a-strncpy.o)
                0x0000000000015e68                strncpy
 *fill*         0x0000000000015f10       0x30 
 .text          0x0000000000015f40       0xe0 /opt/devkitpro/devkitA64/lib/gcc/aarch64-none-elf/8.2.0/../../../../aarch64-none-elf/lib/pic/libg.a(lib_a-strnlen.o)
                0x0000000000015f64                strnlen
 .text.critical_factorization
                0x0000000000016020      0x120 /opt/devkitpro/devkitA64/lib/gcc/aarch64-none-elf/8.2.0/../../../../aarch64-none-elf/lib/pic/libg.a(lib_a-strstr.o)
 .text.two_way_long_needle
                0x0000000000016140      0x3b4 /opt/devkitpro/devkitA64/lib/gcc/aarch64-none-elf/8.2.0/../../../../aarch64-none-elf/lib/pic/libg.a(lib_a-strstr.o)
 *fill*         0x00000000000164f4        0x4 
 .text.strstr   0x00000000000164f8      0x364 /opt/devkitpro/devkitA64/lib/gcc/aarch64-none-elf/8.2.0/../../../../aarch64-none-elf/lib/pic/libg.a(lib_a-strstr.o)
                0x00000000000164f8                strstr
 *fill*         0x000000000001685c        0x4 
 .text._strtol_l.isra.0
                0x0000000000016860      0x1d0 /opt/devkitpro/devkitA64/lib/gcc/aarch64-none-elf/8.2.0/../../../../aarch64-none-elf/lib/pic/libg.a(lib_a-strtol.o)
 .text._strtol_r
                0x0000000000016a30       0x48 /opt/devkitpro/devkitA64/lib/gcc/aarch64-none-elf/8.2.0/../../../../aarch64-none-elf/lib/pic/libg.a(lib_a-strtol.o)
                0x0000000000016a30                _strtol_r
 .text._strtoul_l.isra.0
                0x0000000000016a78      0x1e0 /opt/devkitpro/devkitA64/lib/gcc/aarch64-none-elf/8.2.0/../../../../aarch64-none-elf/lib/pic/libg.a(lib_a-strtoul.o)
 .text._strtoul_r
                0x0000000000016c58       0x48 /opt/devkitpro/devkitA64/lib/gcc/aarch64-none-elf/8.2.0/../../../../aarch64-none-elf/lib/pic/libg.a(lib_a-strtoul.o)
                0x0000000000016c58                _strtoul_r
 .text.strtoul  0x0000000000016ca0       0x5c /opt/devkitpro/devkitA64/lib/gcc/aarch64-none-elf/8.2.0/../../../../aarch64-none-elf/lib/pic/libg.a(lib_a-strtoul.o)
                0x0000000000016ca0                strtoul
 .text.get_arg  0x0000000000016cfc       0x5c /opt/devkitpro/devkitA64/lib/gcc/aarch64-none-elf/8.2.0/../../../../aarch64-none-elf/lib/pic/libg.a(lib_a-svfscanf.o)
 .text.__ssvfscanf_r
                0x0000000000016d58     0x2f48 /opt/devkitpro/devkitA64/lib/gcc/aarch64-none-elf/8.2.0/../../../../aarch64-none-elf/lib/pic/libg.a(lib_a-svfscanf.o)
                0x0000000000016d58                __ssvfscanf_r
 .text.close    0x0000000000019ca0       0x1c /opt/devkitpro/devkitA64/lib/gcc/aarch64-none-elf/8.2.0/../../../../aarch64-none-elf/lib/pic/libg.a(lib_a-sysclose.o)
                0x0000000000019ca0                close
 *fill*         0x0000000000019cbc        0x4 
 .text.write    0x0000000000019cc0       0x38 /opt/devkitpro/devkitA64/lib/gcc/aarch64-none-elf/8.2.0/../../../../aarch64-none-elf/lib/pic/libg.a(lib_a-syswrite.o)
                0x0000000000019cc0                write
 .text._user_strerror
                0x0000000000019cf8        0x8 /opt/devkitpro/devkitA64/lib/gcc/aarch64-none-elf/8.2.0/../../../../aarch64-none-elf/lib/pic/libg.a(lib_a-u_strerr.o)
                0x0000000000019cf8                _user_strerror
 .text.get_arg  0x0000000000019d00      0x76c /opt/devkitpro/devkitA64/lib/gcc/aarch64-none-elf/8.2.0/../../../../aarch64-none-elf/lib/pic/libg.a(lib_a-vfprintf.o)
 .text._vfprintf_r
                0x000000000001a46c     0x3bfc /opt/devkitpro/devkitA64/lib/gcc/aarch64-none-elf/8.2.0/../../../../aarch64-none-elf/lib/pic/libg.a(lib_a-vfprintf.o)
                0x000000000001a46c                _vfprintf_r
 .text.__sbprintf
                0x000000000001e068       0xec /opt/devkitpro/devkitA64/lib/gcc/aarch64-none-elf/8.2.0/../../../../aarch64-none-elf/lib/pic/libg.a(lib_a-vfprintf.o)
 *fill*         0x000000000001e154        0x4 
 .text._wcrtomb_r
                0x000000000001e158       0xd0 /opt/devkitpro/devkitA64/lib/gcc/aarch64-none-elf/8.2.0/../../../../aarch64-none-elf/lib/pic/libg.a(lib_a-wcrtomb.o)
                0x000000000001e158                _wcrtomb_r
 .text._wcsrtombs_r
                0x000000000001e228       0x10 /opt/devkitpro/devkitA64/lib/gcc/aarch64-none-elf/8.2.0/../../../../aarch64-none-elf/lib/pic/libg.a(lib_a-wcsrtombs.o)
                0x000000000001e228                _wcsrtombs_r
 .text.__utf8_wctomb
                0x000000000001e238       0xe4 /opt/devkitpro/devkitA64/lib/gcc/aarch64-none-elf/8.2.0/../../../../aarch64-none-elf/lib/pic/libg.a(lib_a-wctomb_r.o)
                0x000000000001e238                __utf8_wctomb
 *fill*         0x000000000001e31c        0x4 
 .text.__swsetup_r
                0x000000000001e320      0x140 /opt/devkitpro/devkitA64/lib/gcc/aarch64-none-elf/8.2.0/../../../../aarch64-none-elf/lib/pic/libg.a(lib_a-wsetup.o)
                0x000000000001e320                __swsetup_r
 .text.__call_exitprocs
                0x000000000001e460      0x17c /opt/devkitpro/devkitA64/lib/gcc/aarch64-none-elf/8.2.0/../../../../aarch64-none-elf/lib/pic/libg.a(lib_a-__call_atexit.o)
                0x000000000001e460                __call_exitprocs
 *fill*         0x000000000001e5dc        0x4 
 .text.quorem   0x000000000001e5e0      0x1a8 /opt/devkitpro/devkitA64/lib/gcc/aarch64-none-elf/8.2.0/../../../../aarch64-none-elf/lib/pic/libg.a(lib_a-dtoa.o)
 .text._dtoa_r  0x000000000001e788     0x10dc /opt/devkitpro/devkitA64/lib/gcc/aarch64-none-elf/8.2.0/../../../../aarch64-none-elf/lib/pic/libg.a(lib_a-dtoa.o)
                0x000000000001e788                _dtoa_r
 *fill*         0x000000000001f864        0x4 
 .text.__env_lock
                0x000000000001f868        0xc /opt/devkitpro/devkitA64/lib/gcc/aarch64-none-elf/8.2.0/../../../../aarch64-none-elf/lib/pic/libg.a(lib_a-envlock.o)
                0x000000000001f868                __env_lock
 *fill*         0x000000000001f874        0x4 
 .text.__env_unlock
                0x000000000001f878        0xc /opt/devkitpro/devkitA64/lib/gcc/aarch64-none-elf/8.2.0/../../../../aarch64-none-elf/lib/pic/libg.a(lib_a-envlock.o)
                0x000000000001f878                __env_unlock
 *fill*         0x000000000001f884        0x4 
 .text.__sflush_r
                0x000000000001f888      0x214 /opt/devkitpro/devkitA64/lib/gcc/aarch64-none-elf/8.2.0/../../../../aarch64-none-elf/lib/pic/libg.a(lib_a-fflush.o)
                0x000000000001f888                __sflush_r
 *fill*         0x000000000001fa9c        0x4 
 .text._fflush_r
                0x000000000001faa0       0xb8 /opt/devkitpro/devkitA64/lib/gcc/aarch64-none-elf/8.2.0/../../../../aarch64-none-elf/lib/pic/libg.a(lib_a-fflush.o)
                0x000000000001faa0                _fflush_r
 .text.std      0x000000000001fb58       0x78 /opt/devkitpro/devkitA64/lib/gcc/aarch64-none-elf/8.2.0/../../../../aarch64-none-elf/lib/pic/libg.a(lib_a-findfp.o)
 .text._cleanup_r
                0x000000000001fbd0        0xc /opt/devkitpro/devkitA64/lib/gcc/aarch64-none-elf/8.2.0/../../../../aarch64-none-elf/lib/pic/libg.a(lib_a-findfp.o)
                0x000000000001fbd0                _cleanup_r
 *fill*         0x000000000001fbdc        0x4 
 .text.__sfp_lock_acquire
                0x000000000001fbe0        0xc /opt/devkitpro/devkitA64/lib/gcc/aarch64-none-elf/8.2.0/../../../../aarch64-none-elf/lib/pic/libg.a(lib_a-findfp.o)
                0x000000000001fbe0                __sfp_lock_acquire
 *fill*         0x000000000001fbec        0x4 
 .text.__sfp_lock_release
                0x000000000001fbf0        0xc /opt/devkitpro/devkitA64/lib/gcc/aarch64-none-elf/8.2.0/../../../../aarch64-none-elf/lib/pic/libg.a(lib_a-findfp.o)
                0x000000000001fbf0                __sfp_lock_release
 *fill*         0x000000000001fbfc        0x4 
 .text.__sinit_lock_acquire
                0x000000000001fc00        0xc /opt/devkitpro/devkitA64/lib/gcc/aarch64-none-elf/8.2.0/../../../../aarch64-none-elf/lib/pic/libg.a(lib_a-findfp.o)
                0x000000000001fc00                __sinit_lock_acquire
 *fill*         0x000000000001fc0c        0x4 
 .text.__sinit_lock_release
                0x000000000001fc10        0xc /opt/devkitpro/devkitA64/lib/gcc/aarch64-none-elf/8.2.0/../../../../aarch64-none-elf/lib/pic/libg.a(lib_a-findfp.o)
                0x000000000001fc10                __sinit_lock_release
 *fill*         0x000000000001fc1c        0x4 
 .text.__sinit  0x000000000001fc20       0x80 /opt/devkitpro/devkitA64/lib/gcc/aarch64-none-elf/8.2.0/../../../../aarch64-none-elf/lib/pic/libg.a(lib_a-findfp.o)
                0x000000000001fc20                __sinit
 .text._malloc_trim_r
                0x000000000001fca0      0x118 /opt/devkitpro/devkitA64/lib/gcc/aarch64-none-elf/8.2.0/../../../../aarch64-none-elf/lib/pic/libg.a(lib_a-freer.o)
                0x000000000001fca0                _malloc_trim_r
 .text._free_r  0x000000000001fdb8      0x2f4 /opt/devkitpro/devkitA64/lib/gcc/aarch64-none-elf/8.2.0/../../../../aarch64-none-elf/lib/pic/libg.a(lib_a-freer.o)
                0x000000000001fdb8                _free_r
 *fill*         0x00000000000200ac        0x4 
 .text.__sfvwrite_r
                0x00000000000200b0      0x4b8 /opt/devkitpro/devkitA64/lib/gcc/aarch64-none-elf/8.2.0/../../../../aarch64-none-elf/lib/pic/libg.a(lib_a-fvwrite.o)
                0x00000000000200b0                __sfvwrite_r
 .text._fwalk_reent
                0x0000000000020568       0xbc /opt/devkitpro/devkitA64/lib/gcc/aarch64-none-elf/8.2.0/../../../../aarch64-none-elf/lib/pic/libg.a(lib_a-fwalk.o)
                0x0000000000020568                _fwalk_reent
 *fill*         0x0000000000020624        0x4 
 .text._findenv_r
                0x0000000000020628      0x100 /opt/devkitpro/devkitA64/lib/gcc/aarch64-none-elf/8.2.0/../../../../aarch64-none-elf/lib/pic/libg.a(lib_a-getenv_r.o)
                0x0000000000020628                _findenv_r
 .text.iswspace
                0x0000000000020728       0x84 /opt/devkitpro/devkitA64/lib/gcc/aarch64-none-elf/8.2.0/../../../../aarch64-none-elf/lib/pic/libg.a(lib_a-iswspace.o)
                0x0000000000020728                iswspace
 *fill*         0x00000000000207ac        0x4 
 .text.__jp2uc  0x00000000000207b0      0x244 /opt/devkitpro/devkitA64/lib/gcc/aarch64-none-elf/8.2.0/../../../../aarch64-none-elf/lib/pic/libg.a(lib_a-jp2uc.o)
 *fill*         0x00000000000209f4        0x4 
 .text._jp2uc   0x00000000000209f8       0xd0 /opt/devkitpro/devkitA64/lib/gcc/aarch64-none-elf/8.2.0/../../../../aarch64-none-elf/lib/pic/libg.a(lib_a-jp2uc.o)
                0x00000000000209f8                _jp2uc
 .text.__localeconv_l
                0x0000000000020ac8        0x8 /opt/devkitpro/devkitA64/lib/gcc/aarch64-none-elf/8.2.0/../../../../aarch64-none-elf/lib/pic/libg.a(lib_a-localeconv.o)
                0x0000000000020ac8                __localeconv_l
 .text._localeconv_r
                0x0000000000020ad0       0x28 /opt/devkitpro/devkitA64/lib/gcc/aarch64-none-elf/8.2.0/../../../../aarch64-none-elf/lib/pic/libg.a(lib_a-localeconv.o)
                0x0000000000020ad0                _localeconv_r
 .text.__swhatbuf_r
                0x0000000000020af8       0xa4 /opt/devkitpro/devkitA64/lib/gcc/aarch64-none-elf/8.2.0/../../../../aarch64-none-elf/lib/pic/libg.a(lib_a-makebuf.o)
                0x0000000000020af8                __swhatbuf_r
 *fill*         0x0000000000020b9c        0x4 
 .text.__smakebuf_r
                0x0000000000020ba0      0x10c /opt/devkitpro/devkitA64/lib/gcc/aarch64-none-elf/8.2.0/../../../../aarch64-none-elf/lib/pic/libg.a(lib_a-makebuf.o)
                0x0000000000020ba0                __smakebuf_r
 *fill*         0x0000000000020cac        0x4 
 .text._mbrtowc_r
                0x0000000000020cb0       0xd8 /opt/devkitpro/devkitA64/lib/gcc/aarch64-none-elf/8.2.0/../../../../aarch64-none-elf/lib/pic/libg.a(lib_a-mbrtowc.o)
                0x0000000000020cb0                _mbrtowc_r
 *fill*         0x0000000000020d88       0x38 
 .text          0x0000000000020dc0       0xb0 /opt/devkitpro/devkitA64/lib/gcc/aarch64-none-elf/8.2.0/../../../../aarch64-none-elf/lib/pic/libg.a(lib_a-memcmp.o)
                0x0000000000020dc0                memcmp
 *fill*         0x0000000000020e70       0x10 
 .text          0x0000000000020e80       0xac /opt/devkitpro/devkitA64/lib/gcc/aarch64-none-elf/8.2.0/../../../../aarch64-none-elf/lib/pic/libg.a(lib_a-memmove.o)
                0x0000000000020e80                memmove
 *fill*         0x0000000000020f2c        0x4 
 .text._Balloc  0x0000000000020f30       0x90 /opt/devkitpro/devkitA64/lib/gcc/aarch64-none-elf/8.2.0/../../../../aarch64-none-elf/lib/pic/libg.a(lib_a-mprec.o)
                0x0000000000020f30                _Balloc
 .text._Bfree   0x0000000000020fc0       0x1c /opt/devkitpro/devkitA64/lib/gcc/aarch64-none-elf/8.2.0/../../../../aarch64-none-elf/lib/pic/libg.a(lib_a-mprec.o)
                0x0000000000020fc0                _Bfree
 *fill*         0x0000000000020fdc        0x4 
 .text.__multadd