Archive member included to satisfy reference by file (symbol)

/opt/devkitpro/libnx/lib/libnx.a(applet.o)
                              main.o (appletMainLoop)
/opt/devkitpro/libnx/lib/libnx.a(hid.o)
                              main.o (hidKeysDown)
/opt/devkitpro/libnx/lib/libnx.a(apm.o)
                              /opt/devkitpro/libnx/lib/libnx.a(applet.o) (apmExit)
/opt/devkitpro/libnx/lib/libnx.a(sm.o)
                              /opt/devkitpro/libnx/lib/libnx.a(applet.o) (smGetService)
/opt/devkitpro/libnx/lib/libnx.a(fatal.o)
                              /opt/devkitpro/libnx/lib/libnx.a(applet.o) (fatalSimple)
/opt/devkitpro/libnx/lib/libnx.a(env.o)
                              /opt/devkitpro/libnx/lib/libnx.a(applet.o) (envIsNso)
/opt/devkitpro/libnx/lib/libnx.a(socket.o)
                              main.o (socketGetDefaultInitConfig)
/opt/devkitpro/libnx/lib/libnx.a(console.o)
                              main.o (consoleInit)
/opt/devkitpro/libnx/lib/libnx.a(console_sw.o)
                              /opt/devkitpro/libnx/lib/libnx.a(console.o) (getDefaultConsoleRenderer)
/opt/devkitpro/libnx/lib/libnx.a(convert_errno.o)
                              /opt/devkitpro/libnx/lib/libnx.a(socket.o) (_convert_errno)
/opt/devkitpro/libnx/lib/libnx.a(svc.o)
                              /opt/devkitpro/libnx/lib/libnx.a(applet.o) (svcExitProcess)
/opt/devkitpro/libnx/lib/libnx.a(readtp.o)
                              /opt/devkitpro/libnx/lib/libnx.a(socket.o) (__aarch64_read_tp)
/opt/devkitpro/libnx/lib/libnx.a(switch_crt0.o)
                              (_start)
/opt/devkitpro/libnx/lib/libnx.a(default_font.bin.o)
                              /opt/devkitpro/libnx/lib/libnx.a(console.o) (default_font_bin)
/opt/devkitpro/libnx/lib/libnx.a(detect.o)
                              /opt/devkitpro/libnx/lib/libnx.a(applet.o) (kernelAbove200)
/opt/devkitpro/libnx/lib/libnx.a(tmem.o)
                              /opt/devkitpro/libnx/lib/libnx.a(applet.o) (tmemCreate)
/opt/devkitpro/libnx/lib/libnx.a(wait.o)
                              /opt/devkitpro/libnx/lib/libnx.a(applet.o) (waitObjects)
/opt/devkitpro/libnx/lib/libnx.a(rwlock.o)
                              /opt/devkitpro/libnx/lib/libnx.a(hid.o) (rwlockReadLock)
/opt/devkitpro/libnx/lib/libnx.a(mutex.o)
                              /opt/devkitpro/libnx/lib/libnx.a(detect.o) (mutexLock)
/opt/devkitpro/libnx/lib/libnx.a(shmem.o)
                              /opt/devkitpro/libnx/lib/libnx.a(hid.o) (shmemLoadRemote)
/opt/devkitpro/libnx/lib/libnx.a(virtmem.o)
                              /opt/devkitpro/libnx/lib/libnx.a(tmem.o) (virtmemReserve)
/opt/devkitpro/libnx/lib/libnx.a(event.o)
                              /opt/devkitpro/libnx/lib/libnx.a(applet.o) (eventLoadRemote)
/opt/devkitpro/libnx/lib/libnx.a(sfdnsres.o)
                              /opt/devkitpro/libnx/lib/libnx.a(socket.o) (sfdnsresGetHostByName)
/opt/devkitpro/libnx/lib/libnx.a(bsd.o)
                              /opt/devkitpro/libnx/lib/libnx.a(socket.o) (g_bsdResult)
/opt/devkitpro/libnx/lib/libnx.a(nifm.o)
                              /opt/devkitpro/libnx/lib/libnx.a(socket.o) (nifmExit)
/opt/devkitpro/libnx/lib/libnx.a(default_window.o)
                              /opt/devkitpro/libnx/lib/libnx.a(console_sw.o) (nwindowGetDefault)
/opt/devkitpro/libnx/lib/libnx.a(framebuffer.o)
                              /opt/devkitpro/libnx/lib/libnx.a(console_sw.o) (framebufferMakeLinear)
/opt/devkitpro/libnx/lib/libnx.a(native_window.o)
                              /opt/devkitpro/libnx/lib/libnx.a(framebuffer.o) (nwindowIsValid)
/opt/devkitpro/libnx/lib/libnx.a(dynamic.o)
                              /opt/devkitpro/libnx/lib/libnx.a(switch_crt0.o) (__nx_dynamic)
/opt/devkitpro/libnx/lib/libnx.a(init.o)
                              /opt/devkitpro/libnx/lib/libnx.a(switch_crt0.o) (__libnx_init)
/opt/devkitpro/libnx/lib/libnx.a(newlib.o)
                              /opt/devkitpro/libnx/lib/libnx.a(init.o) (__libnx_init_time)
/opt/devkitpro/libnx/lib/libnx.a(argv.o)
                              /opt/devkitpro/libnx/lib/libnx.a(init.o) (argvSetup)
/opt/devkitpro/libnx/lib/libnx.a(fs_dev.o)
                              /opt/devkitpro/libnx/lib/libnx.a(init.o) (fsdevMountSdmc)
/opt/devkitpro/libnx/lib/libnx.a(decode_utf8.o)
                              /opt/devkitpro/libnx/lib/libnx.a(fs_dev.o) (decode_utf8)
/opt/devkitpro/libnx/lib/libnx.a(cache.o)
                              /opt/devkitpro/libnx/lib/libnx.a(framebuffer.o) (armDCacheFlush)
/opt/devkitpro/libnx/lib/libnx.a(exception.o)
                              /opt/devkitpro/libnx/lib/libnx.a(switch_crt0.o) (__libnx_exception_entry)
/opt/devkitpro/libnx/lib/libnx.a(time.o)
                              /opt/devkitpro/libnx/lib/libnx.a(init.o) (timeExit)
/opt/devkitpro/libnx/lib/libnx.a(vi.o)
                              /opt/devkitpro/libnx/lib/libnx.a(default_window.o) (viExit)
/opt/devkitpro/libnx/lib/libnx.a(fs.o)
[...]
Memory Configuration

Name             Origin             Length             Attributes
*default*        0x0000000000000000 0xffffffffffffffff

Linker script and memory map

                0x0000000000000000                PROVIDE (__start__ = 0x0)
                0x0000000000000000                . = __start__

.crt0           0x0000000000000000      0x150
 *(.crt0)
 .crt0          0x0000000000000000      0x14c /opt/devkitpro/libnx/lib/libnx.a(switch_crt0.o)
                0x0000000000000000                _start
                0x0000000000000120                __nx_exit
                0x0000000000000130                __nx_mod0
                0x0000000000000150                . = ALIGN (0x8)
 *fill*         0x000000000000014c        0x4 

.init           0x0000000000000150       0x38
 *(.init)
 .init          0x0000000000000150       0x18 /opt/devkitpro/devkitA64/lib/gcc/aarch64-none-elf/8.2.0/pic/crti.o
                0x0000000000000150                _init
 .init          0x0000000000000168       0x1c /opt/devkitpro/devkitA64/lib/gcc/aarch64-none-elf/8.2.0/pic/crtn.o
                0x0000000000000188                . = ALIGN (0x8)
 *fill*         0x0000000000000184        0x4 

.plt            0x0000000000000188        0x0
 *(.plt)
 .plt           0x0000000000000188        0x0 /opt/devkitpro/devkitA64/lib/gcc/aarch64-none-elf/8.2.0/pic/crti.o
 *(.iplt)
                0x0000000000000188                . = ALIGN (0x8)

.text           0x00000000000001c0    0x2b978
 *(.text.unlikely .text.*_unlikely .text.unlikely.*)
 *(.text.exit .text.exit.*)
 .text.exit     0x00000000000001c0       0x38 /opt/devkitpro/devkitA64/lib/gcc/aarch64-none-elf/8.2.0/../../../../aarch64-none-elf/lib/pic/libg.a(lib_a-exit.o)
                0x00000000000001c0                exit
 *(.text.startup .text.startup.*)
 *fill*         0x00000000000001f8        0x8 
 .text.startup.main
                0x0000000000000200       0xa8 main.o
                0x0000000000000200                main
 *(.text.hot .text.hot.*)
 *(.text .stub .text.* .gnu.linkonce.t.*)
 .text.deregister_tm_clones
                0x00000000000002a8       0x2c /opt/devkitpro/devkitA64/lib/gcc/aarch64-none-elf/8.2.0/pic/crtbegin.o
 *fill*         0x00000000000002d4        0x4 
 .text.register_tm_clones
                0x00000000000002d8       0x38 /opt/devkitpro/devkitA64/lib/gcc/aarch64-none-elf/8.2.0/pic/crtbegin.o
 .text.__do_global_dtors_aux
                0x0000000000000310       0x48 /opt/devkitpro/devkitA64/lib/gcc/aarch64-none-elf/8.2.0/pic/crtbegin.o
 .text.frame_dummy
                0x0000000000000358       0x34 /opt/devkitpro/devkitA64/lib/gcc/aarch64-none-elf/8.2.0/pic/crtbegin.o
 *fill*         0x000000000000038c        0x4 
 .text.getPageFromRequest
                0x0000000000000390      0x27c main.o
                0x0000000000000390                getPageFromRequest
 *fill*         0x000000000000060c        0x4 
 .text.createWebService
                0x0000000000000610      0x258 main.o
                0x0000000000000610                createWebService
 *fill*         0x0000000000000868        0x8 
 .text.ipcParse
                0x0000000000000870      0x22c /opt/devkitpro/libnx/lib/libnx.a(applet.o)
 *fill*         0x0000000000000a9c        0x4 
 .text.ipcCloseObjectById
                0x0000000000000aa0       0x34 /opt/devkitpro/libnx/lib/libnx.a(applet.o)
 *fill*         0x0000000000000ad4        0xc 
 .text._appletGetSession
                0x0000000000000ae0      0x1d8 /opt/devkitpro/libnx/lib/libnx.a(applet.o)
 *fill*         0x0000000000000cb8        0x8 
 .text._appletReceiveMessage
                0x0000000000000cc0      0x19c /opt/devkitpro/libnx/lib/libnx.a(applet.o)
 *fill*         0x0000000000000e5c        0x4 
 .text._appletGetPerformanceMode.constprop.35
                0x0000000000000e60      0x18c /opt/devkitpro/libnx/lib/libnx.a(applet.o)
 *fill*         0x0000000000000fec        0x4 
 .text._appletSetOperationModeChangedNotification.constprop.37
                0x0000000000000ff0      0x164 /opt/devkitpro/libnx/lib/libnx.a(applet.o)
 *fill*         0x0000000000001154        0xc 
 .text._appletSetPerformanceModeChangedNotification.constprop.38
                0x0000000000001160      0x164 /opt/devkitpro/libnx/lib/libnx.a(applet.o)
 *fill*         0x00000000000012c4        0xc 
 .text._appletSetOutOfFocusSuspendingEnabled
                0x00000000000012d0      0x16c /opt/devkitpro/libnx/lib/libnx.a(applet.o)
 *fill*         0x000000000000143c        0x4 
 .text._appletGetHandle.constprop.33
                0x0000000000001440      0x178 /opt/devkitpro/libnx/lib/libnx.a(applet.o)
 *fill*         0x00000000000015b8        0x8 
 .text._appletGetEvent.constprop.32
                0x00000000000015c0       0x54 /opt/devkitpro/libnx/lib/libnx.a(applet.o)
 *fill*         0x0000000000001614        0xc 
 .text._appletSetFocusHandlingMode
                0x0000000000001620      0x17c /opt/devkitpro/libnx/lib/libnx.a(applet.o)
 *fill*         0x000000000000179c        0x4 
 .text._appletGetSessionProxy.constprop.31
                0x00000000000017a0      0x1f0 /opt/devkitpro/libnx/lib/libnx.a(applet.o)
 .text.ipcConvertSessionToDomain
                0x0000000000001990       0xc4 /opt/devkitpro/libnx/lib/libnx.a(applet.o)
 *fill*         0x0000000000001a54        0xc 
 .text.ipcCloneSession.constprop.42
                0x0000000000001a60      0x10c /opt/devkitpro/libnx/lib/libnx.a(applet.o)
 *fill*         0x0000000000001b6c        0x4 
 .text._appletCmdNoIO
                0x0000000000001b70      0x384 /opt/devkitpro/libnx/lib/libnx.a(applet.o)
 *fill*         0x0000000000001ef4        0xc 
 .text._appletCmdNoInOut64
                0x0000000000001f00      0x394 /opt/devkitpro/libnx/lib/libnx.a(applet.o)
 *fill*         0x0000000000002294        0xc 
 .text._appletGetCurrentFocusState.constprop.36
                0x00000000000022a0      0x3ac /opt/devkitpro/libnx/lib/libnx.a(applet.o)
 *fill*         0x000000000000264c        0x4 
 .text._appletGetOperationMode.constprop.34
                0x0000000000002650      0x3ac /opt/devkitpro/libnx/lib/libnx.a(applet.o)
 *fill*         0x00000000000029fc        0x4 
 .text.appletGetAppletType
                0x0000000000002a00       0x10 /opt/devkitpro/libnx/lib/libnx.a(applet.o)
                0x0000000000002a00                appletGetAppletType
 .text.appletSetFocusHandlingMode
                0x0000000000002a10       0xec /opt/devkitpro/libnx/lib/libnx.a(applet.o)
                0x0000000000002a10                appletSetFocusHandlingMode
 *fill*         0x0000000000002afc        0x4 
 .text.appletGetAppletResourceUserId
                0x0000000000002b00       0x28 /opt/devkitpro/libnx/lib/libnx.a(applet.o)
                0x0000000000002b00                appletGetAppletResourceUserId
 *fill*         0x0000000000002b28        0x8 
 .text.appletNotifyRunning
                0x0000000000002b30      0x1b0 /opt/devkitpro/libnx/lib/libnx.a(applet.o)
                0x0000000000002b30                appletNotifyRunning
 .text.appletSetGamePlayRecordingState
                0x0000000000002ce0      0x1a8 /opt/devkitpro/libnx/lib/libnx.a(applet.o)
                0x0000000000002ce0                appletSetGamePlayRecordingState
 *fill*         0x0000000000002e88        0x8 
 .text.appletExit
                0x0000000000002e90      0x69c /opt/devkitpro/libnx/lib/libnx.a(applet.o)
                0x0000000000002e90                appletExit
 *fill*         0x000000000000352c        0x4 
 .text.appletInitialize
                0x0000000000003530      0x4f0 /opt/devkitpro/libnx/lib/libnx.a(applet.o)
                0x0000000000003530                appletInitialize
 .text._appletExitProcess
                0x0000000000003a20       0x10 /opt/devkitpro/libnx/lib/libnx.a(applet.o)
 .text.appletCreateManagedDisplayLayer
                0x0000000000003a30       0x14 /opt/devkitpro/libnx/lib/libnx.a(applet.o)
                0x0000000000003a30                appletCreateManagedDisplayLayer
 *fill*         0x0000000000003a44        0xc 
 .text.appletMainLoop
                0x0000000000003a50      0x17c /opt/devkitpro/libnx/lib/libnx.a(applet.o)
                0x0000000000003a50                appletMainLoop
 *fill*         0x0000000000003bcc        0x4 
 .text.ipcCloseObjectById
                0x0000000000003bd0       0x34 /opt/devkitpro/libnx/lib/libnx.a(hid.o)
 *fill*         0x0000000000003c04        0xc 
 .text._hidGetSharedMemoryHandle.constprop.10
                0x0000000000003c10      0x124 /opt/devkitpro/libnx/lib/libnx.a(hid.o)
 *fill*         0x0000000000003d34        0xc 
 .text._hidCreateAppletResource.constprop.9
                0x0000000000003d40      0x134 /opt/devkitpro/libnx/lib/libnx.a(hid.o)
 *fill*         0x0000000000003e74        0xc 
 .text._hidCmdWithNoInput
                0x0000000000003e80      0x100 /opt/devkitpro/libnx/lib/libnx.a(hid.o)
 .text._hidCmdWithInputU32
                0x0000000000003f80      0x10c /opt/devkitpro/libnx/lib/libnx.a(hid.o)
 *fill*         0x000000000000408c        0x4 
 .text._hidCmdWithInputU64.constprop.11
                0x0000000000004090      0x108 /opt/devkitpro/libnx/lib/libnx.a(hid.o)
 *fill*         0x0000000000004198        0x8 
 .text.hidReset
                0x00000000000041a0      0x1d0 /opt/devkitpro/libnx/lib/libnx.a(hid.o)
                0x00000000000041a0                hidReset
 .text.hidGetSharedmemAddr
                0x0000000000004370        0xc /opt/devkitpro/libnx/lib/libnx.a(hid.o)
                0x0000000000004370                hidGetSharedmemAddr
 *fill*         0x000000000000437c        0x4 
 .text.hidKeysDown
                0x0000000000004380       0x6c /opt/devkitpro/libnx/lib/libnx.a(hid.o)
                0x0000000000004380                hidKeysDown
 *fill*         0x00000000000043ec        0x4 
 .text.hidTouchCount
                0x00000000000043f0        0xc /opt/devkitpro/libnx/lib/libnx.a(hid.o)
                0x00000000000043f0                hidTouchCount
 *fill*         0x00000000000043fc        0x4 
 .text.hidScanInput
                0x0000000000004400      0x560 /opt/devkitpro/libnx/lib/libnx.a(hid.o)
                0x0000000000004400                hidScanInput
 .text.hidSetSupportedNpadIdType
                0x0000000000004960      0x198 /opt/devkitpro/libnx/lib/libnx.a(hid.o)
                0x0000000000004960                hidSetSupportedNpadIdType
 *fill*         0x0000000000004af8        0x8 
 .text.hidSetSupportedNpadStyleSet
                0x0000000000004b00        0xc /opt/devkitpro/libnx/lib/libnx.a(hid.o)
                0x0000000000004b00                hidSetSupportedNpadStyleSet
 *fill*         0x0000000000004b0c        0x4 
 .text.hidSetNpadJoyHoldType
                0x0000000000004b10        0x8 /opt/devkitpro/libnx/lib/libnx.a(hid.o)
                0x0000000000004b10                hidSetNpadJoyHoldType
 *fill*         0x0000000000004b18        0x8 
 .text.hidSetNpadJoyAssignmentModeDual
                0x0000000000004b20        0xc /opt/devkitpro/libnx/lib/libnx.a(hid.o)
                0x0000000000004b20                hidSetNpadJoyAssignmentModeDual
 *fill*         0x0000000000004b2c        0x4 
 .text.hidExit  0x0000000000004b30      0x12c /opt/devkitpro/libnx/lib/libnx.a(hid.o)
                0x0000000000004b30                hidExit
 *fill*         0x0000000000004c5c        0x4 
 .text.hidInitialize
                0x0000000000004c60      0x168 /opt/devkitpro/libnx/lib/libnx.a(hid.o)
                0x0000000000004c60                hidInitialize
 *fill*         0x0000000000004dc8        0x8 
 .text.ipcCloseObjectById
                0x0000000000004dd0       0x34 /opt/devkitpro/libnx/lib/libnx.a(apm.o)
 *fill*         0x0000000000004e04        0xc 
 .text._apmGetSession.constprop.4
                0x0000000000004e10      0x124 /opt/devkitpro/libnx/lib/libnx.a(apm.o)
 *fill*         0x0000000000004f34        0xc 
 .text.apmExit  0x0000000000004f40       0xf0 /opt/devkitpro/libnx/lib/libnx.a(apm.o)
                0x0000000000004f40                apmExit
 .text.apmInitialize
                0x0000000000005030       0x8c /opt/devkitpro/libnx/lib/libnx.a(apm.o)
                0x0000000000005030                apmInitialize
 *fill*         0x00000000000050bc        0x4 
 .text.apmSetPerformanceConfiguration
                0x00000000000050c0       0xcc /opt/devkitpro/libnx/lib/libnx.a(apm.o)
                0x00000000000050c0                apmSetPerformanceConfiguration
 *fill*         0x000000000000518c        0x4 
 .text.smAddOverrideHandle
                0x0000000000005190       0x44 /opt/devkitpro/libnx/lib/libnx.a(sm.o)
                0x0000000000005190                smAddOverrideHandle
 *fill*         0x00000000000051d4        0xc 
 .text.smGetServiceOverride
                0x00000000000051e0       0x60 /opt/devkitpro/libnx/lib/libnx.a(sm.o)
                0x00000000000051e0                smGetServiceOverride
 .text.smHasInitialized
                0x0000000000005240       0x14 /opt/devkitpro/libnx/lib/libnx.a(sm.o)
                0x0000000000005240                smHasInitialized
 *fill*         0x0000000000005254        0xc 
 .text.smExit   0x0000000000005260       0x5c /opt/devkitpro/libnx/lib/libnx.a(sm.o)
                0x0000000000005260                smExit
 *fill*         0x00000000000052bc        0x4 
 .text.smEncodeName
                0x00000000000052c0       0x38 /opt/devkitpro/libnx/lib/libnx.a(sm.o)
                0x00000000000052c0                smEncodeName
 *fill*         0x00000000000052f8        0x8 
 .text.smGetServiceOriginal
                0x0000000000005300      0x12c /opt/devkitpro/libnx/lib/libnx.a(sm.o)
                0x0000000000005300                smGetServiceOriginal
 *fill*         0x000000000000542c        0x4 
 .text.smInitialize
                0x0000000000005430      0x158 /opt/devkitpro/libnx/lib/libnx.a(sm.o)
                0x0000000000005430                smInitialize
 *fill*         0x0000000000005588        0x8 
 .text.smGetService
                0x0000000000005590       0x74 /opt/devkitpro/libnx/lib/libnx.a(sm.o)
                0x0000000000005590                smGetService
 *fill*         0x0000000000005604        0xc 
 .text._fatalImpl
                0x0000000000005610      0x140 /opt/devkitpro/libnx/lib/libnx.a(fatal.o)
 .text.fatalWithType
                0x0000000000005750       0x14 /opt/devkitpro/libnx/lib/libnx.a(fatal.o)
                0x0000000000005750                fatalWithType
 *fill*         0x0000000000005764        0xc 
 .text.fatalSimple
                0x0000000000005770       0x14 /opt/devkitpro/libnx/lib/libnx.a(fatal.o)
                0x0000000000005770                fatalSimple
 *fill*         0x0000000000005784        0xc 
 .text.envSetup
                0x0000000000005790      0x208 /opt/devkitpro/libnx/lib/libnx.a(env.o)
                0x0000000000005790                envSetup
 *fill*         0x0000000000005998        0x8 
 .text.envGetMainThreadHandle
                0x00000000000059a0       0x20 /opt/devkitpro/libnx/lib/libnx.a(env.o)
                0x00000000000059a0                envGetMainThreadHandle
 .text.envIsNso
                0x00000000000059c0        0xc /opt/devkitpro/libnx/lib/libnx.a(env.o)
                0x00000000000059c0                envIsNso
 *fill*         0x00000000000059cc        0x4 
 .text.envHasHeapOverride
                0x00000000000059d0       0x14 /opt/devkitpro/libnx/lib/libnx.a(env.o)
                0x00000000000059d0                envHasHeapOverride
 *fill*         0x00000000000059e4        0xc 
 .text.envGetHeapOverrideAddr
                0x00000000000059f0        0xc /opt/devkitpro/libnx/lib/libnx.a(env.o)
                0x00000000000059f0                envGetHeapOverrideAddr
 *fill*         0x00000000000059fc        0x4 
 .text.envGetHeapOverrideSize
                0x0000000000005a00        0xc /opt/devkitpro/libnx/lib/libnx.a(env.o)
                0x0000000000005a00                envGetHeapOverrideSize
 *fill*         0x0000000000005a0c        0x4 
 .text.envHasArgv
                0x0000000000005a10       0x14 /opt/devkitpro/libnx/lib/libnx.a(env.o)
                0x0000000000005a10                envHasArgv
 *fill*         0x0000000000005a24        0xc 
 .text.envGetArgv
                0x0000000000005a30        0xc /opt/devkitpro/libnx/lib/libnx.a(env.o)
                0x0000000000005a30                envGetArgv
 *fill*         0x0000000000005a3c        0x4 
 .text.envGetExitFuncPtr
                0x0000000000005a40        0xc /opt/devkitpro/libnx/lib/libnx.a(env.o)
                0x0000000000005a40                envGetExitFuncPtr
 *fill*         0x0000000000005a4c        0x4 
 .text.envSetExitFuncPtr
                0x0000000000005a50        0xc /opt/devkitpro/libnx/lib/libnx.a(env.o)
                0x0000000000005a50                envSetExitFuncPtr
 *fill*         0x0000000000005a5c        0x4 
 .text._socketParseBsdResult.part.0
                0x0000000000005a60       0xa8 /opt/devkitpro/libnx/lib/libnx.a(socket.o)
 *fill*         0x0000000000005b08        0x8 
 .text._socketRead
                0x0000000000005b10       0x48 /opt/devkitpro/libnx/lib/libnx.a(socket.o)
 *fill*         0x0000000000005b58        0x8 
 .text._socketWrite
                0x0000000000005b60       0x48 /opt/devkitpro/libnx/lib/libnx.a(socket.o)
 *fill*         0x0000000000005ba8        0x8 
 .text._socketClose
                0x0000000000005bb0       0x3c /opt/devkitpro/libnx/lib/libnx.a(socket.o)
 *fill*         0x0000000000005bec        0x4 
 .text._socketOpen
                0x0000000000005bf0       0x7c /opt/devkitpro/libnx/lib/libnx.a(socket.o)
 *fill*         0x0000000000005c6c        0x4 
 .text.inet_ntop4
                0x0000000000005c70      0x110 /opt/devkitpro/libnx/lib/libnx.a(socket.o)
 .text._socketGetFd
                0x0000000000005d80       0x80 /opt/devkitpro/libnx/lib/libnx.a(socket.o)
 .text.socketGetDefaultInitConfig
                0x0000000000005e00        0xc /opt/devkitpro/libnx/lib/libnx.a(socket.o)
                0x0000000000005e00                socketGetDefaultInitConfig
 *fill*         0x0000000000005e0c        0x4 
 .text.socketExit
                0x0000000000005e10       0x20 /opt/devkitpro/libnx/lib/libnx.a(socket.o)
                0x0000000000005e10                socketExit
 .text.socketInitialize
                0x0000000000005e30      0x108 /opt/devkitpro/libnx/lib/libnx.a(socket.o)
                0x0000000000005e30                socketInitialize
 *fill*         0x0000000000005f38        0x8 
 .text.socket   0x0000000000005f40       0xa4 /opt/devkitpro/libnx/lib/libnx.a(socket.o)
                0x0000000000005f40                socket
 *fill*         0x0000000000005fe4        0xc 
 .text.recv     0x0000000000005ff0       0x50 /opt/devkitpro/libnx/lib/libnx.a(socket.o)
                0x0000000000005ff0                recv
 .text.accept   0x0000000000006040       0xac /opt/devkitpro/libnx/lib/libnx.a(socket.o)
                0x0000000000006040                accept
 *fill*         0x00000000000060ec        0x4 
 .text.bind     0x00000000000060f0       0x54 /opt/devkitpro/libnx/lib/libnx.a(socket.o)
                0x00000000000060f0                bind
 *fill*         0x0000000000006144        0xc 
 .text.listen   0x0000000000006150       0x4c /opt/devkitpro/libnx/lib/libnx.a(socket.o)
                0x0000000000006150                listen
 *fill*         0x000000000000619c        0x4 
 .text.inet_ntop
                0x00000000000061a0      0x378 /opt/devkitpro/libnx/lib/libnx.a(socket.o)
                0x00000000000061a0                inet_ntop
 *fill*         0x0000000000006518        0x8 
 .text.inet_ntoa
                0x0000000000006520       0x40 /opt/devkitpro/libnx/lib/libnx.a(socket.o)
                0x0000000000006520                inet_ntoa
 .text.gethostid
                0x0000000000006560       0x2c /opt/devkitpro/libnx/lib/libnx.a(socket.o)
                0x0000000000006560                gethostid
 *fill*         0x000000000000658c        0x4 
 .text.consoleDrawChar
                0x0000000000006590       0x44 /opt/devkitpro/libnx/lib/libnx.a(console.o)
 *fill*         0x00000000000065d4        0xc 
 .text.consoleClearLine
                0x00000000000065e0      0x140 /opt/devkitpro/libnx/lib/libnx.a(console.o)
 .text.consoleNewRow
                0x0000000000006720       0x4c /opt/devkitpro/libnx/lib/libnx.a(console.o)
 *fill*         0x000000000000676c        0x4 
 .text.consolePrintChar
                0x0000000000006770      0x118 /opt/devkitpro/libnx/lib/libnx.a(console.o)
 *fill*         0x0000000000006888        0x8 
 .text.consoleCls
                0x0000000000006890      0x15c /opt/devkitpro/libnx/lib/libnx.a(console.o)
 *fill*         0x00000000000069ec        0x4 
 .text.con_write
                0x00000000000069f0      0x7e0 /opt/devkitpro/libnx/lib/libnx.a(console.o)
 .text.consoleInit
                0x00000000000071d0      0x11c /opt/devkitpro/libnx/lib/libnx.a(console.o)
                0x00000000000071d0                consoleInit
 *fill*         0x00000000000072ec        0x4 
 .text.consoleExit
                0x00000000000072f0       0x48 /opt/devkitpro/libnx/lib/libnx.a(console.o)
                0x00000000000072f0                consoleExit
 *fill*         0x0000000000007338        0x8 
 .text.consoleUpdate
                0x0000000000007340       0x28 /opt/devkitpro/libnx/lib/libnx.a(console.o)
                0x0000000000007340                consoleUpdate
 *fill*         0x0000000000007368        0x8 
 .text.ConsoleSwRenderer_flushAndSwap
                0x0000000000007370       0x70 /opt/devkitpro/libnx/lib/libnx.a(console_sw.o)
 .text.ConsoleSwRenderer_scrollWindow
                0x00000000000073e0       0xc4 /opt/devkitpro/libnx/lib/libnx.a(console_sw.o)
 *fill*         0x00000000000074a4        0xc 
 .text.ConsoleSwRenderer_drawChar
                0x00000000000074b0      0x188 /opt/devkitpro/libnx/lib/libnx.a(console_sw.o)
 *fill*         0x0000000000007638        0x8 
 .text.ConsoleSwRenderer_deinit
                0x0000000000007640       0x3c /opt/devkitpro/libnx/lib/libnx.a(console_sw.o)
 *fill*         0x000000000000767c        0x4 
 .text.ConsoleSwRenderer_init
                0x0000000000007680       0xf4 /opt/devkitpro/libnx/lib/libnx.a(console_sw.o)
 *fill*         0x0000000000007774        0xc 
 .text.getDefaultConsoleRenderer
                0x0000000000007780        0xc /opt/devkitpro/libnx/lib/libnx.a(console_sw.o)
                0x0000000000007780                getDefaultConsoleRenderer
 *fill*         0x000000000000778c        0x4 
 .text._convert_errno
                0x0000000000007790       0x30 /opt/devkitpro/libnx/lib/libnx.a(convert_errno.o)
                0x0000000000007790                _convert_errno
 .text.svcSetHeapSize
                0x00000000000077c0       0x14 /opt/devkitpro/libnx/lib/libnx.a(svc.o)
                0x00000000000077c0                svcSetHeapSize
 .text.svcSetMemoryAttribute
                0x00000000000077d4        0x8 /opt/devkitpro/libnx/lib/libnx.a(svc.o)
                0x00000000000077d4                svcSetMemoryAttribute
 .text.svcUnmapMemory
                0x00000000000077dc        0x8 /opt/devkitpro/libnx/lib/libnx.a(svc.o)
                0x00000000000077dc                svcUnmapMemory
 .text.svcQueryMemory
                0x00000000000077e4       0x14 /opt/devkitpro/libnx/lib/libnx.a(svc.o)
                0x00000000000077e4                svcQueryMemory
 .text.svcExitProcess
                0x00000000000077f8        0x8 /opt/devkitpro/libnx/lib/libnx.a(svc.o)
                0x00000000000077f8                svcExitProcess
 .text.svcSleepThread
                0x0000000000007800        0x8 /opt/devkitpro/libnx/lib/libnx.a(svc.o)
                0x0000000000007800                svcSleepThread
 .text.svcMapSharedMemory
                0x0000000000007808        0x8 /opt/devkitpro/libnx/lib/libnx.a(svc.o)
                0x0000000000007808                svcMapSharedMemory
 .text.svcUnmapSharedMemory
                0x0000000000007810        0x8 /opt/devkitpro/libnx/lib/libnx.a(svc.o)
                0x0000000000007810                svcUnmapSharedMemory
 .text.svcCreateTransferMemory
                0x0000000000007818       0x14 /opt/devkitpro/libnx/lib/libnx.a(svc.o)
                0x0000000000007818                svcCreateTransferMemory
 .text.svcCloseHandle
                0x000000000000782c        0x8 /opt/devkitpro/libnx/lib/libnx.a(svc.o)
                0x000000000000782c                svcCloseHandle
 .text.svcResetSignal
                0x0000000000007834        0x8 /opt/devkitpro/libnx/lib/libnx.a(svc.o)
                0x0000000000007834                svcResetSignal
 .text.svcWaitSynchronization
                0x000000000000783c       0x14 /opt/devkitpro/libnx/lib/libnx.a(svc.o)
                0x000000000000783c                svcWaitSynchronization
 .text.svcArbitrateLock
                0x0000000000007850        0x8 /opt/devkitpro/libnx/lib/libnx.a(svc.o)
                0x0000000000007850                svcArbitrateLock
 .text.svcArbitrateUnlock
                0x0000000000007858        0x8 /opt/devkitpro/libnx/lib/libnx.a(svc.o)
                0x0000000000007858                svcArbitrateUnlock
 .text.svcConnectToNamedPort
                0x0000000000007860       0x14 /opt/devkitpro/libnx/lib/libnx.a(svc.o)
                0x0000000000007860                svcConnectToNamedPort
 .text.svcSendSyncRequest
                0x0000000000007874        0x8 /opt/devkitpro/libnx/lib/libnx.a(svc.o)
                0x0000000000007874                svcSendSyncRequest
 .text.svcBreak
                0x000000000000787c        0x8 /opt/devkitpro/libnx/lib/libnx.a(svc.o)
                0x000000000000787c                svcBreak
 .text.svcReturnFromException
                0x0000000000007884        0x8 /opt/devkitpro/libnx/lib/libnx.a(svc.o)
                0x0000000000007884                svcReturnFromException
 .text.svcGetInfo
                0x000000000000788c       0x14 /opt/devkitpro/libnx/lib/libnx.a(svc.o)
                0x000000000000788c                svcGetInfo
 .text.svcUnmapTransferMemory
                0x00000000000078a0        0x8 /opt/devkitpro/libnx/lib/libnx.a(svc.o)
                0x00000000000078a0                svcUnmapTransferMemory
 .text.__aarch64_read_tp
                0x00000000000078a8        0xc /opt/devkitpro/libnx/lib/libnx.a(readtp.o)
                0x00000000000078a8                __aarch64_read_tp
 *fill*         0x00000000000078b4        0xc 
 .text._CacheValues
                0x00000000000078c0      0x180 /opt/devkitpro/libnx/lib/libnx.a(detect.o)
 .text.kernelAbove200
                0x0000000000007a40       0x1c /opt/devkitpro/libnx/lib/libnx.a(detect.o)
                0x0000000000007a40                kernelAbove200
 *fill*         0x0000000000007a5c        0x4 
 .text.kernelAbove300
                0x0000000000007a60       0x1c /opt/devkitpro/libnx/lib/libnx.a(detect.o)
                0x0000000000007a60                kernelAbove300
 *fill*         0x0000000000007a7c        0x4 
 .text.detectDebugger
                0x0000000000007a80       0x30 /opt/devkitpro/libnx/lib/libnx.a(detect.o)
                0x0000000000007a80                detectDebugger
 .text.tmemCreate
                0x0000000000007ab0       0xa8 /opt/devkitpro/libnx/lib/libnx.a(tmem.o)
                0x0000000000007ab0                tmemCreate
 *fill*         0x0000000000007b58        0x8 
 .text.tmemUnmap
                0x0000000000007b60       0x58 /opt/devkitpro/libnx/lib/libnx.a(tmem.o)
                0x0000000000007b60                tmemUnmap
 *fill*         0x0000000000007bb8        0x8 
 .text.tmemClose
                0x0000000000007bc0       0x68 /opt/devkitpro/libnx/lib/libnx.a(tmem.o)
                0x0000000000007bc0                tmemClose
 *fill*         0x0000000000007c28        0x8 
 .text._waitLoop
                0x0000000000007c30      0x104 /opt/devkitpro/libnx/lib/libnx.a(wait.o)
 *fill*         0x0000000000007d34        0xc 
 .text._waitObjectsImpl
                0x0000000000007d40      0x334 /opt/devkitpro/libnx/lib/libnx.a(wait.o)
 *fill*         0x0000000000008074        0xc 
 .text.waitObjects
                0x0000000000008080        0xc /opt/devkitpro/libnx/lib/libnx.a(wait.o)
                0x0000000000008080                waitObjects
 *fill*         0x000000000000808c        0x4 
 .text.rwlockReadLock
                0x0000000000008090       0x4c /opt/devkitpro/libnx/lib/libnx.a(rwlock.o)
                0x0000000000008090                rwlockReadLock
 *fill*         0x00000000000080dc        0x4 
 .text.rwlockReadUnlock
                0x00000000000080e0       0x4c /opt/devkitpro/libnx/lib/libnx.a(rwlock.o)
                0x00000000000080e0                rwlockReadUnlock
 *fill*         0x000000000000812c        0x4 
 .text.rwlockWriteLock
                0x0000000000008130        0x8 /opt/devkitpro/libnx/lib/libnx.a(rwlock.o)
                0x0000000000008130                rwlockWriteLock
 *fill*         0x0000000000008138        0x8 
 .text.rwlockWriteUnlock
                0x0000000000008140        0x8 /opt/devkitpro/libnx/lib/libnx.a(rwlock.o)
                0x0000000000008140                rwlockWriteUnlock
 *fill*         0x0000000000008148        0x8 
 .text.mutexLock
                0x0000000000008150       0x8c /opt/devkitpro/libnx/lib/libnx.a(mutex.o)
                0x0000000000008150                mutexLock
 *fill*         0x00000000000081dc        0x4 
 .text.mutexUnlock
                0x00000000000081e0       0x30 /opt/devkitpro/libnx/lib/libnx.a(mutex.o)
                0x00000000000081e0                mutexUnlock
 .text.rmutexLock
                0x0000000000008210       0x4c /opt/devkitpro/libnx/lib/libnx.a(mutex.o)
                0x0000000000008210                rmutexLock
 *fill*         0x000000000000825c        0x4 
 .text.rmutexUnlock
                0x0000000000008260       0x1c /opt/devkitpro/libnx/lib/libnx.a(mutex.o)
                0x0000000000008260                rmutexUnlock
 *fill*         0x000000000000827c        0x4 
 .text.shmemLoadRemote
                0x0000000000008280       0x14 /opt/devkitpro/libnx/lib/libnx.a(shmem.o)
                0x0000000000008280                shmemLoadRemote
 *fill*         0x0000000000008294        0xc 
 .text.shmemMap
                0x00000000000082a0       0x84 /opt/devkitpro/libnx/lib/libnx.a(shmem.o)
                0x00000000000082a0                shmemMap
 *fill*         0x0000000000008324        0xc 
 .text.shmemUnmap
                0x0000000000008330       0x58 /opt/devkitpro/libnx/lib/libnx.a(shmem.o)
                0x0000000000008330                shmemUnmap
 *fill*         0x0000000000008388        0x8 
 .text.shmemClose
                0x0000000000008390       0x44 /opt/devkitpro/libnx/lib/libnx.a(shmem.o)
                0x0000000000008390                shmemClose
 *fill*         0x00000000000083d4        0xc 
 .text._GetRegionFromInfo.isra.1
                0x00000000000083e0       0x7c /opt/devkitpro/libnx/lib/libnx.a(virtmem.o)
 *fill*         0x000000000000845c        0x4 
 .text.virtmemSetup
                0x0000000000008460      0x114 /opt/devkitpro/libnx/lib/libnx.a(virtmem.o)
                0x0000000000008460                virtmemSetup
 *fill*         0x0000000000008574        0xc 
 .text.virtmemReserve
                0x0000000000008580      0x13c /opt/devkitpro/libnx/lib/libnx.a(virtmem.o)
                0x0000000000008580                virtmemReserve
 *fill*         0x00000000000086bc        0x4 
 .text.virtmemFree
                0x00000000000086c0        0x4 /opt/devkitpro/libnx/lib/libnx.a(virtmem.o)
                0x00000000000086c0                virtmemFree
 *fill*         0x00000000000086c4        0xc 
 .text.eventLoadRemote
                0x00000000000086d0        0xc /opt/devkitpro/libnx/lib/libnx.a(event.o)
                0x00000000000086d0                eventLoadRemote
 *fill*         0x00000000000086dc        0x4 
 .text.eventWait
                0x00000000000086e0       0x38 /opt/devkitpro/libnx/lib/libnx.a(event.o)
                0x00000000000086e0                eventWait
 *fill*         0x0000000000008718        0x8 
 .text.eventClose
                0x0000000000008720       0x50 /opt/devkitpro/libnx/lib/libnx.a(event.o)
                0x0000000000008720                eventClose
 .text.ipcCloseObjectById
                0x0000000000008770       0x34 /opt/devkitpro/libnx/lib/libnx.a(bsd.o)
 *fill*         0x00000000000087a4        0xc 
 .text._bsdRegisterClient.isra.5.constprop.11
                0x00000000000087b0      0x120 /opt/devkitpro/libnx/lib/libnx.a(bsd.o)
 .text._bsdDispatchBasicCommand.isra.6
                0x00000000000088d0      0x308 /opt/devkitpro/libnx/lib/libnx.a(bsd.o)
 *fill*         0x0000000000008bd8        0x8 
 .text._bsdSocketCreationCommand
                0x0000000000008be0       0x44 /opt/devkitpro/libnx/lib/libnx.a(bsd.o)
 *fill*         0x0000000000008c24        0xc 
 .text._bsdDispatchCommandWithOutAddrlen.isra.7
                0x0000000000008c30       0x44 /opt/devkitpro/libnx/lib/libnx.a(bsd.o)
 *fill*         0x0000000000008c74        0xc 
 .text._bsdNameGetterCommand
                0x0000000000008c80       0xfc /opt/devkitpro/libnx/lib/libnx.a(bsd.o)
 *fill*         0x0000000000008d7c        0x4 
 .text.ipcQueryPointerBufferSize.constprop.10
                0x0000000000008d80       0xc8 /opt/devkitpro/libnx/lib/libnx.a(bsd.o)
 *fill*         0x0000000000008e48        0x8 
 .text._bsdStartMonitor.constprop.9
                0x0000000000008e50       0xf8 /opt/devkitpro/libnx/lib/libnx.a(bsd.o)
 *fill*         0x0000000000008f48        0x8 
 .text.bsdExit  0x0000000000008f50       0xf0 /opt/devkitpro/libnx/lib/libnx.a(bsd.o)
                0x0000000000008f50                bsdExit
 .text.bsdInitialize
                0x0000000000009040      0x14c /opt/devkitpro/libnx/lib/libnx.a(bsd.o)
                0x0000000000009040                bsdInitialize
 *fill*         0x000000000000918c        0x4 
 .text.bsdSocket
                0x0000000000009190       0x14 /opt/devkitpro/libnx/lib/libnx.a(bsd.o)
                0x0000000000009190                bsdSocket
 *fill*         0x00000000000091a4        0xc 
 .text.bsdOpen  0x00000000000091b0       0xc4 /opt/devkitpro/libnx/lib/libnx.a(bsd.o)
                0x00000000000091b0                bsdOpen
 *fill*         0x0000000000009274        0xc 
 .text.bsdRecv  0x0000000000009280       0xfc /opt/devkitpro/libnx/lib/libnx.a(bsd.o)
                0x0000000000009280                bsdRecv
 *fill*         0x000000000000937c        0x4 
 .text.bsdAccept
                0x0000000000009380       0x14 /opt/devkitpro/libnx/lib/libnx.a(bsd.o)
                0x0000000000009380                bsdAccept
 *fill*         0x0000000000009394        0xc 
 .text.bsdBind  0x00000000000093a0       0xa8 /opt/devkitpro/libnx/lib/libnx.a(bsd.o)
                0x00000000000093a0                bsdBind
 *fill*         0x0000000000009448        0x8 
 .text.bsdListen
                0x0000000000009450       0x40 /opt/devkitpro/libnx/lib/libnx.a(bsd.o)
                0x0000000000009450                bsdListen
 .text.bsdWrite
                0x0000000000009490       0xbc /opt/devkitpro/libnx/lib/libnx.a(bsd.o)
                0x0000000000009490                bsdWrite
 *fill*         0x000000000000954c        0x4 
 .text.bsdRead  0x0000000000009550       0xfc /opt/devkitpro/libnx/lib/libnx.a(bsd.o)
                0x0000000000009550                bsdRead
 *fill*         0x000000000000964c        0x4 
 .text.bsdClose
                0x0000000000009650       0x40 /opt/devkitpro/libnx/lib/libnx.a(bsd.o)
                0x0000000000009650                bsdClose
 .text.ipcCloseObjectById
                0x0000000000009690       0x34 /opt/devkitpro/libnx/lib/libnx.a(nifm.o)
 *fill*         0x00000000000096c4        0xc 
 .text.ipcConvertSessionToDomain
                0x00000000000096d0       0xc4 /opt/devkitpro/libnx/lib/libnx.a(nifm.o)
 *fill*         0x0000000000009794        0xc 
 .text.ipcCloneSession.constprop.14
                0x00000000000097a0      0x10c /opt/devkitpro/libnx/lib/libnx.a(nifm.o)
 *fill*         0x00000000000098ac        0x4 
 .text._nifmCreateGeneralService.constprop.11
                0x00000000000098b0      0x28c /opt/devkitpro/libnx/lib/libnx.a(nifm.o)
 *fill*         0x0000000000009b3c        0x4 
 .text._nifmCreateGeneralServiceOld.constprop.12
                0x0000000000009b40      0x28c /opt/devkitpro/libnx/lib/libnx.a(nifm.o)
 *fill*         0x0000000000009dcc        0x4 
 .text.nifmExit
                0x0000000000009dd0       0xf0 /opt/devkitpro/libnx/lib/libnx.a(nifm.o)
                0x0000000000009dd0                nifmExit
 .text.nifmInitialize
                0x0000000000009ec0       0xd4 /opt/devkitpro/libnx/lib/libnx.a(nifm.o)
                0x0000000000009ec0                nifmInitialize
 *fill*         0x0000000000009f94        0xc 
 .text.nifmGetCurrentIpAddress
                0x0000000000009fa0      0x1bc /opt/devkitpro/libnx/lib/libnx.a(nifm.o)
                0x0000000000009fa0                nifmGetCurrentIpAddress
 *fill*         0x000000000000a15c        0x4 
 .text.nwindowGetDefault
                0x000000000000a160        0xc /opt/devkitpro/libnx/lib/libnx.a(default_window.o)
                0x000000000000a160                nwindowGetDefault
 *fill*         0x000000000000a16c        0x4 
 .text.__nx_win_init
                0x000000000000a170       0xc8 /opt/devkitpro/libnx/lib/libnx.a(default_window.o)
                0x000000000000a170                __nx_win_init
 *fill*         0x000000000000a238        0x8 
 .text.__nx_win_exit
                0x000000000000a240       0x34 /opt/devkitpro/libnx/lib/libnx.a(default_window.o)
                0x000000000000a240                __nx_win_exit
 *fill*         0x000000000000a274        0xc 
 .text.framebufferMakeLinear
                0x000000000000a280       0x80 /opt/devkitpro/libnx/lib/libnx.a(framebuffer.o)
                0x000000000000a280                framebufferMakeLinear
 .text.framebufferClose
                0x000000000000a300       0x78 /opt/devkitpro/libnx/lib/libnx.a(framebuffer.o)
                0x000000000000a300                framebufferClose
 *fill*         0x000000000000a378        0x8 
 .text.framebufferCreate
                0x000000000000a380      0x298 /opt/devkitpro/libnx/lib/libnx.a(framebuffer.o)
                0x000000000000a380                framebufferCreate
 *fill*         0x000000000000a618        0x8 
 .text.framebufferBegin
                0x000000000000a620       0x80 /opt/devkitpro/libnx/lib/libnx.a(framebuffer.o)
                0x000000000000a620                framebufferBegin
 .text.framebufferEnd
                0x000000000000a6a0      0x17c /opt/devkitpro/libnx/lib/libnx.a(framebuffer.o)
                0x000000000000a6a0                framebufferEnd
 *fill*         0x000000000000a81c        0x4 
 .text._nwindowConnect
                0x000000000000a820       0x54 /opt/devkitpro/libnx/lib/libnx.a(native_window.o)
 *fill*         0x000000000000a874        0xc 
 .text._nwindowDisconnect
                0x000000000000a880       0x40 /opt/devkitpro/libnx/lib/libnx.a(native_window.o)
 .text.nwindowIsValid
                0x000000000000a8c0       0x24 /opt/devkitpro/libnx/lib/libnx.a(native_window.o)
                0x000000000000a8c0                nwindowIsValid
 *fill*         0x000000000000a8e4        0xc 
 .text.nwindowClose
                0x000000000000a8f0       0x6c /opt/devkitpro/libnx/lib/libnx.a(native_window.o)
                0x000000000000a8f0                nwindowClose
 *fill*         0x000000000000a95c        0x4 
 .text.nwindowCreate
                0x000000000000a960       0xc4 /opt/devkitpro/libnx/lib/libnx.a(native_window.o)
                0x000000000000a960                nwindowCreate
 *fill*         0x000000000000aa24        0xc 
 .text.nwindowCreateFromLayer
                0x000000000000aa30        0xc /opt/devkitpro/libnx/lib/libnx.a(native_window.o)
                0x000000000000aa30                nwindowCreateFromLayer
 *fill*         0x000000000000aa3c        0x4 
 .text.nwindowSetDimensions
                0x000000000000aa40       0x88 /opt/devkitpro/libnx/lib/libnx.a(native_window.o)
                0x000000000000aa40                nwindowSetDimensions
 *fill*         0x000000000000aac8        0x8 
 .text.nwindowConfigureBuffer
                0x000000000000aad0      0x154 /opt/devkitpro/libnx/lib/libnx.a(native_window.o)
                0x000000000000aad0                nwindowConfigureBuffer
 *fill*         0x000000000000ac24        0xc 
 .text.nwindowDequeueBuffer
                0x000000000000ac30      0x1e4 /opt/devkitpro/libnx/lib/libnx.a(native_window.o)
                0x000000000000ac30                nwindowDequeueBuffer
 *fill*         0x000000000000ae14        0xc 
 .text.nwindowQueueBuffer
                0x000000000000ae20      0x144 /opt/devkitpro/libnx/lib/libnx.a(native_window.o)
                0x000000000000ae20                nwindowQueueBuffer
 *fill*         0x000000000000af64        0xc 
 .text.nwindowReleaseBuffers
                0x000000000000af70       0xac /opt/devkitpro/libnx/lib/libnx.a(native_window.o)
                0x000000000000af70                nwindowReleaseBuffers
 *fill*         0x000000000000b01c        0x4 
 .text.__nx_dynamic
                0x000000000000b020       0xa0 /opt/devkitpro/libnx/lib/libnx.a(dynamic.o)
                0x000000000000b020                __nx_dynamic
 .text.__libnx_initheap
                0x000000000000b0c0       0xd8 /opt/devkitpro/libnx/lib/libnx.a(init.o)
                0x000000000000b0c0                __libnx_initheap
 *fill*         0x000000000000b198        0x8 
 .text.__appInit
                0x000000000000b1a0       0xa0 /opt/devkitpro/libnx/lib/libnx.a(init.o)
                0x000000000000b1a0                __appInit
 .text.__appExit
                0x000000000000b240       0x44 /opt/devkitpro/libnx/lib/libnx.a(init.o)
                0x000000000000b240                __appExit
 *fill*         0x000000000000b284        0xc 
 .text.__libnx_init
                0x000000000000b290       0x28 /opt/devkitpro/libnx/lib/libnx.a(init.o)
                0x000000000000b290                __libnx_init
 *fill*         0x000000000000b2b8        0x8 
 .text.__libnx_exit
                0x000000000000b2c0       0x20 /opt/devkitpro/libnx/lib/libnx.a(init.o)
                0x000000000000b2c0                __libnx_exit
 .text.mutexInit
                0x000000000000b2e0        0x8 /opt/devkitpro/libnx/lib/libnx.a(newlib.o)
 *fill*         0x000000000000b2e8        0x8 
 .text.rmutexInit
                0x000000000000b2f0        0xc /opt/devkitpro/libnx/lib/libnx.a(newlib.o)
 *fill*         0x000000000000b2fc        0x4 
 .text.__libnx_gtod
                0x000000000000b300       0x8c /opt/devkitpro/libnx/lib/libnx.a(newlib.o)
                0x000000000000b300                __libnx_gtod
 *fill*         0x000000000000b38c        0x4 
 .text.__libnx_clock_settime
                0x000000000000b390       0x20 /opt/devkitpro/libnx/lib/libnx.a(newlib.o)
                0x000000000000b390                __libnx_clock_settime
 .text.__libnx_nanosleep
                0x000000000000b3b0       0x28 /opt/devkitpro/libnx/lib/libnx.a(newlib.o)
                0x000000000000b3b0                __libnx_nanosleep
 *fill*         0x000000000000b3d8        0x8 
 .text.__libnx_get_reent
                0x000000000000b3e0       0x34 /opt/devkitpro/libnx/lib/libnx.a(newlib.o)
 *fill*         0x000000000000b414        0xc 
 .text.__libnx_clock_gettime
                0x000000000000b420       0xf8 /opt/devkitpro/libnx/lib/libnx.a(newlib.o)
                0x000000000000b420                __libnx_clock_gettime
 *fill*         0x000000000000b518        0x8 
 .text.__libnx_clock_getres
                0x000000000000b520       0x58 /opt/devkitpro/libnx/lib/libnx.a(newlib.o)
                0x000000000000b520                __libnx_clock_getres
 *fill*         0x000000000000b578        0x8 
 .text.__libnx_init_time
                0x000000000000b580      0x27c /opt/devkitpro/libnx/lib/libnx.a(newlib.o)
                0x000000000000b580                __libnx_init_time
 *fill*         0x000000000000b7fc        0x4 
 .text.newlibSetup
                0x000000000000b800      0x118 /opt/devkitpro/libnx/lib/libnx.a(newlib.o)
                0x000000000000b800                newlibSetup
 *fill*         0x000000000000b918        0x8 
 .text.argvSetup
                0x000000000000b920      0x368 /opt/devkitpro/libnx/lib/libnx.a(argv.o)
                0x000000000000b920                argvSetup
 *fill*         0x000000000000bc88        0x8 
 .text.fsdev_link
                0x000000000000bc90       0x10 /opt/devkitpro/libnx/lib/libnx.a(fs_dev.o)
 .text.fsdev_dirreset
                0x000000000000bca0       0x10 /opt/devkitpro/libnx/lib/libnx.a(fs_dev.o)
 .text.fsdev_chmod
                0x000000000000bcb0       0x10 /opt/devkitpro/libnx/lib/libnx.a(fs_dev.o)
 .text.error_cmp
                0x000000000000bcc0       0x1c /opt/devkitpro/libnx/lib/libnx.a(fs_dev.o)
 *fill*         0x000000000000bcdc        0x4 
 .text.fsdev_translate_error
                0x000000000000bce0       0x58 /opt/devkitpro/libnx/lib/libnx.a(fs_dev.o)
 *fill*         0x000000000000bd38        0x8 
 .text.fsdev_fsync
                0x000000000000bd40       0x40 /opt/devkitpro/libnx/lib/libnx.a(fs_dev.o)
 .text.fsdev_ftruncate
                0x000000000000bd80       0x60 /opt/devkitpro/libnx/lib/libnx.a(fs_dev.o)
 .text.fsdev_dirclose
                0x000000000000bde0       0x20 /opt/devkitpro/libnx/lib/libnx.a(fs_dev.o)
 .text.fsdev_dirnext
                0x000000000000be00      0x16c /opt/devkitpro/libnx/lib/libnx.a(fs_dev.o)
 *fill*         0x000000000000bf6c        0x4 
 .text.fsdev_close
                0x000000000000bf70       0x1c /opt/devkitpro/libnx/lib/libnx.a(fs_dev.o)
 *fill*         0x000000000000bf8c        0x4 
 .text.fsdev_fstat
                0x000000000000bf90       0xa4 /opt/devkitpro/libnx/lib/libnx.a(fs_dev.o)
 *fill*         0x000000000000c034        0xc 
 .text.fsdev_seek
                0x000000000000c040       0xb0 /opt/devkitpro/libnx/lib/libnx.a(fs_dev.o)
 .text.fsdev_read
                0x000000000000c0f0      0x198 /opt/devkitpro/libnx/lib/libnx.a(fs_dev.o)
 *fill*         0x000000000000c288        0x8 
 .text.fsdev_write
                0x000000000000c290      0x1a0 /opt/devkitpro/libnx/lib/libnx.a(fs_dev.o)
 .text.fsdevFindDevice
                0x000000000000c430      0x120 /opt/devkitpro/libnx/lib/libnx.a(fs_dev.o)
 .text._fsdevMountDevice
                0x000000000000c550      0x168 /opt/devkitpro/libnx/lib/libnx.a(fs_dev.o)
 *fill*         0x000000000000c6b8        0x8 
 .text.fsdev_getfspath
                0x000000000000c6c0      0x1fc /opt/devkitpro/libnx/lib/libnx.a(fs_dev.o)
 *fill*         0x000000000000c8bc        0x4 
 .text.fsdev_rmdir
                0x000000000000c8c0       0x70 /opt/devkitpro/libnx/lib/libnx.a(fs_dev.o)
 .text.fsdev_statvfs
                0x000000000000c930       0xd4 /opt/devkitpro/libnx/lib/libnx.a(fs_dev.o)
 *fill*         0x000000000000ca04        0xc 
 .text.fsdev_diropen
                0x000000000000ca10       0xec /opt/devkitpro/libnx/lib/libnx.a(fs_dev.o)
 *fill*         0x000000000000cafc        0x4 
 .text.fsdev_mkdir
                0x000000000000cb00       0x70 /opt/devkitpro/libnx/lib/libnx.a(fs_dev.o)
 .text.fsdev_rename
                0x000000000000cb70      0x114 /opt/devkitpro/libnx/lib/libnx.a(fs_dev.o)
 *fill*         0x000000000000cc84        0xc 
 .text.fsdev_chdir
                0x000000000000cc90       0xe8 /opt/devkitpro/libnx/lib/libnx.a(fs_dev.o)
 *fill*         0x000000000000cd78        0x8 
 .text.fsdev_unlink
                0x000000000000cd80       0x70 /opt/devkitpro/libnx/lib/libnx.a(fs_dev.o)
 .text.fsdev_stat
                0x000000000000cdf0      0x1bc /opt/devkitpro/libnx/lib/libnx.a(fs_dev.o)
 *fill*         0x000000000000cfac        0x4 
 .text.fsdev_open
                0x000000000000cfb0      0x19c /opt/devkitpro/libnx/lib/libnx.a(fs_dev.o)
 *fill*         0x000000000000d14c        0x4 
 .text._fsdevUnmountDeviceStruct.part.4
                0x000000000000d150       0xb8 /opt/devkitpro/libnx/lib/libnx.a(fs_dev.o)
 *fill*         0x000000000000d208        0x8 
 .text.fsdev_fchmod
                0x000000000000d210       0x10 /opt/devkitpro/libnx/lib/libnx.a(fs_dev.o)
 .text.fsdevMountSdmc
                0x000000000000d220      0x158 /opt/devkitpro/libnx/lib/libnx.a(fs_dev.o)
                0x000000000000d220                fsdevMountSdmc
 *fill*         0x000000000000d378        0x8 
 .text.fsdevUnmountAll
                0x000000000000d380       0x64 /opt/devkitpro/libnx/lib/libnx.a(fs_dev.o)
                0x000000000000d380                fsdevUnmountAll
 *fill*         0x000000000000d3e4        0xc 
 .text.decode_utf8
                0x000000000000d3f0      0x12c /opt/devkitpro/libnx/lib/libnx.a(decode_utf8.o)
                0x000000000000d3f0                decode_utf8
 .text.armDCacheFlush
                0x000000000000d51c       0x3c /opt/devkitpro/libnx/lib/libnx.a(cache.o)
                0x000000000000d51c                armDCacheFlush
 .text.__libnx_exception_entry
                0x000000000000d558      0x1c0 /opt/devkitpro/libnx/lib/libnx.a(exception.o)
                0x000000000000d558                __libnx_exception_entry
 .text.__libnx_exception_returnentry
                0x000000000000d718       0x18 /opt/devkitpro/libnx/lib/libnx.a(exception.o)
                0x000000000000d718                __libnx_exception_returnentry
 .text.ipcCloseObjectById
                0x000000000000d730       0x34 /opt/devkitpro/libnx/lib/libnx.a(time.o)
 *fill*         0x000000000000d764        0xc 
 .text._timeGetSession
                0x000000000000d770      0x12c /opt/devkitpro/libnx/lib/libnx.a(time.o)
 *fill*         0x000000000000d89c        0x4 
 .text.timeExit
                0x000000000000d8a0      0x1ec /opt/devkitpro/libnx/lib/libnx.a(time.o)
                0x000000000000d8a0                timeExit
 *fill*         0x000000000000da8c        0x4 
 .text.timeInitialize
                0x000000000000da90       0xd8 /opt/devkitpro/libnx/lib/libnx.a(time.o)
                0x000000000000da90                timeInitialize
 *fill*         0x000000000000db68        0x8 
 .text.timeGetCurrentTime
                0x000000000000db70      0x124 /opt/devkitpro/libnx/lib/libnx.a(time.o)
                0x000000000000db70                timeGetCurrentTime
 *fill*         0x000000000000dc94        0xc 
 .text.timeToCalendarTimeWithMyRule
                0x000000000000dca0      0x118 /opt/devkitpro/libnx/lib/libnx.a(time.o)
                0x000000000000dca0                timeToCalendarTimeWithMyRule
 *fill*         0x000000000000ddb8        0x8 
 .text.ipcCloseObjectById
                0x000000000000ddc0       0x34 /opt/devkitpro/libnx/lib/libnx.a(vi.o)
 *fill*         0x000000000000ddf4        0xc 
 .text._viGetSession.constprop.7
                0x000000000000de00      0x134 /opt/devkitpro/libnx/lib/libnx.a(vi.o)
 *fill*         0x000000000000df34        0xc 
 .text.viExit   0x000000000000df40      0x1e4 /opt/devkitpro/libnx/lib/libnx.a(vi.o)
                0x000000000000df40                viExit
 *fill*         0x000000000000e124        0xc 
 .text.viInitialize
                0x000000000000e130      0x2d4 /opt/devkitpro/libnx/lib/libnx.a(vi.o)
                0x000000000000e130                viInitialize
 *fill*         0x000000000000e404        0xc 
 .text.viGetSession_IHOSBinderDriverRelay
                0x000000000000e410        0xc /opt/devkitpro/libnx/lib/libnx.a(vi.o)
                0x000000000000e410                viGetSession_IHOSBinderDriverRelay
 *fill*         0x000000000000e41c        0x4 
 .text.viOpenDisplay
                0x000000000000e420      0x140 /opt/devkitpro/libnx/lib/libnx.a(vi.o)
                0x000000000000e420                viOpenDisplay
 .text.viCloseDisplay
                0x000000000000e560      0x104 /opt/devkitpro/libnx/lib/libnx.a(vi.o)
                0x000000000000e560                viCloseDisplay
 *fill*         0x000000000000e664        0xc 
 .text.viCloseLayer
                0x000000000000e670      0x104 /opt/devkitpro/libnx/lib/libnx.a(vi.o)
                0x000000000000e670                viCloseLayer
 *fill*         0x000000000000e774        0xc 
 .text.viCreateLayer
                0x000000000000e780      0x334 /opt/devkitpro/libnx/lib/libnx.a(vi.o)
                0x000000000000e780                viCreateLayer
 *fill*         0x000000000000eab4        0xc 
 .text.viSetLayerScalingMode
                0x000000000000eac0       0xe8 /opt/devkitpro/libnx/lib/libnx.a(vi.o)
                0x000000000000eac0                viSetLayerScalingMode
 *fill*         0x000000000000eba8        0x8 
 .text.ipcPrepareHeader
                0x000000000000ebb0      0x220 /opt/devkitpro/libnx/lib/libnx.a(fs.o)
 .text.ipcParse
                0x000000000000edd0      0x22c /opt/devkitpro/libnx/lib/libnx.a(fs.o)
 *fill*         0x000000000000effc        0x4 
 .text.serviceIpcParse
                0x000000000000f000       0xb0 /opt/devkitpro/libnx/lib/libnx.a(fs.o)
 .text.ipcCloseObjectById
                0x000000000000f0b0       0x34 /opt/devkitpro/libnx/lib/libnx.a(fs.o)
 *fill*         0x000000000000f0e4        0xc 
 .text.fsInitialize
                0x000000000000f0f0      0x200 /opt/devkitpro/libnx/lib/libnx.a(fs.o)
                0x000000000000f0f0                fsInitialize
 .text.fsExit   0x000000000000f2f0       0x9c /opt/devkitpro/libnx/lib/libnx.a(fs.o)
                0x000000000000f2f0                fsExit
 *fill*         0x000000000000f38c        0x4 
 .text.fsMountSdcard
                0x000000000000f390      0x13c /opt/devkitpro/libnx/lib/libnx.a(fs.o)
                0x000000000000f390                fsMountSdcard
 *fill*         0x000000000000f4cc        0x4 
 .text.fsFsCreateFile
                0x000000000000f4d0      0x120 /opt/devkitpro/libnx/lib/libnx.a(fs.o)
                0x000000000000f4d0                fsFsCreateFile
 .text.fsFsDeleteFile
                0x000000000000f5f0      0x118 /opt/devkitpro/libnx/lib/libnx.a(fs.o)
                0x000000000000f5f0                fsFsDeleteFile
 *fill*         0x000000000000f708        0x8 
 .text.fsFsCreateDirectory
                0x000000000000f710      0x118 /opt/devkitpro/libnx/lib/libnx.a(fs.o)
                0x000000000000f710                fsFsCreateDirectory
 *fill*         0x000000000000f828        0x8 
 .text.fsFsDeleteDirectory
                0x000000000000f830      0x118 /opt/devkitpro/libnx/lib/libnx.a(fs.o)
                0x000000000000f830                fsFsDeleteDirectory
 *fill*         0x000000000000f948        0x8 
 .text.fsFsRenameFile
                0x000000000000f950      0x190 /opt/devkitpro/libnx/lib/libnx.a(fs.o)
                0x000000000000f950                fsFsRenameFile
 .text.fsFsRenameDirectory
                0x000000000000fae0      0x190 /opt/devkitpro/libnx/lib/libnx.a(fs.o)
                0x000000000000fae0                fsFsRenameDirectory
 .text.fsFsGetEntryType
                0x000000000000fc70      0x12c /opt/devkitpro/libnx/lib/libnx.a(fs.o)
                0x000000000000fc70                fsFsGetEntryType
 *fill*         0x000000000000fd9c        0x4 
 .text.fsFsOpenFile
                0x000000000000fda0      0x150 /opt/devkitpro/libnx/lib/libnx.a(fs.o)
                0x000000000000fda0                fsFsOpenFile
 .text.fsFsOpenDirectory
                0x000000000000fef0      0x150 /opt/devkitpro/libnx/lib/libnx.a(fs.o)
                0x000000000000fef0                fsFsOpenDirectory
 .text.fsFsGetFreeSpace
                0x0000000000010040      0x12c /opt/devkitpro/libnx/lib/libnx.a(fs.o)
                0x0000000000010040                fsFsGetFreeSpace
 *fill*         0x000000000001016c        0x4 
 .text.fsFsGetTotalSpace
                0x0000000000010170      0x12c /opt/devkitpro/libnx/lib/libnx.a(fs.o)
                0x0000000000010170                fsFsGetTotalSpace
 *fill*         0x000000000001029c        0x4 
 .text.fsFsGetFileTimeStampRaw
                0x00000000000102a0      0x190 /opt/devkitpro/libnx/lib/libnx.a(fs.o)
                0x00000000000102a0                fsFsGetFileTimeStampRaw
 .text.fsFsClose
                0x0000000000010430       0x6c /opt/devkitpro/libnx/lib/libnx.a(fs.o)
                0x0000000000010430                fsFsClose
 *fill*         0x000000000001049c        0x4 
 .text.fsFileRead
                0x00000000000104a0      0x170 /opt/devkitpro/libnx/lib/libnx.a(fs.o)
                0x00000000000104a0                fsFileRead
 .text.fsFileWrite
                0x0000000000010610      0x10c /opt/devkitpro/libnx/lib/libnx.a(fs.o)
                0x0000000000010610                fsFileWrite
 *fill*         0x000000000001071c        0x4 
 .text.fsFileFlush
                0x0000000000010720       0xe8 /opt/devkitpro/libnx/lib/libnx.a(fs.o)
                0x0000000000010720                fsFileFlush
 *fill*         0x0000000000010808        0x8 
 .text.fsFileSetSize
                0x0000000000010810       0xf0 /opt/devkitpro/libnx/lib/libnx.a(fs.o)
                0x0000000000010810                fsFileSetSize
 .text.fsFileGetSize
                0x0000000000010900      0x100 /opt/devkitpro/libnx/lib/libnx.a(fs.o)
                0x0000000000010900                fsFileGetSize
 .text.fsFileClose
                0x0000000000010a00       0x6c /opt/devkitpro/libnx/lib/libnx.a(fs.o)
                0x0000000000010a00                fsFileClose
 *fill*         0x0000000000010a6c        0x4 
 .text.fsDirClose
                0x0000000000010a70       0x6c /opt/devkitpro/libnx/lib/libnx.a(fs.o)
                0x0000000000010a70                fsDirClose
 *fill*         0x0000000000010adc        0x4 
 .text.fsDirRead
                0x0000000000010ae0      0x16c /opt/devkitpro/libnx/lib/libnx.a(fs.o)
                0x0000000000010ae0                fsDirRead
 *fill*         0x0000000000010c4c        0x4 
 .text.ipcCloseObjectById
                0x0000000000010c50       0x34 /opt/devkitpro/libnx/lib/libnx.a(nv.o)
 *fill*         0x0000000000010c84        0xc 
 .text.ipcQueryPointerBufferSize.constprop.10
                0x0000000000010c90       0xc8 /opt/devkitpro/libnx/lib/libnx.a(nv.o)
 *fill*         0x0000000000010d58        0x8 
 .text.ipcCloneSession.constprop.9
                0x0000000000010d60      0x10c /opt/devkitpro/libnx/lib/libnx.a(nv.o)
 *fill*         0x0000000000010e6c        0x4 
 .text._nvSetClientPID
                0x0000000000010e70       0xd8 /opt/devkitpro/libnx/lib/libnx.a(nv.o)
 *fill*         0x0000000000010f48        0x8 
 .text._nvInitialize.constprop.8
                0x0000000000010f50       0xf0 /opt/devkitpro/libnx/lib/libnx.a(nv.o)
 .text.nvExit   0x0000000000011040      0x100 /opt/devkitpro/libnx/lib/libnx.a(nv.o)
                0x0000000000011040                nvExit
 .text.nvInitialize
                0x0000000000011140      0x184 /opt/devkitpro/libnx/lib/libnx.a(nv.o)
                0x0000000000011140                nvInitialize
 *fill*         0x00000000000112c4        0xc 
 .text.nvConvertError
                0x00000000000112d0      0x12c /opt/devkitpro/libnx/lib/libnx.a(nv.o)
                0x00000000000112d0                nvConvertError
 *fill*         0x00000000000113fc        0x4 
 .text.nvOpen   0x0000000000011400      0x12c /opt/devkitpro/libnx/lib/libnx.a(nv.o)
                0x0000000000011400                nvOpen
 *fill*         0x000000000001152c        0x4 
 .text.nvIoctl  0x0000000000011530      0x270 /opt/devkitpro/libnx/lib/libnx.a(nv.o)
                0x0000000000011530                nvIoctl
 .text.nvClose  0x00000000000117a0       0xdc /opt/devkitpro/libnx/lib/libnx.a(nv.o)
                0x00000000000117a0                nvClose
 *fill*         0x000000000001187c        0x4 
 .text.nvQueryEvent
                0x0000000000011880      0x15c /opt/devkitpro/libnx/lib/libnx.a(nv.o)
                0x0000000000011880                nvQueryEvent
 *fill*         0x00000000000119dc        0x4 
 .text._nvFenceEventWaitCommon
                0x00000000000119e0       0x60 /opt/devkitpro/libnx/lib/libnx.a(fence.o)
 .text.nvFenceInit
                0x0000000000011a40       0x5c /opt/devkitpro/libnx/lib/libnx.a(fence.o)
                0x0000000000011a40                nvFenceInit
 *fill*         0x0000000000011a9c        0x4 
 .text.nvFenceExit
                0x0000000000011aa0       0x98 /opt/devkitpro/libnx/lib/libnx.a(fence.o)
                0x0000000000011aa0                nvFenceExit
 *fill*         0x0000000000011b38        0x8 
 .text.nvFenceWait
                0x0000000000011b40      0x1e0 /opt/devkitpro/libnx/lib/libnx.a(fence.o)
                0x0000000000011b40                nvFenceWait
 .text.nvMultiFenceWait
                0x0000000000011d20       0x7c /opt/devkitpro/libnx/lib/libnx.a(fence.o)
                0x0000000000011d20                nvMultiFenceWait
 *fill*         0x0000000000011d9c        0x4 
 .text.nvMapInit
                0x0000000000011da0       0x6c /opt/devkitpro/libnx/lib/libnx.a(map.o)
                0x0000000000011da0                nvMapInit
 *fill*         0x0000000000011e0c        0x4 
 .text.nvMapExit
                0x0000000000011e10       0x68 /opt/devkitpro/libnx/lib/libnx.a(map.o)
                0x0000000000011e10                nvMapExit
 *fill*         0x0000000000011e78        0x8 
 .text.nvMapClose
                0x0000000000011e80       0x84 /opt/devkitpro/libnx/lib/libnx.a(map.o)
                0x0000000000011e80                nvMapClose
 *fill*         0x0000000000011f04        0xc 
 .text.nvMapCreate
                0x0000000000011f10      0x150 /opt/devkitpro/libnx/lib/libnx.a(map.o)
                0x0000000000011f10                nvMapCreate
 .text.nvioctlNvhostCtrl_EventSignal
                0x0000000000012060       0x24 /opt/devkitpro/libnx/lib/libnx.a(nvhost-ctrl.o)
                0x0000000000012060                nvioctlNvhostCtrl_EventSignal
 *fill*         0x0000000000012084        0xc 
 .text.nvioctlNvhostCtrl_EventWait
                0x0000000000012090       0x3c /opt/devkitpro/libnx/lib/libnx.a(nvhost-ctrl.o)
                0x0000000000012090                nvioctlNvhostCtrl_EventWait
 *fill*         0x00000000000120cc        0x4 
 .text.nvioctlNvhostCtrl_EventWaitAsync
                0x00000000000120d0       0x28 /opt/devkitpro/libnx/lib/libnx.a(nvhost-ctrl.o)
                0x00000000000120d0                nvioctlNvhostCtrl_EventWaitAsync
 *fill*         0x00000000000120f8        0x8 
 .text.nvioctlNvhostCtrl_EventRegister
                0x0000000000012100       0x24 /opt/devkitpro/libnx/lib/libnx.a(nvhost-ctrl.o)
                0x0000000000012100                nvioctlNvhostCtrl_EventRegister
 *fill*         0x0000000000012124        0xc 
 .text.nvioctlNvhostCtrl_EventUnregister
                0x0000000000012130       0x24 /opt/devkitpro/libnx/lib/libnx.a(nvhost-ctrl.o)
                0x0000000000012130                nvioctlNvhostCtrl_EventUnregister
 *fill*         0x0000000000012154        0xc 
 .text.nvioctlNvmap_Create
                0x0000000000012160       0x3c /opt/devkitpro/libnx/lib/libnx.a(nvmap.o)
                0x0000000000012160                nvioctlNvmap_Create
 *fill*         0x000000000001219c        0x4 
 .text.nvioctlNvmap_Alloc
                0x00000000000121a0       0x30 /opt/devkitpro/libnx/lib/libnx.a(nvmap.o)
                0x00000000000121a0                nvioctlNvmap_Alloc
 .text.nvioctlNvmap_Free
                0x00000000000121d0       0x30 /opt/devkitpro/libnx/lib/libnx.a(nvmap.o)
                0x00000000000121d0                nvioctlNvmap_Free
 .text.nvioctlNvmap_GetId
                0x0000000000012200       0x3c /opt/devkitpro/libnx/lib/libnx.a(nvmap.o)
                0x0000000000012200                nvioctlNvmap_GetId
 *fill*         0x000000000001223c        0x4 
 .text.bqRequestBuffer
                0x0000000000012240       0xe8 /opt/devkitpro/libnx/lib/libnx.a(buffer_producer.o)
                0x0000000000012240                bqRequestBuffer
 *fill*         0x0000000000012328        0x8 
 .text.bqDequeueBuffer
                0x0000000000012330      0x154 /opt/devkitpro/libnx/lib/libnx.a(buffer_producer.o)
                0x0000000000012330                bqDequeueBuffer
 *fill*         0x0000000000012484        0xc 
 .text.bqDetachBuffer
                0x0000000000012490       0x9c /opt/devkitpro/libnx/lib/libnx.a(buffer_producer.o)
                0x0000000000012490                bqDetachBuffer
 *fill*         0x000000000001252c        0x4 
 .text.bqQueueBuffer
                0x0000000000012530       0xe0 /opt/devkitpro/libnx/lib/libnx.a(buffer_producer.o)
                0x0000000000012530                bqQueueBuffer
 .text.bqCancelBuffer
                0x0000000000012610       0x90 /opt/devkitpro/libnx/lib/libnx.a(buffer_producer.o)
                0x0000000000012610                bqCancelBuffer
 .text.bqConnect
                0x00000000000126a0       0xe4 /opt/devkitpro/libnx/lib/libnx.a(buffer_producer.o)
                0x00000000000126a0                bqConnect
 *fill*         0x0000000000012784        0xc 
 .text.bqDisconnect
                0x0000000000012790       0x9c /opt/devkitpro/libnx/lib/libnx.a(buffer_producer.o)
                0x0000000000012790                bqDisconnect
 *fill*         0x000000000001282c        0x4 
 .text.bqSetPreallocatedBuffer
                0x0000000000012830      0x178 /opt/devkitpro/libnx/lib/libnx.a(buffer_producer.o)
                0x0000000000012830                bqSetPreallocatedBuffer
 *fill*         0x00000000000129a8        0x8 
 .text._binderTransactParcelAuto
                0x00000000000129b0      0x248 /opt/devkitpro/libnx/lib/libnx.a(binder.o)
 *fill*         0x0000000000012bf8        0x8 
 .text.ipcQueryPointerBufferSize
                0x0000000000012c00       0xc8 /opt/devkitpro/libnx/lib/libnx.a(binder.o)
 *fill*         0x0000000000012cc8        0x8 
 .text._binderTransactParcel
                0x0000000000012cd0      0x138 /opt/devkitpro/libnx/lib/libnx.a(binder.o)
 *fill*         0x0000000000012e08        0x8 
 .text.binderCreate
                0x0000000000012e10       0x14 /opt/devkitpro/libnx/lib/libnx.a(binder.o)
                0x0000000000012e10                binderCreate
 *fill*         0x0000000000012e24        0xc 
 .text.binderTransactParcel
                0x0000000000012e30       0x10 /opt/devkitpro/libnx/lib/libnx.a(binder.o)
                0x0000000000012e30                binderTransactParcel
 .text.binderConvertErrorCode
                0x0000000000012e40      0x124 /opt/devkitpro/libnx/lib/libnx.a(binder.o)
                0x0000000000012e40                binderConvertErrorCode
 *fill*         0x0000000000012f64        0xc 
 .text.binderAdjustRefcount
                0x0000000000012f70       0xe8 /opt/devkitpro/libnx/lib/libnx.a(binder.o)
                0x0000000000012f70                binderAdjustRefcount
 *fill*         0x0000000000013058        0x8 
 .text.binderClose
                0x0000000000013060       0x74 /opt/devkitpro/libnx/lib/libnx.a(binder.o)
                0x0000000000013060                binderClose
 *fill*         0x00000000000130d4        0xc 
 .text.binderInitSession
                0x00000000000130e0       0xc4 /opt/devkitpro/libnx/lib/libnx.a(binder.o)
                0x00000000000130e0                binderInitSession
 *fill*         0x00000000000131a4        0xc 
 .text.binderGetNativeHandle
                0x00000000000131b0      0x144 /opt/devkitpro/libnx/lib/libnx.a(binder.o)
                0x00000000000131b0                binderGetNativeHandle
 *fill*         0x00000000000132f4        0xc 
 .text.parcelCreate
                0x0000000000013300       0x28 /opt/devkitpro/libnx/lib/libnx.a(parcel.o)
                0x0000000000013300                parcelCreate
 *fill*         0x0000000000013328        0x8 
 .text.parcelTransact
                0x0000000000013330      0x19c /opt/devkitpro/libnx/lib/libnx.a(parcel.o)
                0x0000000000013330                parcelTransact
 *fill*         0x00000000000134cc        0x4 
 .text.parcelWriteData
                0x00000000000134d0       0x88 /opt/devkitpro/libnx/lib/libnx.a(parcel.o)
                0x00000000000134d0                parcelWriteData
 *fill*         0x0000000000013558        0x8 
 .text.parcelReadData
                0x0000000000013560       0x98 /opt/devkitpro/libnx/lib/libnx.a(parcel.o)
                0x0000000000013560                parcelReadData
 *fill*         0x00000000000135f8        0x8 
 .text.parcelWriteInt32
                0x0000000000013600       0x20 /opt/devkitpro/libnx/lib/libnx.a(parcel.o)
                0x0000000000013600                parcelWriteInt32
 .text.parcelWriteUInt32
                0x0000000000013620       0x20 /opt/devkitpro/libnx/lib/libnx.a(parcel.o)
                0x0000000000013620                parcelWriteUInt32
 .text.parcelWriteString16
                0x0000000000013640       0x80 /opt/devkitpro/libnx/lib/libnx.a(parcel.o)
                0x0000000000013640                parcelWriteString16
 .text.parcelWriteInterfaceToken
                0x00000000000136c0       0x30 /opt/devkitpro/libnx/lib/libnx.a(parcel.o)
                0x00000000000136c0                parcelWriteInterfaceToken
 .text.parcelReadInt32
                0x00000000000136f0       0x24 /opt/devkitpro/libnx/lib/libnx.a(parcel.o)
                0x00000000000136f0                parcelReadInt32
 *fill*         0x0000000000013714        0xc 
 .text.parcelReadFlattenedObject
                0x0000000000013720       0x68 /opt/devkitpro/libnx/lib/libnx.a(parcel.o)
                0x0000000000013720                parcelReadFlattenedObject
 *fill*         0x0000000000013788        0x8 
 .text.parcelWriteFlattenedObject
                0x0000000000013790       0x44 /opt/devkitpro/libnx/lib/libnx.a(parcel.o)
                0x0000000000013790                parcelWriteFlattenedObject
 *fill*         0x00000000000137d4        0xc 
 .text.nxlinkSetup
                0x00000000000137e0       0xc4 /opt/devkitpro/libnx/lib/libnx.a(nxlink.o)
                0x00000000000137e0                nxlinkSetup
 *fill*         0x00000000000138a4        0x4 
 .text.aligned_alloc
                0x00000000000138a8       0x38 /opt/devkitpro/devkitA64/lib/gcc/aarch64-none-elf/8.2.0/../../../../aarch64-none-elf/lib/pic/libg.a(lib_a-aligned_alloc.o)
                0x00000000000138a8                aligned_alloc
 .text.bsearch  0x00000000000138e0       0xb8 /opt/devkitpro/devkitA64/lib/gcc/aarch64-none-elf/8.2.0/../../../../aarch64-none-elf/lib/pic/libg.a(lib_a-bsearch.o)
                0x00000000000138e0                bsearch
 .text.calloc   0x0000000000013998       0x30 /opt/devkitpro/devkitA64/lib/gcc/aarch64-none-elf/8.2.0/../../../../aarch64-none-elf/lib/pic/libg.a(lib_a-calloc.o)
                0x0000000000013998                calloc
 .text._calloc_r
                0x00000000000139c8       0x94 /opt/devkitpro/devkitA64/lib/gcc/aarch64-none-elf/8.2.0/../../../../aarch64-none-elf/lib/pic/libg.a(lib_a-callocr.o)
                0x00000000000139c8                _calloc_r
 *fill*         0x0000000000013a5c        0x4 
 .text.__errno  0x0000000000013a60       0x14 /opt/devkitpro/devkitA64/lib/gcc/aarch64-none-elf/8.2.0/../../../../aarch64-none-elf/lib/pic/libg.a(lib_a-errno.o)
                0x0000000000013a60                __errno
 *fill*         0x0000000000013a74        0x4 
 .text._fclose_r
                0x0000000000013a78      0x15c /opt/devkitpro/devkitA64/lib/gcc/aarch64-none-elf/8.2.0/../../../../aarch64-none-elf/lib/pic/libg.a(lib_a-fclose.o)
                0x0000000000013a78                _fclose_r
 *fill*         0x0000000000013bd4        0x4 
 .text.fclose   0x0000000000013bd8       0x1c /opt/devkitpro/devkitA64/lib/gcc/aarch64-none-elf/8.2.0/../../../../aarch64-none-elf/lib/pic/libg.a(lib_a-fclose.o)
                0x0000000000013bd8                fclose
 *fill*         0x0000000000013bf4        0x4 
 .text.__sflush_r
                0x0000000000013bf8      0x214 /opt/devkitpro/devkitA64/lib/gcc/aarch64-none-elf/8.2.0/../../../../aarch64-none-elf/lib/pic/libg.a(lib_a-fflush.o)
                0x0000000000013bf8                __sflush_r
 *fill*         0x0000000000013e0c        0x4 
 .text._fflush_r
                0x0000000000013e10       0xb8 /opt/devkitpro/devkitA64/lib/gcc/aarch64-none-elf/8.2.0/../../../../aarch64-none-elf/lib/pic/libg.a(lib_a-fflush.o)
                0x0000000000013e10                _fflush_r
 .text.fflush   0x0000000000013ec8       0x40 /opt/devkitpro/devkitA64/lib/gcc/aarch64-none-elf/8.2.0/../../../../aarch64-none-elf/lib/pic/libg.a(lib_a-fflush.o)
                0x0000000000013ec8                fflush
 .text.std      0x0000000000013f08       0x78 /opt/devkitpro/devkitA64/lib/gcc/aarch64-none-elf/8.2.0/../../../../aarch64-none-elf/lib/pic/libg.a(lib_a-findfp.o)
 .text._cleanup_r
                0x0000000000013f80        0xc /opt/devkitpro/devkitA64/lib/gcc/aarch64-none-elf/8.2.0/../../../../aarch64-none-elf/lib/pic/libg.a(lib_a-findfp.o)
                0x0000000000013f80                _cleanup_r
 *fill*         0x0000000000013f8c        0x4 
 .text.__sfmoreglue
                0x0000000000013f90       0x60 /opt/devkitpro/devkitA64/lib/gcc/aarch64-none-elf/8.2.0/../../../../aarch64-none-elf/lib/pic/libg.a(lib_a-findfp.o)
                0x0000000000013f90                __sfmoreglue
 .text.__sfp_lock_acquire
                0x0000000000013ff0        0xc /opt/devkitpro/devkitA64/lib/gcc/aarch64-none-elf/8.2.0/../../../../aarch64-none-elf/lib/pic/libg.a(lib_a-findfp.o)
                0x0000000000013ff0                __sfp_lock_acquire
 *fill*         0x0000000000013ffc        0x4 
 .text.__sfp_lock_release
                0x0000000000014000        0xc /opt/devkitpro/devkitA64/lib/gcc/aarch64-none-elf/8.2.0/../../../../aarch64-none-elf/lib/pic/libg.a(lib_a-findfp.o)
                0x0000000000014000                __sfp_lock_release
 *fill*         0x000000000001400c        0x4 
 .text.__sinit_lock_acquire
                0x0000000000014010        0xc /opt/devkitpro/devkitA64/lib/gcc/aarch64-none-elf/8.2.0/../../../../aarch64-none-elf/lib/pic/libg.a(lib_a-findfp.o)
                0x0000000000014010                __sinit_lock_acquire
 *fill*         0x000000000001401c        0x4 
 .text.__sinit_lock_release
                0x0000000000014020        0xc /opt/devkitpro/devkitA64/lib/gcc/aarch64-none-elf/8.2.0/../../../../aarch64-none-elf/lib/pic/libg.a(lib_a-findfp.o)
                0x0000000000014020                __sinit_lock_release
 *fill*         0x000000000001402c        0x4 
 .text.__sinit  0x0000000000014030       0x80 /opt/devkitpro/devkitA64/lib/gcc/aarch64-none-elf/8.2.0/../../../../aarch64-none-elf/lib/pic/libg.a(lib_a-findfp.o)
                0x0000000000014030                __sinit
 .text.__sfp    0x00000000000140b0      0x118 /opt/devkitpro/devkitA64/lib/gcc/aarch64-none-elf/8.2.0/../../../../aarch64-none-elf/lib/pic/libg.a(lib_a-findfp.o)
                0x00000000000140b0                __sfp
 .text.__libc_fini_array
                0x00000000000141c8       0x44 /opt/devkitpro/devkitA64/lib/gcc/aarch64-none-elf/8.2.0/../../../../aarch64-none-elf/lib/pic/libg.a(lib_a-fini.o)
                0x00000000000141c8                __libc_fini_array
 *fill*         0x000000000001420c        0x4 
 .text._fopen_r
                0x0000000000014210      0x130 /opt/devkitpro/devkitA64/lib/gcc/aarch64-none-elf/8.2.0/../../../../aarch64-none-elf/lib/pic/libg.a(lib_a-fopen.o)
                0x0000000000014210                _fopen_r
 .text.fopen    0x0000000000014340       0x30 /opt/devkitpro/devkitA64/lib/gcc/aarch64-none-elf/8.2.0/../../../../aarch64-none-elf/lib/pic/libg.a(lib_a-fopen.o)
                0x0000000000014340                fopen
 .text._fread_r
                0x0000000000014370      0x328 /opt/devkitpro/devkitA64/lib/gcc/aarch64-none-elf/8.2.0/../../../../aarch64-none-elf/lib/pic/libg.a(lib_a-fread.o)
                0x0000000000014370                _fread_r
 .text.fread    0x0000000000014698       0x40 /opt/devkitpro/devkitA64/lib/gcc/aarch64-none-elf/8.2.0/../../../../aarch64-none-elf/lib/pic/libg.a(lib_a-fread.o)
                0x0000000000014698                fread
 .text._malloc_trim_r
                0x00000000000146d8      0x118 /opt/devkitpro/devkitA64/lib/gcc/aarch64-none-elf/8.2.0/../../../../aarch64-none-elf/lib/pic/libg.a(lib_a-freer.o)
                0x00000000000146d8                _malloc_trim_r
 .text._free_r  0x00000000000147f0      0x2f4 /opt/devkitpro/devkitA64/lib/gcc/aarch64-none-elf/8.2.0/../../../../aarch64-none-elf/lib/pic/libg.a(lib_a-freer.o)
                0x00000000000147f0                _free_r
 *fill*         0x0000000000014ae4        0x4 
 .text._fseek_r
                0x0000000000014ae8        0x4 /opt/devkitpro/devkitA64/lib/gcc/aarch64-none-elf/8.2.0/../../../../aarch64-none-elf/lib/pic/libg.a(lib_a-fseek.o)
                0x0000000000014ae8                _fseek_r
 *fill*         0x0000000000014aec        0x4 
 .text.fseek    0x0000000000014af0       0x3c /opt/devkitpro/devkitA64/lib/gcc/aarch64-none-elf/8.2.0/../../../../aarch64-none-elf/lib/pic/libg.a(lib_a-fseek.o)
                0x0000000000014af0                fseek
 *fill*         0x0000000000014b2c        0x4 
 .text._fseeko_r
                0x0000000000014b30      0x4c4 /opt/devkitpro/devkitA64/lib/gcc/aarch64-none-elf/8.2.0/../../../../aarch64-none-elf/lib/pic/libg.a(lib_a-fseeko.o)
                0x0000000000014b30                _fseeko_r
 *fill*         0x0000000000014ff4        0x4 
 .text._ftell_r
                0x0000000000014ff8        0x4 /opt/devkitpro/devkitA64/lib/gcc/aarch64-none-elf/8.2.0/../../../../aarch64-none-elf/lib/pic/libg.a(lib_a-ftell.o)
                0x0000000000014ff8                _ftell_r
 *fill*         0x0000000000014ffc        0x4 
 .text.ftell    0x0000000000015000       0x1c /opt/devkitpro/devkitA64/lib/gcc/aarch64-none-elf/8.2.0/../../../../aarch64-none-elf/lib/pic/libg.a(lib_a-ftell.o)
                0x0000000000015000                ftell
 *fill*         0x000000000001501c        0x4 
 .text._ftello_r
                0x0000000000015020      0x164 /opt/devkitpro/devkitA64/lib/gcc/aarch64-none-elf/8.2.0/../../../../aarch64-none-elf/lib/pic/libg.a(lib_a-ftello.o)
                0x0000000000015020                _ftello_r
 *fill*         0x0000000000015184        0x4 
 .text._fwalk   0x0000000000015188       0xb8 /opt/devkitpro/devkitA64/lib/gcc/aarch64-none-elf/8.2.0/../../../../aarch64-none-elf/lib/pic/libg.a(lib_a-fwalk.o)
                0x0000000000015188                _fwalk
 .text._fwalk_reent
                0x0000000000015240       0xbc /opt/devkitpro/devkitA64/lib/gcc/aarch64-none-elf/8.2.0/../../../../aarch64-none-elf/lib/pic/libg.a(lib_a-fwalk.o)
                0x0000000000015240                _fwalk_reent
 *fill*         0x00000000000152fc        0x4 
 .text.__libc_init_array
                0x0000000000015300       0x8c /opt/devkitpro/devkitA64/lib/gcc/aarch64-none-elf/8.2.0/../../../../aarch64-none-elf/lib/pic/libg.a(lib_a-init.o)
                0x0000000000015300                __libc_init_array
 *fill*         0x000000000001538c        0x4 
 .text.__locale_mb_cur_max
                0x0000000000015390       0x2c /opt/devkitpro/devkitA64/lib/gcc/aarch64-none-elf/8.2.0/../../../../aarch64-none-elf/lib/pic/libg.a(lib_a-locale.o)
                0x0000000000015390                __locale_mb_cur_max
 *fill*         0x00000000000153bc        0x4 
 .text.__locale_ctype_ptr_l
                0x00000000000153c0        0x8 /opt/devkitpro/devkitA64/lib/gcc/aarch64-none-elf/8.2.0/../../../../aarch64-none-elf/lib/pic/libg.a(lib_a-locale.o)
                0x00000000000153c0                __locale_ctype_ptr_l
 .text.__locale_ctype_ptr
                0x00000000000153c8       0x2c /opt/devkitpro/devkitA64/lib/gcc/aarch64-none-elf/8.2.0/../../../../aarch64-none-elf/lib/pic/libg.a(lib_a-locale.o)
                0x00000000000153c8                __locale_ctype_ptr
 *fill*         0x00000000000153f4        0x4 
 .text.__swhatbuf_r
                0x00000000000153f8       0xa4 /opt/devkitpro/devkitA64/lib/gcc/aarch64-none-elf/8.2.0/../../../../aarch64-none-elf/lib/pic/libg.a(lib_a-makebuf.o)
                0x00000000000153f8                __swhatbuf_r
 *fill*         0x000000000001549c        0x4 
 .text.__smakebuf_r
                0x00000000000154a0      0x10c /opt/devkitpro/devkitA64/lib/gcc/aarch64-none-elf/8.2.0/../../../../aarch64-none-elf/lib/pic/libg.a(lib_a-makebuf.o)
                0x00000000000154a0                __smakebuf_r
 *fill*         0x00000000000155ac        0x4 
 .text.memalign
                0x00000000000155b0       0x30 /opt/devkitpro/devkitA64/lib/gcc/aarch64-none-elf/8.2.0/../../../../aarch64-none-elf/lib/pic/libg.a(lib_a-malign.o)
                0x00000000000155b0                memalign
 .text._memalign_r
                0x00000000000155e0      0x198 /opt/devkitpro/devkitA64/lib/gcc/aarch64-none-elf/8.2.0/../../../../aarch64-none-elf/lib/pic/libg.a(lib_a-malignr.o)
                0x00000000000155e0                _memalign_r
 .text.malloc   0x0000000000015778       0x1c /opt/devkitpro/devkitA64/lib/gcc/aarch64-none-elf/8.2.0/../../../../aarch64-none-elf/lib/pic/libg.a(lib_a-malloc.o)
                0x0000000000015778                malloc
 *fill*         0x0000000000015794        0x4 
 .text.free     0x0000000000015798       0x1c /opt/devkitpro/devkitA64/lib/gcc/aarch64-none-elf/8.2.0/../../../../aarch64-none-elf/lib/pic/libg.a(lib_a-malloc.o)
                0x0000000000015798                free
 *fill*         0x00000000000157b4        0x4 
 .text._malloc_r
                0x00000000000157b8      0x844 /opt/devkitpro/devkitA64/lib/gcc/aarch64-none-elf/8.2.0/../../../../aarch64-none-elf/lib/pic/libg.a(lib_a-mallocr.o)
                0x00000000000157b8                _malloc_r
 *fill*         0x0000000000015ffc        0x4 
 .text.__utf8_mbtowc
                0x0000000000016000      0x2c8 /opt/devkitpro/devkitA64/lib/gcc/aarch64-none-elf/8.2.0/../../../../aarch64-none-elf/lib/pic/libg.a(lib_a-mbtowc_r.o)
                0x0000000000016000                __utf8_mbtowc
 .text          0x00000000000162c8       0xd8 /opt/devkitpro/devkitA64/lib/gcc/aarch64-none-elf/8.2.0/../../../../aarch64-none-elf/lib/pic/libg.a(lib_a-memchr.o)
                0x00000000000162c8                memchr
 *fill*         0x00000000000163a0       0x20 
 .text          0x00000000000163c0      0x16c /opt/devkitpro/devkitA64/lib/gcc/aarch64-none-elf/8.2.0/../../../../aarch64-none-elf/lib/pic/libg.a(lib_a-memcpy.o)
                0x00000000000163c0                memcpy
 *fill*         0x000000000001652c       0x14 
 .text          0x0000000000016540      0x1d8 /opt/devkitpro/devkitA64/lib/gcc/aarch64-none-elf/8.2.0/../../../../aarch64-none-elf/lib/pic/libg.a(lib_a-memset.o)
                0x0000000000016540                memset
 .text.__malloc_lock
                0x0000000000016718        0xc /opt/devkitpro/devkitA64/lib/gcc/aarch64-none-elf/8.2.0/../../../../aarch64-none-elf/lib/pic/libg.a(lib_a-mlock.o)
                0x0000000000016718                __malloc_lock
 *fill*         0x0000000000016724        0x4 
 .text.__malloc_unlock
                0x0000000000016728        0xc /opt/devkitpro/devkitA64/lib/gcc/aarch64-none-elf/8.2.0/../../../../aarch64-none-elf/lib/pic/libg.a(lib_a-mlock.o)
                0x0000000000016728                __malloc_unlock
 *fill*         0x0000000000016734        0x4 
 .text.printf   0x0000000000016738       0x8c /opt/devkitpro/devkitA64/lib/gcc/aarch64-none-elf/8.2.0/../../../../aarch64-none-elf/lib/pic/libg.a(lib_a-printf.o)
                0x0000000000016738                printf
 *fill*         0x00000000000167c4        0x4 
 .text._puts_r  0x00000000000167c8       0xd4 /opt/devkitpro/devkitA64/lib/gcc/aarch64-none-elf/8.2.0/../../../../aarch64-none-elf/lib/pic/libg.a(lib_a-puts.o)
                0x00000000000167c8                _puts_r
 *fill*         0x000000000001689c        0x4 
 .text.puts     0x00000000000168a0       0x1c /opt/devkitpro/devkitA64/lib/gcc/aarch64-none-elf/8.2.0/../../../../aarch64-none-elf/lib/pic/libg.a(lib_a-puts.o)
                0x00000000000168a0                puts
 *fill*         0x00000000000168bc        0x4 
 .text.lflush   0x00000000000168c0       0x20 /opt/devkitpro/devkitA64/lib/gcc/aarch64-none-elf/8.2.0/../../../../aarch64-none-elf/lib/pic/libg.a(lib_a-refill.o)
 .text.__srefill_r
                0x00000000000168e0      0x1d0 /opt/devkitpro/devkitA64/lib/gcc/aarch64-none-elf/8.2.0/../../../../aarch64-none-elf/lib/pic/libg.a(lib_a-refill.o)
                0x00000000000168e0                __srefill_r
 .text.setenv   0x0000000000016ab0       0x3c /opt/devkitpro/devkitA64/lib/gcc/aarch64-none-elf/8.2.0/../../../../aarch64-none-elf/lib/pic/libg.a(lib_a-setenv.o)
                0x0000000000016ab0                setenv
 *fill*         0x0000000000016aec        0x4 
 .text._setenv_r
                0x0000000000016af0      0x264 /opt/devkitpro/devkitA64/lib/gcc/aarch64-none-elf/8.2.0/../../../../aarch64-none-elf/lib/pic/libg.a(lib_a-setenv_r.o)
                0x0000000000016af0                _setenv_r
 *fill*         0x0000000000016d54        0x4 
 .text.setvbuf  0x0000000000016d58      0x25c /opt/devkitpro/devkitA64/lib/gcc/aarch64-none-elf/8.2.0/../../../../aarch64-none-elf/lib/pic/libg.a(lib_a-setvbuf.o)
                0x0000000000016d58                setvbuf
 *fill*         0x0000000000016fb4        0x4 
 .text.sscanf   0x0000000000016fb8       0xbc /opt/devkitpro/devkitA64/lib/gcc/aarch64-none-elf/8.2.0/../../../../aarch64-none-elf/lib/pic/libg.a(lib_a-sscanf.o)
                0x0000000000016fb8                sscanf
 *fill*         0x0000000000017074        0x4 
 .text.__sread  0x0000000000017078       0x50 /opt/devkitpro/devkitA64/lib/gcc/aarch64-none-elf/8.2.0/../../../../aarch64-none-elf/lib/pic/libg.a(lib_a-stdio.o)
                0x0000000000017078                __sread
 .text.__seofread
                0x00000000000170c8        0x8 /opt/devkitpro/devkitA64/lib/gcc/aarch64-none-elf/8.2.0/../../../../aarch64-none-elf/lib/pic/libg.a(lib_a-stdio.o)
                0x00000000000170c8                __seofread
 .text.__swrite
                0x00000000000170d0       0x6c /opt/devkitpro/devkitA64/lib/gcc/aarch64-none-elf/8.2.0/../../../../aarch64-none-elf/lib/pic/libg.a(lib_a-stdio.o)
                0x00000000000170d0                __swrite
 *fill*         0x000000000001713c        0x4 
 .text.__sseek  0x0000000000017140       0x50 /opt/devkitpro/devkitA64/lib/gcc/aarch64-none-elf/8.2.0/../../../../aarch64-none-elf/lib/pic/libg.a(lib_a-stdio.o)
                0x0000000000017140                __sseek
 .text.__sclose
                0x0000000000017190        0x8 /opt/devkitpro/devkitA64/lib/gcc/aarch64-none-elf/8.2.0/../../../../aarch64-none-elf/lib/pic/libg.a(lib_a-stdio.o)
                0x0000000000017190                __sclose
 .text.strcat   0x0000000000017198       0x74 /opt/devkitpro/devkitA64/lib/gcc/aarch64-none-elf/8.2.0/../../../../aarch64-none-elf/lib/pic/libg.a(lib_a-strcat.o)
                0x0000000000017198                strcat
 .text          0x000000000001720c       0xdc /opt/devkitpro/devkitA64/lib/gcc/aarch64-none-elf/8.2.0/../../../../aarch64-none-elf/lib/pic/libg.a(lib_a-strchr.o)
                0x000000000001720c                strchr
 *fill*         0x00000000000172e8       0x18 
 .text          0x0000000000017300       0xa4 /opt/devkitpro/devkitA64/lib/gcc/aarch64-none-elf/8.2.0/../../../../aarch64-none-elf/lib/pic/libg.a(lib_a-strcmp.o)
                0x0000000000017300                strcmp
 *fill*         0x00000000000173a4       0x1c 
 .text          0x00000000000173c0      0x1b8 /opt/devkitpro/devkitA64/lib/gcc/aarch64-none-elf/8.2.0/../../../../aarch64-none-elf/lib/pic/libg.a(lib_a-strcpy.o)
                0x00000000000173c0                strcpy
 .text._strerror_r
                0x0000000000017578      0x418 /opt/devkitpro/devkitA64/lib/gcc/aarch64-none-elf/8.2.0/../../../../aarch64-none-elf/lib/pic/libg.a(lib_a-strerror.o)
                0x0000000000017578                _strerror_r
 .text.strerror
                0x0000000000017990       0x24 /opt/devkitpro/devkitA64/lib/gcc/aarch64-none-elf/8.2.0/../../../../aarch64-none-elf/lib/pic/libg.a(lib_a-strerror.o)
                0x0000000000017990                strerror
 *fill*         0x00000000000179b4        0xc 
 .text          0x00000000000179c0      0x140 /opt/devkitpro/devkitA64/lib/gcc/aarch64-none-elf/8.2.0/../../../../aarch64-none-elf/lib/pic/libg.a(lib_a-strlen.o)
                0x00000000000179c0                strlen
 .text.strncat  0x0000000000017b00       0x84 /opt/devkitpro/devkitA64/lib/gcc/aarch64-none-elf/8.2.0/../../../../aarch64-none-elf/lib/pic/libg.a(lib_a-strncat.o)
                0x0000000000017b00                strncat
 *fill*         0x0000000000017b84       0x3c 
 .text          0x0000000000017bc0      0x124 /opt/devkitpro/devkitA64/lib/gcc/aarch64-none-elf/8.2.0/../../../../aarch64-none-elf/lib/pic/libg.a(lib_a-strncmp.o)
                0x0000000000017bdc                strncmp
 *fill*         0x0000000000017ce4        0x4 
 .text.strncpy  0x0000000000017ce8       0xa8 /opt/devkitpro/devkitA64/lib/gcc/aarch64-none-elf/8.2.0/../../../../aarch64-none-elf/lib/pic/libg.a(lib_a-strncpy.o)
                0x0000000000017ce8                strncpy
 *fill*         0x0000000000017d90       0x30 
 .text          0x0000000000017dc0       0xe0 /opt/devkitpro/devkitA64/lib/gcc/aarch64-none-elf/8.2.0/../../../../aarch64-none-elf/lib/pic/libg.a(lib_a-strnlen.o)
                0x0000000000017de4                strnlen
 .text.critical_factorization
                0x0000000000017ea0      0x120 /opt/devkitpro/devkitA64/lib/gcc/aarch64-none-elf/8.2.0/../../../../aarch64-none-elf/lib/pic/libg.a(lib_a-strstr.o)
 .text.two_way_long_needle
                0x0000000000017fc0      0x3b4 /opt/devkitpro/devkitA64/lib/gcc/aarch64-none-elf/8.2.0/../../../../aarch64-none-elf/lib/pic/libg.a(lib_a-strstr.o)
 *fill*         0x0000000000018374        0x4 
 .text.strstr   0x0000000000018378      0x364 /opt/devkitpro/devkitA64/lib/gcc/aarch64-none-elf/8.2.0/../../../../aarch64-none-elf/lib/pic/libg.a(lib_a-strstr.o)
                0x0000000000018378                strstr
 *fill*         0x00000000000186dc        0x4 
 .text._strtol_l.isra.0
                0x00000000000186e0      0x1d0 /opt/devkitpro/devkitA64/lib/gcc/aarch64-none-elf/8.2.0/../../../../aarch64-none-elf/lib/pic/libg.a(lib_a-strtol.o)
 .text._strtol_r
                0x00000000000188b0       0x48 /opt/devkitpro/devkitA64/lib/gcc/aarch64-none-elf/8.2.0/../../../../aarch64-none-elf/lib/pic/libg.a(lib_a-strtol.o)
                0x00000000000188b0                _strtol_r
 .text._strtoul_l.isra.0
                0x00000000000188f8      0x1e0 /opt/devkitpro/devkitA64/lib/gcc/aarch64-none-elf/8.2.0/../../../../aarch64-none-elf/lib/pic/libg.a(lib_a-strtoul.o)
 .text._strtoul_r
                0x0000000000018ad8       0x48 /opt/devkitpro/devkitA64/lib/gcc/aarch64-none-elf/8.2.0/../../../../aarch64-none-elf/lib/pic/libg.a(lib_a-strtoul.o)
                0x0000000000018ad8                _strtoul_r
 .text.strtoul  0x0000000000018b20       0x5c /opt/devkitpro/devkitA64/lib/gcc/aarch64-none-elf/8.2.0/../../../../aarch64-none-elf/lib/pic/libg.a(lib_a-strtoul.o)
                0x0000000000018b20                strtoul
 .text.get_arg  0x0000000000018b7c       0x5c /opt/devkitpro/devkitA64/lib/gcc/aarch64-none-elf/8.2.0/../../../../aarch64-none-elf/lib/pic/libg.a(lib_a-svfscanf.o)
 .text.__ssvfscanf_r
                0x0000000000018bd8     0x2f48 /opt/devkitpro/devkitA64/lib/gcc/aarch64-none-elf/8.2.0/../../../../aarch64-none-elf/lib/pic/libg.a(lib_a-svfscanf.o)
                0x0000000000018bd8                __ssvfscanf_r
 .text.close    0x000000000001bb20       0x1c /opt/devkitpro/devkitA64/lib/gcc/aarch64-none-elf/8.2.0/../../../../aarch64-none-elf/lib/pic/libg.a(lib_a-sysclose.o)
                0x000000000001bb20                close
 *fill*         0x000000000001bb3c        0x4 
 .text.write    0x000000000001bb40       0x38 /opt/devkitpro/devkitA64/lib/gcc/aarch64-none-elf/8.2.0/../../../../aarch64-none-elf/lib/pic/libg.a(lib_a-syswrite.o)
                0x000000000001bb40                write
 .text._user_strerror
                0x000000000001bb78        0x8 /opt/devkitpro/devkitA64/lib/gcc/aarch64-none-elf/8.2.0/../../../../aarch64-none-elf/lib/pic/libg.a(lib_a-u_strerr.o)
                0x000000000001bb78                _user_strerror
 .text.get_arg  0x000000000001bb80      0x76c /opt/devkitpro/devkitA64/lib/gcc/aarch64-none-elf/8.2.0/../../../../aarch64-none-elf/lib/pic/libg.a(lib_a-vfprintf.o)
 .text._vfprintf_r
                0x000000000001c2ec     0x3bfc /opt/devkitpro/devkitA64/lib/gcc/aarch64-none-elf/8.2.0/../../../../aarch64-none-elf/lib/pic/libg.a(lib_a-vfprintf.o)
                0x000000000001c2ec                _vfprintf_r
 .text.__sbprintf
                0x000000000001fee8       0xec /opt/devkitpro/devkitA64/lib/gcc/aarch64-none-elf/8.2.0/../../../../aarch64-none-elf/lib/pic/libg.a(lib_a-vfprintf.o)
 *fill*         0x000000000001ffd4        0x4 
 .text._wcrtomb_r
                0x000000000001ffd8       0xd0 /opt/devkitpro/devkitA64/lib/gcc/aarch64-none-elf/8.2.0/../../../../aarch64-none-elf/lib/pic/libg.a(lib_a-wcrtomb.o)
                0x000000000001ffd8                _wcrtomb_r
 .text._wcsrtombs_r
                0x00000000000200a8       0x10 /opt/devkitpro/devkitA64/lib/gcc/aarch64-none-elf/8.2.0/../../../../aarch64-none-elf/lib/pic/libg.a(lib_a-wcsrtombs.o)
                0x00000000000200a8                _wcsrtombs_r
 .text.__utf8_wctomb
                0x00000000000200b8       0xe4 /opt/devkitpro/devkitA64/lib/gcc/aarch64-none-elf/8.2.0/../../../../aarch64-none-elf/lib/pic/libg.a(lib_a-wctomb_r.o)
                0x00000000000200b8                __utf8_wctomb